Component: ARM Compiler 5.06 update 7 (build 960) Tool: armlink [4d3601]

==============================================================================

Section Cross References

    startup_stm32f103xe.o(RESET) refers to startup_stm32f103xe.o(STACK) for __initial_sp
    startup_stm32f103xe.o(RESET) refers to startup_stm32f103xe.o(.text) for Reset_Handler
    startup_stm32f103xe.o(RESET) refers to stm32f1xx_it.o(i.NMI_Handler) for NMI_Handler
    startup_stm32f103xe.o(RESET) refers to stm32f1xx_it.o(i.HardFault_Handler) for HardFault_Handler
    startup_stm32f103xe.o(RESET) refers to stm32f1xx_it.o(i.MemManage_Handler) for MemManage_Handler
    startup_stm32f103xe.o(RESET) refers to stm32f1xx_it.o(i.BusFault_Handler) for BusFault_Handler
    startup_stm32f103xe.o(RESET) refers to stm32f1xx_it.o(i.UsageFault_Handler) for UsageFault_Handler
    startup_stm32f103xe.o(RESET) refers to stm32f1xx_it.o(i.SVC_Handler) for SVC_Handler
    startup_stm32f103xe.o(RESET) refers to stm32f1xx_it.o(i.DebugMon_Handler) for DebugMon_Handler
    startup_stm32f103xe.o(RESET) refers to stm32f1xx_it.o(i.PendSV_Handler) for PendSV_Handler
    startup_stm32f103xe.o(RESET) refers to stm32f1xx_it.o(i.SysTick_Handler) for SysTick_Handler
    startup_stm32f103xe.o(RESET) refers to stm32f1xx_it.o(i.EXTI0_IRQHandler) for EXTI0_IRQHandler
    startup_stm32f103xe.o(RESET) refers to stm32f1xx_it.o(i.DMA1_Channel1_IRQHandler) for DMA1_Channel1_IRQHandler
    startup_stm32f103xe.o(RESET) refers to stm32f1xx_it.o(i.EXTI15_10_IRQHandler) for EXTI15_10_IRQHandler
    startup_stm32f103xe.o(.text) refers to system_stm32f1xx.o(i.SystemInit) for SystemInit
    startup_stm32f103xe.o(.text) refers to entry.o(.ARM.Collect$$$$00000000) for __main
    hmi_driver.o(i.AnimationPause) refers to hmi_user_uart.o(i.SendChar) for SendChar
    hmi_driver.o(i.AnimationPlayFrame) refers to hmi_user_uart.o(i.SendChar) for SendChar
    hmi_driver.o(i.AnimationPlayNext) refers to hmi_user_uart.o(i.SendChar) for SendChar
    hmi_driver.o(i.AnimationPlayPrev) refers to hmi_user_uart.o(i.SendChar) for SendChar
    hmi_driver.o(i.AnimationStart) refers to hmi_user_uart.o(i.SendChar) for SendChar
    hmi_driver.o(i.AnimationStop) refers to hmi_user_uart.o(i.SendChar) for SendChar
    hmi_driver.o(i.BatchBegin) refers to hmi_user_uart.o(i.SendChar) for SendChar
    hmi_driver.o(i.BatchEnd) refers to hmi_user_uart.o(i.SendChar) for SendChar
    hmi_driver.o(i.BatchSetButtonValue) refers to hmi_user_uart.o(i.SendChar) for SendChar
    hmi_driver.o(i.BatchSetEnable) refers to hmi_user_uart.o(i.SendChar) for SendChar
    hmi_driver.o(i.BatchSetFrame) refers to hmi_user_uart.o(i.SendChar) for SendChar
    hmi_driver.o(i.BatchSetMeterValue) refers to hmi_user_uart.o(i.SendChar) for SendChar
    hmi_driver.o(i.BatchSetProgressValue) refers to hmi_user_uart.o(i.SendChar) for SendChar
    hmi_driver.o(i.BatchSetSliderValue) refers to hmi_user_uart.o(i.SendChar) for SendChar
    hmi_driver.o(i.BatchSetText) refers to hmi_user_uart.o(i.SendChar) for SendChar
    hmi_driver.o(i.BatchSetText) refers to hmi_driver.o(i.GetStringLen) for GetStringLen
    hmi_driver.o(i.BatchSetText) refers to hmi_driver.o(i.SendStrings) for SendStrings
    hmi_driver.o(i.BatchSetVisible) refers to hmi_user_uart.o(i.SendChar) for SendChar
    hmi_driver.o(i.CalibrateTouchPane) refers to hmi_user_uart.o(i.SendChar) for SendChar
    hmi_driver.o(i.ClearLayer) refers to hmi_user_uart.o(i.SendChar) for SendChar
    hmi_driver.o(i.ColorPicker) refers to hmi_user_uart.o(i.SendChar) for SendChar
    hmi_driver.o(i.CopyLayer) refers to hmi_user_uart.o(i.SendChar) for SendChar
    hmi_driver.o(i.DisArea_Image) refers to hmi_user_uart.o(i.SendChar) for SendChar
    hmi_driver.o(i.DisCursor) refers to hmi_user_uart.o(i.SendChar) for SendChar
    hmi_driver.o(i.DisCut_Image) refers to hmi_user_uart.o(i.SendChar) for SendChar
    hmi_driver.o(i.DisFlashImage) refers to hmi_user_uart.o(i.SendChar) for SendChar
    hmi_driver.o(i.DisFull_Image) refers to hmi_user_uart.o(i.SendChar) for SendChar
    hmi_driver.o(i.DisText) refers to hmi_user_uart.o(i.SendChar) for SendChar
    hmi_driver.o(i.DisText) refers to hmi_driver.o(i.SendStrings) for SendStrings
    hmi_driver.o(i.DisplyLayer) refers to hmi_user_uart.o(i.SendChar) for SendChar
    hmi_driver.o(i.FlashBeginSaveControl) refers to hmi_user_uart.o(i.SendChar) for SendChar
    hmi_driver.o(i.FlashEndSaveControl) refers to hmi_user_uart.o(i.SendChar) for SendChar
    hmi_driver.o(i.FlashRestoreControl) refers to hmi_user_uart.o(i.SendChar) for SendChar
    hmi_driver.o(i.FlashSaveControl) refers to hmi_user_uart.o(i.SendChar) for SendChar
    hmi_driver.o(i.GUI_Arc) refers to hmi_user_uart.o(i.SendChar) for SendChar
    hmi_driver.o(i.GUI_AreaInycolor) refers to hmi_user_uart.o(i.SendChar) for SendChar
    hmi_driver.o(i.GUI_BcolorConDots) refers to hmi_user_uart.o(i.SendChar) for SendChar
[...]
    ..\..\Source\CommonTables\arm_common_tables.c 0x00000000   Number         0  arm_common_tables.o ABSOLUTE
    ..\..\Source\ComplexMathFunctions\arm_cmplx_mag_f32.c 0x00000000   Number         0  arm_cmplx_mag_f32.o ABSOLUTE
    ..\..\Source\StatisticsFunctions\arm_max_f32.c 0x00000000   Number         0  arm_max_f32.o ABSOLUTE
    ..\..\Source\StatisticsFunctions\arm_min_f32.c 0x00000000   Number         0  arm_min_f32.o ABSOLUTE
    ..\..\Source\TransformFunctions\arm_cfft_f32.c 0x00000000   Number         0  arm_cfft_f32.o ABSOLUTE
    ..\..\Source\TransformFunctions\arm_cfft_radix8_f32.c 0x00000000   Number         0  arm_cfft_radix8_f32.o ABSOLUTE
    ..\..\Source\TransformFunctions\arm_rfft_fast_f32.c 0x00000000   Number         0  arm_rfft_fast_f32.o ABSOLUTE
    ..\..\Source\TransformFunctions\arm_rfft_fast_init_f32.c 0x00000000   Number         0  arm_rfft_fast_init_f32.o ABSOLUTE
    ..\Core\Src\TPL0401A.c                   0x00000000   Number         0  tpl0401a.o ABSOLUTE
    ..\Core\Src\adc.c                        0x00000000   Number         0  adc.o ABSOLUTE
    ..\Core\Src\dma.c                        0x00000000   Number         0  dma.o ABSOLUTE
    ..\Core\Src\fft.c                        0x00000000   Number         0  fft.o ABSOLUTE
    ..\Core\Src\gpio.c                       0x00000000   Number         0  gpio.o ABSOLUTE
    ..\Core\Src\i2c.c                        0x00000000   Number         0  i2c.o ABSOLUTE
    ..\Core\Src\main.c                       0x00000000   Number         0  main.o ABSOLUTE
    ..\Core\Src\stm32f1xx_hal_msp.c          0x00000000   Number         0  stm32f1xx_hal_msp.o ABSOLUTE
    ..\Core\Src\stm32f1xx_it.c               0x00000000   Number         0  stm32f1xx_it.o ABSOLUTE
    ..\Core\Src\system_stm32f1xx.c           0x00000000   Number         0  system_stm32f1xx.o ABSOLUTE
    ..\Core\Src\usart.c                      0x00000000   Number         0  usart.o ABSOLUTE
    ..\Drivers\STM32F1xx_HAL_Driver\Src\stm32f1xx_hal.c 0x00000000   Number         0  stm32f1xx_hal.o ABSOLUTE
    ..\Drivers\STM32F1xx_HAL_Driver\Src\stm32f1xx_hal_adc.c 0x00000000   Number         0  stm32f1xx_hal_adc.o ABSOLUTE
    ..\Drivers\STM32F1xx_HAL_Driver\Src\stm32f1xx_hal_adc_ex.c 0x00000000   Number         0  stm32f1xx_hal_adc_ex.o ABSOLUTE
    ..\Drivers\STM32F1xx_HAL_Driver\Src\stm32f1xx_hal_cortex.c 0x00000000   Number         0  stm32f1xx_hal_cortex.o ABSOLUTE
    ..\Drivers\STM32F1xx_HAL_Driver\Src\stm32f1xx_hal_dma.c 0x00000000   Number         0  stm32f1xx_hal_dma.o ABSOLUTE
    ..\Drivers\STM32F1xx_HAL_Driver\Src\stm32f1xx_hal_exti.c 0x00000000   Number         0  stm32f1xx_hal_exti.o ABSOLUTE
    ..\Drivers\STM32F1xx_HAL_Driver\Src\stm32f1xx_hal_flash.c 0x00000000   Number         0  stm32f1xx_hal_flash.o ABSOLUTE
    ..\Drivers\STM32F1xx_HAL_Driver\Src\stm32f1xx_hal_flash_ex.c 0x00000000   Number         0  stm32f1xx_hal_flash_ex.o ABSOLUTE
    ..\Drivers\STM32F1xx_HAL_Driver\Src\stm32f1xx_hal_gpio.c 0x00000000   Number         0  stm32f1xx_hal_gpio.o ABSOLUTE
    ..\Drivers\STM32F1xx_HAL_Driver\Src\stm32f1xx_hal_gpio_ex.c 0x00000000   Number         0  stm32f1xx_hal_gpio_ex.o ABSOLUTE
    ..\Drivers\STM32F1xx_HAL_Driver\Src\stm32f1xx_hal_i2c.c 0x00000000   Number         0  stm32f1xx_hal_i2c.o ABSOLUTE
    ..\Drivers\STM32F1xx_HAL_Driver\Src\stm32f1xx_hal_pwr.c 0x00000000   Number         0  stm32f1xx_hal_pwr.o ABSOLUTE
    ..\Drivers\STM32F1xx_HAL_Driver\Src\stm32f1xx_hal_rcc.c 0x00000000   Number         0  stm32f1xx_hal_rcc.o ABSOLUTE
    ..\Drivers\STM32F1xx_HAL_Driver\Src\stm32f1xx_hal_rcc_ex.c 0x00000000   Number         0  stm32f1xx_hal_rcc_ex.o ABSOLUTE
    ..\Drivers\STM32F1xx_HAL_Driver\Src\stm32f1xx_hal_tim.c 0x00000000   Number         0  stm32f1xx_hal_tim.o ABSOLUTE
    ..\Drivers\STM32F1xx_HAL_Driver\Src\stm32f1xx_hal_tim_ex.c 0x00000000   Number         0  stm32f1xx_hal_tim_ex.o ABSOLUTE
    ..\Drivers\STM32F1xx_HAL_Driver\Src\stm32f1xx_hal_uart.c 0x00000000   Number         0  stm32f1xx_hal_uart.o ABSOLUTE
    ..\Drivers\hmi_driver\hmi_driver.c       0x00000000   Number         0  hmi_driver.o ABSOLUTE
    ..\Drivers\hmi_driver\hmi_user_uart.c    0x00000000   Number         0  hmi_user_uart.o ABSOLUTE
    ..\\..\\Source\\CommonTables\\arm_common_tables.c 0x00000000   Number         0  arm_common_tables.o ABSOLUTE
    ..\\..\\Source\\ComplexMathFunctions\\arm_cmplx_mag_f32.c 0x00000000   Number         0  arm_cmplx_mag_f32.o ABSOLUTE
    ..\\..\\Source\\StatisticsFunctions\\arm_max_f32.c 0x00000000   Number         0  arm_max_f32.o ABSOLUTE
    ..\\..\\Source\\StatisticsFunctions\\arm_min_f32.c 0x00000000   Number         0  arm_min_f32.o ABSOLUTE
    ..\\..\\Source\\TransformFunctions\\arm_bitreversal2.S 0x00000000   Number         0  arm_bitreversal2.o ABSOLUTE
    ..\\..\\Source\\TransformFunctions\\arm_cfft_f32.c 0x00000000   Number         0  arm_cfft_f32.o ABSOLUTE
    ..\\..\\Source\\TransformFunctions\\arm_cfft_radix8_f32.c 0x00000000   Number         0  arm_cfft_radix8_f32.o ABSOLUTE
    ..\\..\\Source\\TransformFunctions\\arm_rfft_fast_f32.c 0x00000000   Number         0  arm_rfft_fast_f32.o ABSOLUTE
    ..\\..\\Source\\TransformFunctions\\arm_rfft_fast_init_f32.c 0x00000000   Number         0  arm_rfft_fast_init_f32.o ABSOLUTE
    ..\\Core\\Src\\TPL0401A.c                0x00000000   Number         0  tpl0401a.o ABSOLUTE
    ..\\Core\\Src\\fft.c                     0x00000000   Number         0  fft.o ABSOLUTE
    ..\\Drivers\\hmi_driver\\hmi_driver.c    0x00000000   Number         0  hmi_driver.o ABSOLUTE
    ..\\Drivers\\hmi_driver\\hmi_user_uart.c 0x00000000   Number         0  hmi_user_uart.o ABSOLUTE
    cdrcmple.s                               0x00000000   Number         0  cdrcmple.o ABSOLUTE
    cfcmple.s                                0x00000000   Number         0  cfcmple.o ABSOLUTE
    cfrcmple.s                               0x00000000   Number         0  cfrcmple.o ABSOLUTE
    dc.s                                     0x00000000   Number         0  dc.o ABSOLUTE
    handlers.s                               0x00000000   Number         0  handlers.o ABSOLUTE
    init.s                                   0x00000000   Number         0  init.o ABSOLUTE
    startup_stm32f103xe.s                    0x00000000   Number         0  startup_stm32f103xe.o ABSOLUTE
    RESET                                    0x08000000   Section      304  startup_stm32f103xe.o(RESET)
    . text                                   0x08000130   Section      192  arm_bitreversal2.o(. text)
    .ARM.Collect$$$$00000000                 0x080001f0   Section        0  entry.o(.ARM.Collect$$$$00000000)
    .ARM.Collect$$$$00000001                 0x080001f0   Section        4  entry2.o(.ARM.Collect$$$$00000001)
    .ARM.Collect$$$$00000004                 0x080001f4   Section        4  entry5.o(.ARM.Collect$$$$00000004)
    .ARM.Collect$$$$00000008                 0x080001f8   Section        0  entry7b.o(.ARM.Collect$$$$00000008)
    .ARM.Collect$$$$0000000A                 0x080001f8   Section        0  entry8b.o(.ARM.Collect$$$$0000000A)
    .ARM.Collect$$$$0000000B                 0x080001f8   Section        8  entry9a.o(.ARM.Collect$$$$0000000B)
    .ARM.Collect$$$$0000000E                 0x08000200   Section        4  entry12b.o(.ARM.Collect$$$$0000000E)
    .ARM.Collect$$$$0000000F                 0x08000204   Section        0  entry10a.o(.ARM.Collect$$$$0000000F)
    .ARM.Collect$$$$00000011                 0x08000204   Section        0  entry11a.o(.ARM.Collect$$$$00000011)
    .ARM.Collect$$$$00002712                 0x08000204   Section        4  entry2.o(.ARM.Collect$$$$00002712)
    __lit__00000000                          0x08000204   Data           4  entry2.o(.ARM.Collect$$$$00002712)
    .text                                    0x08000208   Section       36  startup_stm32f103xe.o(.text)
    .text                                    0x0800022c   Section        0  arm_cmplx_mag_f32.o(.text)
    .text                                    0x0800027c   Section        0  arm_rfft_fast_f32.o(.text)
    .text                                    0x080004b8   Section        0  arm_rfft_fast_init_f32.o(.text)
    .text                                    0x080005e0   Section        0  arm_max_f32.o(.text)
    .text                                    0x0800064c   Section        0  arm_min_f32.o(.text)
    .text                                    0x080006b8   Section        0  arm_cfft_f32.o(.text)
    .text                                    0x080010ec   Section        0  arm_cfft_radix8_f32.o(.text)
    .text                                    0x08001964   Section        0  llushr.o(.text)
    .text                                    0x08001984   Section        0  memseta.o(.text)
    .text                                    0x080019a8   Section        0  fadd.o(.text)
    .text                                    0x08001a58   Section        0  fmul.o(.text)
    .text                                    0x08001abc   Section        0  fdiv.o(.text)
    .text                                    0x08001b38   Section        0  fscalb.o(.text)
    .text                                    0x08001b50   Section        0  dadd.o(.text)
    .text                                    0x08001c9e   Section        0  dmul.o(.text)
    .text                                    0x08001d82   Section        0  ddiv.o(.text)
    .text                                    0x08001e60   Section        0  fflti.o(.text)
    .text                                    0x08001e72   Section        0  ffltui.o(.text)
    .text                                    0x08001e7c   Section        0  ffixi.o(.text)
    .text                                    0x08001eae   Section        0  f2d.o(.text)
    .text                                    0x08001ed4   Section        0  d2f.o(.text)
    .text                                    0x08001f0c   Section       20  cfcmple.o(.text)
    .text                                    0x08001f20   Section       20  cfrcmple.o(.text)
    .text                                    0x08001f34   Section        0  uidiv.o(.text)
    .text                                    0x08001f60   Section        0  uldiv.o(.text)
    .text                                    0x08001fc2   Section        0  llshl.o(.text)
    .text                                    0x08001fe0   Section        0  llsshr.o(.text)
    .text                                    0x08002004   Section        0  fepilogue.o(.text)
    .text                                    0x08002004   Section        0  iusefp.o(.text)
    .text                                    0x08002072   Section        0  fsqrt.o(.text)
    .text                                    0x080020d0   Section        0  depilogue.o(.text)
    .text                                    0x0800218a   Section        0  dfixul.o(.text)
    .text                                    0x080021bc   Section       48  cdrcmple.o(.text)
    .text                                    0x080021ec   Section       36  init.o(.text)
    i.ADC_ConversionStop_Disable             0x08002210   Section        0  stm32f1xx_hal_adc.o(i.ADC_ConversionStop_Disable)
    i.ADC_DMAConvCplt                        0x08002266   Section        0  stm32f1xx_hal_adc.o(i.ADC_DMAConvCplt)
    i.ADC_DMAError                           0x080022b4   Section        0  stm32f1xx_hal_adc.o(i.ADC_DMAError)
    i.ADC_DMAHalfConvCplt                    0x080022ce   Section        0  stm32f1xx_hal_adc.o(i.ADC_DMAHalfConvCplt)
    i.ADC_Enable                             0x080022d8   Section        0  stm32f1xx_hal_adc.o(i.ADC_Enable)
    i.BusFault_Handler                       0x08002354   Section        0  stm32f1xx_it.o(i.BusFault_Handler)
    i.DMA1_Channel1_IRQHandler               0x08002358   Section        0  stm32f1xx_it.o(i.DMA1_Channel1_IRQHandler)
    i.DMA_SetConfig                          0x08002364   Section        0  stm32f1xx_hal_dma.o(i.DMA_SetConfig)
    DMA_SetConfig                            0x08002365   Thumb Code    42  stm32f1xx_hal_dma.o(i.DMA_SetConfig)
    i.DebugMon_Handler                       0x0800238e   Section        0  stm32f1xx_it.o(i.DebugMon_Handler)
    i.EXTI0_IRQHandler                       0x08002390   Section        0  stm32f1xx_it.o(i.EXTI0_IRQHandler)
    i.EXTI15_10_IRQHandler                   0x08002396   Section        0  stm32f1xx_it.o(i.EXTI15_10_IRQHandler)
    i.Error_Handler                          0x0800239e   Section        0  main.o(i.Error_Handler)
    i.FFT                                    0x080023a4   Section        0  fft.o(i.FFT)
    i.FFT_Power_Mag                          0x080023f4   Section        0  fft.o(i.FFT_Power_Mag)
    i.GUI_Dot                                0x08002434   Section        0  hmi_driver.o(i.GUI_Dot)
    i.GUI_RectangleFill                      0x0800247a   Section        0  hmi_driver.o(i.GUI_RectangleFill)
    i.HAL_ADCEx_Calibration_Start            0x080024e0   Section        0  stm32f1xx_hal_adc_ex.o(i.HAL_ADCEx_Calibration_Start)
    i.HAL_ADC_ConfigChannel                  0x080025b8   Section        0  stm32f1xx_hal_adc.o(i.HAL_ADC_ConfigChannel)
    i.HAL_ADC_ConvCpltCallback               0x080026b4   Section        0  stm32f1xx_hal_adc.o(i.HAL_ADC_ConvCpltCallback)
    i.HAL_ADC_ConvHalfCpltCallback           0x080026b6   Section        0  stm32f1xx_hal_adc.o(i.HAL_ADC_ConvHalfCpltCallback)
    i.HAL_ADC_ErrorCallback                  0x080026b8   Section        0  stm32f1xx_hal_adc.o(i.HAL_ADC_ErrorCallback)
    i.HAL_ADC_Init                           0x080026bc   Section        0  stm32f1xx_hal_adc.o(i.HAL_ADC_Init)
    i.HAL_ADC_MspInit                        0x080027dc   Section        0  adc.o(i.HAL_ADC_MspInit)
    i.HAL_ADC_Start_DMA                      0x08002868   Section        0  stm32f1xx_hal_adc.o(i.HAL_ADC_Start_DMA)
    i.HAL_DMA_IRQHandler                     0x08002974   Section        0  stm32f1xx_hal_dma.o(i.HAL_DMA_IRQHandler)
    i.HAL_DMA_Init                           0x08002bbc   Section        0  stm32f1xx_hal_dma.o(i.HAL_DMA_Init)
    i.HAL_DMA_Start_IT                       0x08002c38   Section        0  stm32f1xx_hal_dma.o(i.HAL_DMA_Start_IT)
    i.HAL_Delay                              0x08002ca8   Section        0  stm32f1xx_hal.o(i.HAL_Delay)
    i.HAL_GPIO_EXTI_Callback                 0x08002ccc   Section        0  main.o(i.HAL_GPIO_EXTI_Callback)
    i.HAL_GPIO_EXTI_IRQHandler               0x08002e94   Section        0  stm32f1xx_hal_gpio.o(i.HAL_GPIO_EXTI_IRQHandler)
    i.HAL_GPIO_Init                          0x08002eac   Section        0  stm32f1xx_hal_gpio.o(i.HAL_GPIO_Init)
    i.HAL_GPIO_TogglePin                     0x080030a4   Section        0  stm32f1xx_hal_gpio.o(i.HAL_GPIO_TogglePin)
    i.HAL_GPIO_WritePin                      0x080030b4   Section        0  stm32f1xx_hal_gpio.o(i.HAL_GPIO_WritePin)
    i.HAL_GetTick                            0x080030c0   Section        0  stm32f1xx_hal.o(i.HAL_GetTick)
    i.HAL_I2C_GetError                       0x080030cc   Section        0  stm32f1xx_hal_i2c.o(i.HAL_I2C_GetError)
    i.HAL_I2C_Init                           0x080030d0   Section        0  stm32f1xx_hal_i2c.o(i.HAL_I2C_Init)
    i.HAL_I2C_Master_Transmit                0x08003258   Section        0  stm32f1xx_hal_i2c.o(i.HAL_I2C_Master_Transmit)
    i.HAL_I2C_MspInit                        0x08003384   Section        0  i2c.o(i.HAL_I2C_MspInit)
    i.HAL_IncTick                            0x080033e0   Section        0  stm32f1xx_hal.o(i.HAL_IncTick)
    i.HAL_Init                               0x080033f0   Section        0  stm32f1xx_hal.o(i.HAL_Init)
    i.HAL_InitTick                           0x08003414   Section        0  stm32f1xx_hal.o(i.HAL_InitTick)
    i.HAL_MspInit                            0x08003454   Section        0  stm32f1xx_hal_msp.o(i.HAL_MspInit)
    i.HAL_NVIC_EnableIRQ                     0x08003480   Section        0  stm32f1xx_hal_cortex.o(i.HAL_NVIC_EnableIRQ)
    i.HAL_NVIC_SetPriority                   0x0800349c   Section        0  stm32f1xx_hal_cortex.o(i.HAL_NVIC_SetPriority)
    i.HAL_NVIC_SetPriorityGrouping           0x080034dc   Section        0  stm32f1xx_hal_cortex.o(i.HAL_NVIC_SetPriorityGrouping)
    i.HAL_RCCEx_GetPeriphCLKFreq             0x08003500   Section        0  stm32f1xx_hal_rcc_ex.o(i.HAL_RCCEx_GetPeriphCLKFreq)
    i.HAL_RCCEx_PeriphCLKConfig              0x080035b8   Section        0  stm32f1xx_hal_rcc_ex.o(i.HAL_RCCEx_PeriphCLKConfig)
    i.HAL_RCC_ClockConfig                    0x080036a4   Section        0  stm32f1xx_hal_rcc.o(i.HAL_RCC_ClockConfig)
    i.HAL_RCC_GetPCLK1Freq                   0x080037d0   Section        0  stm32f1xx_hal_rcc.o(i.HAL_RCC_GetPCLK1Freq)
    i.HAL_RCC_GetPCLK2Freq                   0x080037f0   Section        0  stm32f1xx_hal_rcc.o(i.HAL_RCC_GetPCLK2Freq)
    i.HAL_RCC_GetSysClockFreq                0x08003810   Section        0  stm32f1xx_hal_rcc.o(i.HAL_RCC_GetSysClockFreq)
    i.HAL_RCC_OscConfig                      0x0800385c   Section        0  stm32f1xx_hal_rcc.o(i.HAL_RCC_OscConfig)
    i.HAL_SYSTICK_Config                     0x08003b7c   Section        0  stm32f1xx_hal_cortex.o(i.HAL_SYSTICK_Config)
    i.HAL_UART_Init                          0x08003ba4   Section        0  stm32f1xx_hal_uart.o(i.HAL_UART_Init)
    i.HAL_UART_MspInit                       0x08003c08   Section        0  usart.o(i.HAL_UART_MspInit)
    i.HAL_UART_Transmit                      0x08003cb4   Section        0  stm32f1xx_hal_uart.o(i.HAL_UART_Transmit)
    i.HardFault_Handler                      0x08003d4e   Section        0  stm32f1xx_it.o(i.HardFault_Handler)
    i.I2C_IsAcknowledgeFailed                0x08003d50   Section        0  stm32f1xx_hal_i2c.o(i.I2C_IsAcknowledgeFailed)
    I2C_IsAcknowledgeFailed                  0x08003d51   Thumb Code    46  stm32f1xx_hal_i2c.o(i.I2C_IsAcknowledgeFailed)
    i.I2C_MasterRequestWrite                 0x08003d80   Section        0  stm32f1xx_hal_i2c.o(i.I2C_MasterRequestWrite)
    I2C_MasterRequestWrite                   0x08003d81   Thumb Code   150  stm32f1xx_hal_i2c.o(i.I2C_MasterRequestWrite)
    i.I2C_WaitOnBTFFlagUntilTimeout          0x08003e1c   Section        0  stm32f1xx_hal_i2c.o(i.I2C_WaitOnBTFFlagUntilTimeout)
    I2C_WaitOnBTFFlagUntilTimeout            0x08003e1d   Thumb Code    86  stm32f1xx_hal_i2c.o(i.I2C_WaitOnBTFFlagUntilTimeout)
    i.I2C_WaitOnFlagUntilTimeout             0x08003e74   Section        0  stm32f1xx_hal_i2c.o(i.I2C_WaitOnFlagUntilTimeout)
    I2C_WaitOnFlagUntilTimeout               0x08003e75   Thumb Code   144  stm32f1xx_hal_i2c.o(i.I2C_WaitOnFlagUntilTimeout)
    i.I2C_WaitOnMasterAddressFlagUntilTimeout 0x08003f04   Section        0  stm32f1xx_hal_i2c.o(i.I2C_WaitOnMasterAddressFlagUntilTimeout)
    I2C_WaitOnMasterAddressFlagUntilTimeout  0x08003f05   Thumb Code   188  stm32f1xx_hal_i2c.o(i.I2C_WaitOnMasterAddressFlagUntilTimeout)
    i.I2C_WaitOnTXEFlagUntilTimeout          0x08003fc0   Section        0  stm32f1xx_hal_i2c.o(i.I2C_WaitOnTXEFlagUntilTimeout)
    I2C_WaitOnTXEFlagUntilTimeout            0x08003fc1   Thumb Code    86  stm32f1xx_hal_i2c.o(i.I2C_WaitOnTXEFlagUntilTimeout)
    i.Lissajous_Figures                      0x08004018   Section        0  main.o(i.Lissajous_Figures)
    i.MX_ADC1_Init                           0x08004054   Section        0  adc.o(i.MX_ADC1_Init)
    i.MX_DMA_Init                            0x080040c0   Section        0  dma.o(i.MX_DMA_Init)
    i.MX_GPIO_Init                           0x080040ec   Section        0  gpio.o(i.MX_GPIO_Init)
    i.MX_I2C1_Init                           0x080041d0   Section        0  i2c.o(i.MX_I2C1_Init)
    i.MX_USART1_UART_Init                    0x08004210   Section        0  usart.o(i.MX_USART1_UART_Init)
    i.MX_USART2_UART_Init                    0x08004248   Section        0  usart.o(i.MX_USART2_UART_Init)
    i.MemManage_Handler                      0x08004280   Section        0  stm32f1xx_it.o(i.MemManage_Handler)
    i.NMI_Handler                            0x08004282   Section        0  stm32f1xx_it.o(i.NMI_Handler)
    i.PendSV_Handler                         0x08004284   Section        0  stm32f1xx_it.o(i.PendSV_Handler)
    i.SVC_Handler                            0x08004286   Section        0  stm32f1xx_it.o(i.SVC_Handler)
    i.Select_Max_Number                      0x08004288   Section        0  main.o(i.Select_Max_Number)
    i.SendChar                               0x08004300   Section        0  hmi_user_uart.o(i.SendChar)
    i.SendStrings                            0x08004318   Section        0  hmi_driver.o(i.SendStrings)
    i.SetBcolor                              0x0800432e   Section        0  hmi_driver.o(i.SetBcolor)
    i.SetFcolor                              0x08004366   Section        0  hmi_driver.o(i.SetFcolor)
    i.SetTextValue                           0x0800439e   Section        0  hmi_driver.o(i.SetTextValue)
    i.Set_Signal_Value                       0x080043f2   Section        0  main.o(i.Set_Signal_Value)
    i.Set_TPL0401A_Value                     0x0800443c   Section        0  tpl0401a.o(i.Set_TPL0401A_Value)
    i.SysTick_Handler                        0x08004474   Section        0  stm32f1xx_it.o(i.SysTick_Handler)
    i.SystemClock_Config                     0x08004478   Section        0  main.o(i.SystemClock_Config)
    i.SystemInit                             0x080044f2   Section        0  system_stm32f1xx.o(i.SystemInit)
    i.TPL0401A_Init                          0x080044f4   Section        0  tpl0401a.o(i.TPL0401A_Init)
    i.UART_SetConfig                         0x080044f8   Section        0  stm32f1xx_hal_uart.o(i.UART_SetConfig)
    UART_SetConfig                           0x080044f9   Thumb Code   178  stm32f1xx_hal_uart.o(i.UART_SetConfig)
    i.UART_WaitOnFlagUntilTimeout            0x080045b0   Section        0  stm32f1xx_hal_uart.o(i.UART_WaitOnFlagUntilTimeout)
    UART_WaitOnFlagUntilTimeout              0x080045b1   Thumb Code   120  stm32f1xx_hal_uart.o(i.UART_WaitOnFlagUntilTimeout)
    i.UsageFault_Handler                     0x08004628   Section        0  stm32f1xx_it.o(i.UsageFault_Handler)
    i.__0printf                              0x0800462c   Section        0  printfa.o(i.__0printf)
    i.__0sprintf                             0x0800464c   Section        0  printfa.o(i.__0sprintf)
    i.__NVIC_SetPriority                     0x08004674   Section        0  stm32f1xx_hal_cortex.o(i.__NVIC_SetPriority)
    __NVIC_SetPriority                       0x08004675   Thumb Code    32  stm32f1xx_hal_cortex.o(i.__NVIC_SetPriority)
    i.__scatterload_copy                     0x08004694   Section       14  handlers.o(i.__scatterload_copy)
    i.__scatterload_null                     0x080046a2   Section        2  handlers.o(i.__scatterload_null)
    i.__scatterload_zeroinit                 0x080046a4   Section       14  handlers.o(i.__scatterload_zeroinit)
    i.__set_errno                            0x080046b4   Section        0  errno.o(i.__set_errno)
    i._fp_digits                             0x080046c0   Section        0  printfa.o(i._fp_digits)
    _fp_digits                               0x080046c1   Thumb Code   366  printfa.o(i._fp_digits)
    i._printf_core                           0x08004844   Section        0  printfa.o(i._printf_core)
    _printf_core                             0x08004845   Thumb Code  1704  printfa.o(i._printf_core)
    i._printf_post_padding                   0x08004ef8   Section        0  printfa.o(i._printf_post_padding)
    _printf_post_padding                     0x08004ef9   Thumb Code    36  printfa.o(i._printf_post_padding)
    i._printf_pre_padding                    0x08004f1c   Section        0  printfa.o(i._printf_pre_padding)
    _printf_pre_padding                      0x08004f1d   Thumb Code    46  printfa.o(i._printf_pre_padding)
    i._sputc                                 0x08004f4a   Section        0  printfa.o(i._sputc)
    _sputc                                   0x08004f4b   Thumb Code    10  printfa.o(i._sputc)
    i.fputc                                  0x08004f54   Section        0  main.o(i.fputc)
    i.main                                   0x08004f6c   Section        0  main.o(i.main)
    i.sqrtf                                  0x08005300   Section        0  sqrtf.o(i.sqrtf)
    .constdata                               0x0800532c   Section     4096  fft.o(.constdata)
    .constdata                               0x0800632c   Section       18  stm32f1xx_hal_rcc.o(.constdata)
    aPredivFactorTable                       0x0800632c   Data           2  stm32f1xx_hal_rcc.o(.constdata)
    aPLLMULFactorTable                       0x0800632e   Data          16  stm32f1xx_hal_rcc.o(.constdata)
    .constdata                               0x0800633e   Section       18  stm32f1xx_hal_rcc_ex.o(.constdata)
    aPredivFactorTable                       0x0800633e   Data           2  stm32f1xx_hal_rcc_ex.o(.constdata)
    aPLLMULFactorTable                       0x08006340   Data          16  stm32f1xx_hal_rcc_ex.o(.constdata)
    .constdata                               0x08006350   Section       16  system_stm32f1xx.o(.constdata)
    .constdata                               0x08006360   Section        8  system_stm32f1xx.o(.constdata)
    .constdata                               0x08006368   Section      128  arm_common_tables.o(.constdata)
    .constdata                               0x080063e8   Section      256  arm_common_tables.o(.constdata)
    .constdata                               0x080064e8   Section      512  arm_common_tables.o(.constdata)
    .constdata                               0x080066e8   Section     1024  arm_common_tables.o(.constdata)
    .constdata                               0x08006ae8   Section     2048  arm_common_tables.o(.constdata)
    .constdata                               0x080072e8   Section     4096  arm_common_tables.o(.constdata)
    .constdata                               0x080082e8   Section     8192  arm_common_tables.o(.constdata)
    .constdata                               0x0800a2e8   Section    16384  arm_common_tables.o(.constdata)
    .constdata                               0x0800e2e8   Section       40  arm_common_tables.o(.constdata)
    .constdata                               0x0800e310   Section       96  arm_common_tables.o(.constdata)
    .constdata                               0x0800e370   Section      112  arm_common_tables.o(.constdata)
    .constdata                               0x0800e3e0   Section      416  arm_common_tables.o(.constdata)
    .constdata                               0x0800e580   Section      880  arm_common_tables.o(.constdata)
    .constdata                               0x0800e8f0   Section      896  arm_common_tables.o(.constdata)
    .constdata                               0x0800ec70   Section     3600  arm_common_tables.o(.constdata)
    .constdata                               0x0800fa80   Section     7616  arm_common_tables.o(.constdata)
    .constdata                               0x08011840   Section      128  arm_common_tables.o(.constdata)
    .constdata                               0x080118c0   Section      256  arm_common_tables.o(.constdata)
    .constdata                               0x080119c0   Section      512  arm_common_tables.o(.constdata)
    .constdata                               0x08011bc0   Section     1024  arm_common_tables.o(.constdata)
    .constdata                               0x08011fc0   Section     2048  arm_common_tables.o(.constdata)
    .constdata                               0x080127c0   Section     4096  arm_common_tables.o(.constdata)
    .constdata                               0x080137c0   Section     8192  arm_common_tables.o(.constdata)
    .constdata                               0x080157c0   Section    16384  arm_common_tables.o(.constdata)
    .conststring                             0x080197c0   Section      157  main.o(.conststring)
    .data                                    0x20000000   Section       52  main.o(.data)
    .data                                    0x20000034   Section       12  stm32f1xx_hal.o(.data)
    .data                                    0x20000040   Section        4  system_stm32f1xx.o(.data)
    .data                                    0x20000044   Section        4  stdout.o(.data)
    .data                                    0x20000048   Section        4  errno.o(.data)
    _errno                                   0x20000048   Data           4  errno.o(.data)
    .bss                                     0x2000004c   Section    20580  main.o(.bss)
    .bss                                     0x200050b0   Section      116  adc.o(.bss)
    .bss                                     0x20005124   Section       84  i2c.o(.bss)
    .bss                                     0x20005178   Section      144  usart.o(.bss)
    STACK                                    0x20005208   Section     4096  startup_stm32f103xe.o(STACK)

    Global Symbols

    Symbol Name                              Value     Ov Type        Size  Object(Section)

    BuildAttributes$$THM_ISAv4$P$D$K$B$S$PE$A:L22UL41UL21$X:L11$S22US41US21$IEEE1$IW$USESV6$~STKCKD$USESV7$~SHL$OTIME$ROPI$IEEEJ$EBA8$MICROLIB$REQ8$PRES8$EABIv2 0x00000000   Number         0  anon$$obj.o ABSOLUTE
    __ARM_use_no_argv                        0x00000000   Number         0  main.o ABSOLUTE
    _printf_a                                0x00000000   Number         0  stubs.o ABSOLUTE
    _printf_c                                0x00000000   Number         0  stubs.o ABSOLUTE
    _printf_charcount                        0x00000000   Number         0  stubs.o ABSOLUTE
    _printf_d                                0x00000000   Number         0  stubs.o ABSOLUTE
    _printf_e                                0x00000000   Number         0  stubs.o ABSOLUTE
    _printf_f                                0x00000000   Number         0  stubs.o ABSOLUTE
    _printf_flags                            0x00000000   Number         0  stubs.o ABSOLUTE
    _printf_fp_dec                           0x00000000   Number         0  stubs.o ABSOLUTE
    _printf_fp_hex                           0x00000000   Number         0  stubs.o ABSOLUTE
    _printf_g                                0x00000000   Number         0  stubs.o ABSOLUTE
    _printf_i                                0x00000000   Number         0  stubs.o ABSOLUTE
    _printf_int_dec                          0x00000000   Number         0  stubs.o ABSOLUTE
    _printf_l                                0x00000000   Number         0  stubs.o ABSOLUTE
    _printf_lc                               0x00000000   Number         0  stubs.o ABSOLUTE
    _printf_ll                               0x00000000   Number         0  stubs.o ABSOLUTE
    _printf_lld                              0x00000000   Number         0  stubs.o ABSOLUTE
    _printf_lli                              0x00000000   Number         0  stubs.o ABSOLUTE
    _printf_llo                              0x00000000   Number         0  stubs.o ABSOLUTE
    _printf_llu                              0x00000000   Number         0  stubs.o ABSOLUTE
    _printf_llx                              0x00000000   Number         0  stubs.o ABSOLUTE
    _printf_longlong_dec                     0x00000000   Number         0  stubs.o ABSOLUTE
    _printf_longlong_hex                     0x00000000   Number         0  stubs.o ABSOLUTE
    _printf_longlong_oct                     0x00000000   Number         0  stubs.o ABSOLUTE
    _printf_ls                               0x00000000   Number         0  stubs.o ABSOLUTE
    _printf_mbtowc                           0x00000000   Number         0  stubs.o ABSOLUTE
    _printf_n                                0x00000000   Number         0  stubs.o ABSOLUTE
    _printf_o                                0x00000000   Number         0  stubs.o ABSOLUTE
    _printf_p                                0x00000000   Number         0  stubs.o ABSOLUTE
    _printf_percent                          0x00000000   Number         0  stubs.o ABSOLUTE
    _printf_pre_padding                      0x00000000   Number         0  stubs.o ABSOLUTE
    _printf_return_value                     0x00000000   Number         0  stubs.o ABSOLUTE
    _printf_s                                0x00000000   Number         0  stubs.o ABSOLUTE
    _printf_sizespec                         0x00000000   Number         0  stubs.o ABSOLUTE
    _printf_str                              0x00000000   Number         0  stubs.o ABSOLUTE
    _printf_truncate_signed                  0x00000000   Number         0  stubs.o ABSOLUTE
    _printf_truncate_unsigned                0x00000000   Number         0  stubs.o ABSOLUTE
    _printf_u                                0x00000000   Number         0  stubs.o ABSOLUTE
    _printf_wc                               0x00000000   Number         0  stubs.o ABSOLUTE
    _printf_wctomb                           0x00000000   Number         0  stubs.o ABSOLUTE
    _printf_widthprec                        0x00000000   Number         0  stubs.o ABSOLUTE
    _printf_x                                0x00000000   Number         0  stubs.o ABSOLUTE
    __arm_fini_                               - Undefined Weak Reference
    __cpp_initialize__aeabi_                  - Undefined Weak Reference
    __cxa_finalize                            - Undefined Weak Reference
    __decompress                              - Undefined Weak Reference
    _clock_init                               - Undefined Weak Reference
    _microlib_exit                            - Undefined Weak Reference
    __Vectors_Size                           0x00000130   Number         0  startup_stm32f103xe.o ABSOLUTE
    __Vectors                                0x08000000   Data           4  startup_stm32f103xe.o(RESET)
    __Vectors_End                            0x08000130   Data           0  startup_stm32f103xe.o(RESET)
    arm_bitreversal_32                       0x08000131   Thumb Code   106  arm_bitreversal2.o(. text)
    arm_bitreversal_16                       0x0800019b   Thumb Code    86  arm_bitreversal2.o(. text)
    __main                                   0x080001f1   Thumb Code     0  entry.o(.ARM.Collect$$$$00000000)
    _main_stk                                0x080001f1   Thumb Code     0  entry2.o(.ARM.Collect$$$$00000001)
    _main_scatterload                        0x080001f5   Thumb Code     0  entry5.o(.ARM.Collect$$$$00000004)
    __main_after_scatterload                 0x080001f9   Thumb Code     0  entry5.o(.ARM.Collect$$$$00000004)
    _main_clock                              0x080001f9   Thumb Code     0  entry7b.o(.ARM.Collect$$$$00000008)
    _main_cpp_init                           0x080001f9   Thumb Code     0  entry8b.o(.ARM.Collect$$$$0000000A)
    _main_init                               0x080001f9   Thumb Code     0  entry9a.o(.ARM.Collect$$$$0000000B)
    __rt_lib_shutdown_fini                   0x08000201   Thumb Code     0  entry12b.o(.ARM.Collect$$$$0000000E)
    __rt_final_cpp                           0x08000205   Thumb Code     0  entry10a.o(.ARM.Collect$$$$0000000F)
    __rt_final_exit                          0x08000205   Thumb Code     0  entry11a.o(.ARM.Collect$$$$00000011)
    Reset_Handler                            0x08000209   Thumb Code     8  startup_stm32f103xe.o(.text)
    ADC1_2_IRQHandler                        0x08000223   Thumb Code     0  startup_stm32f103xe.o(.text)
    ADC3_IRQHandler                          0x08000223   Thumb Code     0  startup_stm32f103xe.o(.text)
    CAN1_RX1_IRQHandler                      0x08000223   Thumb Code     0  startup_stm32f103xe.o(.text)
    CAN1_SCE_IRQHandler                      0x08000223   Thumb Code     0  startup_stm32f103xe.o(.text)
    DMA1_Channel2_IRQHandler                 0x08000223   Thumb Code     0  startup_stm32f103xe.o(.text)
    DMA1_Channel3_IRQHandler                 0x08000223   Thumb Code     0  startup_stm32f103xe.o(.text)
    DMA1_Channel4_IRQHandler                 0x08000223   Thumb Code     0  startup_stm32f103xe.o(.text)
    DMA1_Channel5_IRQHandler                 0x08000223   Thumb Code     0  startup_stm32f103xe.o(.text)
    DMA1_Channel6_IRQHandler                 0x08000223   Thumb Code     0  startup_stm32f103xe.o(.text)
    DMA1_Channel7_IRQHandler                 0x08000223   Thumb Code     0  startup_stm32f103xe.o(.text)
    DMA2_Channel1_IRQHandler                 0x08000223   Thumb Code     0  startup_stm32f103xe.o(.text)
    DMA2_Channel2_IRQHandler                 0x08000223   Thumb Code     0  startup_stm32f103xe.o(.text)
    DMA2_Channel3_IRQHandler                 0x08000223   Thumb Code     0  startup_stm32f103xe.o(.text)
    DMA2_Channel4_5_IRQHandler               0x08000223   Thumb Code     0  startup_stm32f103xe.o(.text)
    EXTI1_IRQHandler                         0x08000223   Thumb Code     0  startup_stm32f103xe.o(.text)
    EXTI2_IRQHandler                         0x08000223   Thumb Code     0  startup_stm32f103xe.o(.text)
    EXTI3_IRQHandler                         0x08000223   Thumb Code     0  startup_stm32f103xe.o(.text)
    EXTI4_IRQHandler                         0x08000223   Thumb Code     0  startup_stm32f103xe.o(.text)
    EXTI9_5_IRQHandler                       0x08000223   Thumb Code     0  startup_stm32f103xe.o(.text)
    FLASH_IRQHandler                         0x08000223   Thumb Code     0  startup_stm32f103xe.o(.text)
    FSMC_IRQHandler                          0x08000223   Thumb Code     0  startup_stm32f103xe.o(.text)
    I2C1_ER_IRQHandler                       0x08000223   Thumb Code     0  startup_stm32f103xe.o(.text)
    I2C1_EV_IRQHandler                       0x08000223   Thumb Code     0  startup_stm32f103xe.o(.text)
    I2C2_ER_IRQHandler                       0x08000223   Thumb Code     0  startup_stm32f103xe.o(.text)
    I2C2_EV_IRQHandler                       0x08000223   Thumb Code     0  startup_stm32f103xe.o(.text)
    PVD_IRQHandler                           0x08000223   Thumb Code     0  startup_stm32f103xe.o(.text)
    RCC_IRQHandler                           0x08000223   Thumb Code     0  startup_stm32f103xe.o(.text)
    RTC_Alarm_IRQHandler                     0x08000223   Thumb Code     0  startup_stm32f103xe.o(.text)
    RTC_IRQHandler                           0x08000223   Thumb Code     0  startup_stm32f103xe.o(.text)
    SDIO_IRQHandler                          0x08000223   Thumb Code     0  startup_stm32f103xe.o(.text)
    SPI1_IRQHandler                          0x08000223   Thumb Code     0  startup_stm32f103xe.o(.text)
    SPI2_IRQHandler                          0x08000223   Thumb Code     0  startup_stm32f103xe.o(.text)
    SPI3_IRQHandler                          0x08000223   Thumb Code     0  startup_stm32f103xe.o(.text)
    TAMPER_IRQHandler                        0x08000223   Thumb Code     0  startup_stm32f103xe.o(.text)
    TIM1_BRK_IRQHandler                      0x08000223   Thumb Code     0  startup_stm32f103xe.o(.text)
    TIM1_CC_IRQHandler                       0x08000223   Thumb Code     0  startup_stm32f103xe.o(.text)
    TIM1_TRG_COM_IRQHandler                  0x08000223   Thumb Code     0  startup_stm32f103xe.o(.text)
    TIM1_UP_IRQHandler                       0x08000223   Thumb Code     0  startup_stm32f103xe.o(.text)
    TIM2_IRQHandler                          0x08000223   Thumb Code     0  startup_stm32f103xe.o(.text)
    TIM3_IRQHandler                          0x08000223   Thumb Code     0  startup_stm32f103xe.o(.text)
    TIM4_IRQHandler                          0x08000223   Thumb Code     0  startup_stm32f103xe.o(.text)
    TIM5_IRQHandler                          0x08000223   Thumb Code     0  startup_stm32f103xe.o(.text)
    TIM6_IRQHandler                          0x08000223   Thumb Code     0  startup_stm32f103xe.o(.text)
    TIM7_IRQHandler                          0x08000223   Thumb Code     0  startup_stm32f103xe.o(.text)
    TIM8_BRK_IRQHandler                      0x08000223   Thumb Code     0  startup_stm32f103xe.o(.text)
    TIM8_CC_IRQHandler                       0x08000223   Thumb Code     0  startup_stm32f103xe.o(.text)
    TIM8_TRG_COM_IRQHandler                  0x08000223   Thumb Code     0  startup_stm32f103xe.o(.text)
    TIM8_UP_IRQHandler                       0x08000223   Thumb Code     0  startup_stm32f103xe.o(.text)
    UART4_IRQHandler                         0x08000223   Thumb Code     0  startup_stm32f103xe.o(.text)
    UART5_IRQHandler                         0x08000223   Thumb Code     0  startup_stm32f103xe.o(.text)
    USART1_IRQHandler                        0x08000223   Thumb Code     0  startup_stm32f103xe.o(.text)
    USART2_IRQHandler                        0x08000223   Thumb Code     0  startup_stm32f103xe.o(.text)
    USART3_IRQHandler                        0x08000223   Thumb Code     0  startup_stm32f103xe.o(.text)
    USBWakeUp_IRQHandler                     0x08000223   Thumb Code     0  startup_stm32f103xe.o(.text)
    USB_HP_CAN1_TX_IRQHandler                0x08000223   Thumb Code     0  startup_stm32f103xe.o(.text)
    USB_LP_CAN1_RX0_IRQHandler               0x08000223   Thumb Code     0  startup_stm32f103xe.o(.text)
    WWDG_IRQHandler                          0x08000223   Thumb Code     0  startup_stm32f103xe.o(.text)
    arm_cmplx_mag_f32                        0x0800022d   Thumb Code    80  arm_cmplx_mag_f32.o(.text)
    stage_rfft_f32                           0x0800027d   Thumb Code   254  arm_rfft_fast_f32.o(.text)
    merge_rfft_f32                           0x0800037b   Thumb Code   252  arm_rfft_fast_f32.o(.text)
    arm_rfft_fast_f32                        0x08000477   Thumb Code    66  arm_rfft_fast_f32.o(.text)
    arm_rfft_fast_init_f32                   0x080004b9   Thumb Code   198  arm_rfft_fast_init_f32.o(.text)
    arm_max_f32                              0x080005e1   Thumb Code   108  arm_max_f32.o(.text)
    arm_min_f32                              0x0800064d   Thumb Code   108  arm_min_f32.o(.text)
    arm_cfft_radix8by2_f32                   0x080006b9   Thumb Code   600  arm_cfft_f32.o(.text)
    arm_cfft_radix8by4_f32                   0x08000911   Thumb Code  1708  arm_cfft_f32.o(.text)
    arm_cfft_f32                             0x08000fbd   Thumb Code   302  arm_cfft_f32.o(.text)
    arm_radix8_butterfly_f32                 0x080010ed   Thumb Code  2164  arm_cfft_radix8_f32.o(.text)
    __aeabi_llsr                             0x08001965   Thumb Code    32  llushr.o(.text)
    _ll_ushift_r                             0x08001965   Thumb Code     0  llushr.o(.text)
    __aeabi_memset                           0x08001985   Thumb Code    14  memseta.o(.text)
    __aeabi_memset4                          0x08001985   Thumb Code     0  memseta.o(.text)
    __aeabi_memset8                          0x08001985   Thumb Code     0  memseta.o(.text)
    __aeabi_memclr                           0x08001993   Thumb Code     4  memseta.o(.text)
    __aeabi_memclr4                          0x08001993   Thumb Code     0  memseta.o(.text)
    __aeabi_memclr8                          0x08001993   Thumb Code     0  memseta.o(.text)
    _memset$wrapper                          0x08001997   Thumb Code    18  memseta.o(.text)
    __aeabi_fadd                             0x080019a9   Thumb Code   164  fadd.o(.text)
    __aeabi_fsub                             0x08001a4d   Thumb Code     6  fadd.o(.text)
    __aeabi_frsub                            0x08001a53   Thumb Code     6  fadd.o(.text)
    __aeabi_fmul                             0x08001a59   Thumb Code   100  fmul.o(.text)
    __aeabi_fdiv                             0x08001abd   Thumb Code   124  fdiv.o(.text)
    __ARM_scalbnf                            0x08001b39   Thumb Code    24  fscalb.o(.text)
    scalbnf                                  0x08001b39   Thumb Code     0  fscalb.o(.text)
    __aeabi_dadd                             0x08001b51   Thumb Code   322  dadd.o(.text)
    __aeabi_dsub                             0x08001c93   Thumb Code     6  dadd.o(.text)
    __aeabi_drsub                            0x08001c99   Thumb Code     6  dadd.o(.text)
    __aeabi_dmul                             0x08001c9f   Thumb Code   228  dmul.o(.text)
    __aeabi_ddiv                             0x08001d83   Thumb Code   222  ddiv.o(.text)
    __aeabi_i2f                              0x08001e61   Thumb Code    18  fflti.o(.text)
    __aeabi_ui2f                             0x08001e73   Thumb Code    10  ffltui.o(.text)
    __aeabi_f2iz                             0x08001e7d   Thumb Code    50  ffixi.o(.text)
    __aeabi_f2d                              0x08001eaf   Thumb Code    38  f2d.o(.text)
    __aeabi_d2f                              0x08001ed5   Thumb Code    56  d2f.o(.text)
    __aeabi_cfcmpeq                          0x08001f0d   Thumb Code     0  cfcmple.o(.text)
    __aeabi_cfcmple                          0x08001f0d   Thumb Code    20  cfcmple.o(.text)
    __aeabi_cfrcmple                         0x08001f21   Thumb Code    20  cfrcmple.o(.text)
    __aeabi_uidiv                            0x08001f35   Thumb Code     0  uidiv.o(.text)
    __aeabi_uidivmod                         0x08001f35   Thumb Code    44  uidiv.o(.text)
    __aeabi_uldivmod                         0x08001f61   Thumb Code    98  uldiv.o(.text)
    __aeabi_llsl                             0x08001fc3   Thumb Code    30  llshl.o(.text)
    _ll_shift_l                              0x08001fc3   Thumb Code     0  llshl.o(.text)
    __aeabi_lasr                             0x08001fe1   Thumb Code    36  llsshr.o(.text)
    _ll_sshift_r                             0x08001fe1   Thumb Code     0  llsshr.o(.text)
    __I$use$fp                               0x08002005   Thumb Code     0  iusefp.o(.text)
    _float_round                             0x08002005   Thumb Code    18  fepilogue.o(.text)
    _float_epilogue                          0x08002017   Thumb Code    92  fepilogue.o(.text)
    _fsqrt                                   0x08002073   Thumb Code    94  fsqrt.o(.text)
    _double_round                            0x080020d1   Thumb Code    30  depilogue.o(.text)
    _double_epilogue                         0x080020ef   Thumb Code   156  depilogue.o(.text)
    __aeabi_d2ulz                            0x0800218b   Thumb Code    48  dfixul.o(.text)
    __aeabi_cdrcmple                         0x080021bd   Thumb Code    48  cdrcmple.o(.text)
    __scatterload                            0x080021ed   Thumb Code    28  init.o(.text)
    __scatterload_rt2                        0x080021ed   Thumb Code     0  init.o(.text)
    ADC_ConversionStop_Disable               0x08002211   Thumb Code    86  stm32f1xx_hal_adc.o(i.ADC_ConversionStop_Disable)
    ADC_DMAConvCplt                          0x08002267   Thumb Code    78  stm32f1xx_hal_adc.o(i.ADC_DMAConvCplt)
    ADC_DMAError                             0x080022b5   Thumb Code    26  stm32f1xx_hal_adc.o(i.ADC_DMAError)
    ADC_DMAHalfConvCplt                      0x080022cf   Thumb Code    10  stm32f1xx_hal_adc.o(i.ADC_DMAHalfConvCplt)
    ADC_Enable                               0x080022d9   Thumb Code   114  stm32f1xx_hal_adc.o(i.ADC_Enable)
    BusFault_Handler                         0x08002355   Thumb Code     2  stm32f1xx_it.o(i.BusFault_Handler)
    DMA1_Channel1_IRQHandler                 0x08002359   Thumb Code     6  stm32f1xx_it.o(i.DMA1_Channel1_IRQHandler)
    DebugMon_Handler                         0x0800238f   Thumb Code     2  stm32f1xx_it.o(i.DebugMon_Handler)
    EXTI0_IRQHandler                         0x08002391   Thumb Code     6  stm32f1xx_it.o(i.EXTI0_IRQHandler)
    EXTI15_10_IRQHandler                     0x08002397   Thumb Code     8  stm32f1xx_it.o(i.EXTI15_10_IRQHandler)
    Error_Handler                            0x0800239f   Thumb Code     4  main.o(i.Error_Handler)
    FFT                                      0x080023a5   Thumb Code    76  fft.o(i.FFT)
    FFT_Power_Mag                            0x080023f5   Thumb Code    64  fft.o(i.FFT_Power_Mag)
    GUI_Dot                                  0x08002435   Thumb Code    70  hmi_driver.o(i.GUI_Dot)
    GUI_RectangleFill                        0x0800247b   Thumb Code   100  hmi_driver.o(i.GUI_RectangleFill)
    HAL_ADCEx_Calibration_Start              0x080024e1   Thumb Code   210  stm32f1xx_hal_adc_ex.o(i.HAL_ADCEx_Calibration_Start)
    HAL_ADC_ConfigChannel                    0x080025b9   Thumb Code   240  stm32f1xx_hal_adc.o(i.HAL_ADC_ConfigChannel)
    HAL_ADC_ConvCpltCallback                 0x080026b5   Thumb Code     2  stm32f1xx_hal_adc.o(i.HAL_ADC_ConvCpltCallback)
    HAL_ADC_ConvHalfCpltCallback             0x080026b7   Thumb Code     2  stm32f1xx_hal_adc.o(i.HAL_ADC_ConvHalfCpltCallback)
    HAL_ADC_ErrorCallback                    0x080026b9   Thumb Code     2  stm32f1xx_hal_adc.o(i.HAL_ADC_ErrorCallback)
    HAL_ADC_Init                             0x080026bd   Thumb Code   272  stm32f1xx_hal_adc.o(i.HAL_ADC_Init)
    HAL_ADC_MspInit                          0x080027dd   Thumb Code   120  adc.o(i.HAL_ADC_MspInit)
    HAL_ADC_Start_DMA                        0x08002869   Thumb Code   246  stm32f1xx_hal_adc.o(i.HAL_ADC_Start_DMA)
    HAL_DMA_IRQHandler                       0x08002975   Thumb Code   552  stm32f1xx_hal_dma.o(i.HAL_DMA_IRQHandler)
    HAL_DMA_Init                             0x08002bbd   Thumb Code   112  stm32f1xx_hal_dma.o(i.HAL_DMA_Init)
    HAL_DMA_Start_IT                         0x08002c39   Thumb Code   112  stm32f1xx_hal_dma.o(i.HAL_DMA_Start_IT)
    HAL_Delay                                0x08002ca9   Thumb Code    32  stm32f1xx_hal.o(i.HAL_Delay)
    HAL_GPIO_EXTI_Callback                   0x08002ccd   Thumb Code   210  main.o(i.HAL_GPIO_EXTI_Callback)
    HAL_GPIO_EXTI_IRQHandler                 0x08002e95   Thumb Code    18  stm32f1xx_hal_gpio.o(i.HAL_GPIO_EXTI_IRQHandler)
    HAL_GPIO_Init                            0x08002ead   Thumb Code   462  stm32f1xx_hal_gpio.o(i.HAL_GPIO_Init)
    HAL_GPIO_TogglePin                       0x080030a5   Thumb Code    16  stm32f1xx_hal_gpio.o(i.HAL_GPIO_TogglePin)
    HAL_GPIO_WritePin                        0x080030b5   Thumb Code    10  stm32f1xx_hal_gpio.o(i.HAL_GPIO_WritePin)
    HAL_GetTick                              0x080030c1   Thumb Code     6  stm32f1xx_hal.o(i.HAL_GetTick)
    HAL_I2C_GetError                         0x080030cd   Thumb Code     4  stm32f1xx_hal_i2c.o(i.HAL_I2C_GetError)
    HAL_I2C_Init                             0x080030d1   Thumb Code   376  stm32f1xx_hal_i2c.o(i.HAL_I2C_Init)
    HAL_I2C_Master_Transmit                  0x08003259   Thumb Code   290  stm32f1xx_hal_i2c.o(i.HAL_I2C_Master_Transmit)
    HAL_I2C_MspInit                          0x08003385   Thumb Code    80  i2c.o(i.HAL_I2C_MspInit)
    HAL_IncTick                              0x080033e1   Thumb Code    12  stm32f1xx_hal.o(i.HAL_IncTick)
    HAL_Init                                 0x080033f1   Thumb Code    32  stm32f1xx_hal.o(i.HAL_Init)
    HAL_InitTick                             0x08003415   Thumb Code    54  stm32f1xx_hal.o(i.HAL_InitTick)
    HAL_MspInit                              0x08003455   Thumb Code    38  stm32f1xx_hal_msp.o(i.HAL_MspInit)
    HAL_NVIC_EnableIRQ                       0x08003481   Thumb Code    26  stm32f1xx_hal_cortex.o(i.HAL_NVIC_EnableIRQ)
    HAL_NVIC_SetPriority                     0x0800349d   Thumb Code    60  stm32f1xx_hal_cortex.o(i.HAL_NVIC_SetPriority)
    HAL_NVIC_SetPriorityGrouping             0x080034dd   Thumb Code    26  stm32f1xx_hal_cortex.o(i.HAL_NVIC_SetPriorityGrouping)
    HAL_RCCEx_GetPeriphCLKFreq               0x08003501   Thumb Code   166  stm32f1xx_hal_rcc_ex.o(i.HAL_RCCEx_GetPeriphCLKFreq)
    HAL_RCCEx_PeriphCLKConfig                0x080035b9   Thumb Code   224  stm32f1xx_hal_rcc_ex.o(i.HAL_RCCEx_PeriphCLKConfig)
    HAL_RCC_ClockConfig                      0x080036a5   Thumb Code   280  stm32f1xx_hal_rcc.o(i.HAL_RCC_ClockConfig)
    HAL_RCC_GetPCLK1Freq                     0x080037d1   Thumb Code    20  stm32f1xx_hal_rcc.o(i.HAL_RCC_GetPCLK1Freq)
    HAL_RCC_GetPCLK2Freq                     0x080037f1   Thumb Code    20  stm32f1xx_hal_rcc.o(i.HAL_RCC_GetPCLK2Freq)
    HAL_RCC_GetSysClockFreq                  0x08003811   Thumb Code    58  stm32f1xx_hal_rcc.o(i.HAL_RCC_GetSysClockFreq)
    HAL_RCC_OscConfig                        0x0800385d   Thumb Code   778  stm32f1xx_hal_rcc.o(i.HAL_RCC_OscConfig)
    HAL_SYSTICK_Config                       0x08003b7d   Thumb Code    40  stm32f1xx_hal_cortex.o(i.HAL_SYSTICK_Config)
    HAL_UART_Init                            0x08003ba5   Thumb Code   100  stm32f1xx_hal_uart.o(i.HAL_UART_Init)
    HAL_UART_MspInit                         0x08003c09   Thumb Code   156  usart.o(i.HAL_UART_MspInit)
    HAL_UART_Transmit                        0x08003cb5   Thumb Code   154  stm32f1xx_hal_uart.o(i.HAL_UART_Transmit)
    HardFault_Handler                        0x08003d4f   Thumb Code     2  stm32f1xx_it.o(i.HardFault_Handler)
    Lissajous_Figures                        0x08004019   Thumb Code    56  main.o(i.Lissajous_Figures)
    MX_ADC1_Init                             0x08004055   Thumb Code    98  adc.o(i.MX_ADC1_Init)
    MX_DMA_Init                              0x080040c1   Thumb Code    40  dma.o(i.MX_DMA_Init)
    MX_GPIO_Init                             0x080040ed   Thumb Code   208  gpio.o(i.MX_GPIO_Init)
    MX_I2C1_Init                             0x080041d1   Thumb Code    50  i2c.o(i.MX_I2C1_Init)
    MX_USART1_UART_Init                      0x08004211   Thumb Code    48  usart.o(i.MX_USART1_UART_Init)
    MX_USART2_UART_Init                      0x08004249   Thumb Code    48  usart.o(i.MX_USART2_UART_Init)
    MemManage_Handler                        0x08004281   Thumb Code     2  stm32f1xx_it.o(i.MemManage_Handler)
    NMI_Handler                              0x08004283   Thumb Code     2  stm32f1xx_it.o(i.NMI_Handler)
    PendSV_Handler                           0x08004285   Thumb Code     2  stm32f1xx_it.o(i.PendSV_Handler)
    SVC_Handler                              0x08004287   Thumb Code     2  stm32f1xx_it.o(i.SVC_Handler)
    Select_Max_Number                        0x08004289   Thumb Code   106  main.o(i.Select_Max_Number)
    SendChar                                 0x08004301   Thumb Code    18  hmi_user_uart.o(i.SendChar)
    SendStrings                              0x08004319   Thumb Code    22  hmi_driver.o(i.SendStrings)
    SetBcolor                                0x0800432f   Thumb Code    56  hmi_driver.o(i.SetBcolor)
    SetFcolor                                0x08004367   Thumb Code    56  hmi_driver.o(i.SetFcolor)
    SetTextValue                             0x0800439f   Thumb Code    84  hmi_driver.o(i.SetTextValue)
    Set_Signal_Value                         0x080043f3   Thumb Code    72  main.o(i.Set_Signal_Value)
    Set_TPL0401A_Value                       0x0800443d   Thumb Code    52  tpl0401a.o(i.Set_TPL0401A_Value)
    SysTick_Handler                          0x08004475   Thumb Code     4  stm32f1xx_it.o(i.SysTick_Handler)
    SystemClock_Config                       0x08004479   Thumb Code   122  main.o(i.SystemClock_Config)
    SystemInit                               0x080044f3   Thumb Code     2  system_stm32f1xx.o(i.SystemInit)
    TPL0401A_Init                            0x080044f5   Thumb Code     4  tpl0401a.o(i.TPL0401A_Init)
    UsageFault_Handler                       0x08004629   Thumb Code     2  stm32f1xx_it.o(i.UsageFault_Handler)
    __0printf                                0x0800462d   Thumb Code    22  printfa.o(i.__0printf)
    __1printf                                0x0800462d   Thumb Code     0  printfa.o(i.__0printf)
    __2printf                                0x0800462d   Thumb Code     0  printfa.o(i.__0printf)
    __c89printf                              0x0800462d   Thumb Code     0  printfa.o(i.__0printf)
    printf                                   0x0800462d   Thumb Code     0  printfa.o(i.__0printf)
    __0sprintf                               0x0800464d   Thumb Code    34  printfa.o(i.__0sprintf)
    __1sprintf                               0x0800464d   Thumb Code     0  printfa.o(i.__0sprintf)
    __2sprintf                               0x0800464d   Thumb Code     0  printfa.o(i.__0sprintf)
    __c89sprintf                             0x0800464d   Thumb Code     0  printfa.o(i.__0sprintf)
    sprintf                                  0x0800464d   Thumb Code     0  printfa.o(i.__0sprintf)
    __scatterload_copy                       0x08004695   Thumb Code    14  handlers.o(i.__scatterload_copy)
    __scatterload_null                       0x080046a3   Thumb Code     2  handlers.o(i.__scatterload_null)
    __scatterload_zeroinit                   0x080046a5   Thumb Code    14  handlers.o(i.__scatterload_zeroinit)
    __set_errno                              0x080046b5   Thumb Code     6  errno.o(i.__set_errno)
    fputc                                    0x08004f55   Thumb Code    20  main.o(i.fputc)
    main                                     0x08004f6d   Thumb Code   854  main.o(i.main)
    sqrtf                                    0x08005301   Thumb Code    44  sqrtf.o(i.sqrtf)
    hanning_win_table                        0x0800532c   Data        4096  fft.o(.constdata)
    AHBPrescTable                            0x08006350   Data          16  system_stm32f1xx.o(.constdata)
    APBPrescTable                            0x08006360   Data           8  system_stm32f1xx.o(.constdata)
    twiddleCoef_16                           0x08006368   Data         128  arm_common_tables.o(.constdata)
    twiddleCoef_32                           0x080063e8   Data         256  arm_common_tables.o(.constdata)
    twiddleCoef_64                           0x080064e8   Data         512  arm_common_tables.o(.constdata)
    twiddleCoef_128                          0x080066e8   Data        1024  arm_common_tables.o(.constdata)
    twiddleCoef_256                          0x08006ae8   Data        2048  arm_common_tables.o(.constdata)
    twiddleCoef_512                          0x080072e8   Data        4096  arm_common_tables.o(.constdata)
    twiddleCoef_1024                         0x080082e8   Data        8192  arm_common_tables.o(.constdata)
    twiddleCoef_2048                         0x0800a2e8   Data       16384  arm_common_tables.o(.constdata)
    armBitRevIndexTable16                    0x0800e2e8   Data          40  arm_common_tables.o(.constdata)
    armBitRevIndexTable32                    0x0800e310   Data          96  arm_common_tables.o(.constdata)
    armBitRevIndexTable64                    0x0800e370   Data         112  arm_common_tables.o(.constdata)
    armBitRevIndexTable128                   0x0800e3e0   Data         416  arm_common_tables.o(.constdata)
    armBitRevIndexTable256                   0x0800e580   Data         880  arm_common_tables.o(.constdata)
    armBitRevIndexTable512                   0x0800e8f0   Data         896  arm_common_tables.o(.constdata)
    armBitRevIndexTable1024                  0x0800ec70   Data        3600  arm_common_tables.o(.constdata)
    armBitRevIndexTable2048                  0x0800fa80   Data        7616  arm_common_tables.o(.constdata)
    twiddleCoef_rfft_32                      0x08011840   Data         128  arm_common_tables.o(.constdata)
    twiddleCoef_rfft_64                      0x080118c0   Data         256  arm_common_tables.o(.constdata)
    twiddleCoef_rfft_128                     0x080119c0   Data         512  arm_common_tables.o(.constdata)
    twiddleCoef_rfft_256                     0x08011bc0   Data        1024  arm_common_tables.o(.constdata)
    twiddleCoef_rfft_512                     0x08011fc0   Data        2048  arm_common_tables.o(.constdata)
    twiddleCoef_rfft_1024                    0x080127c0   Data        4096  arm_common_tables.o(.constdata)
    twiddleCoef_rfft_2048                    0x080137c0   Data        8192  arm_common_tables.o(.constdata)
    twiddleCoef_rfft_4096                    0x080157c0   Data       16384  arm_common_tables.o(.constdata)
    Region$$Table$$Base                      0x08019860   Number         0  anon$$obj.o(Region$$Table)
    Region$$Table$$Limit                     0x08019880   Number         0  anon$$obj.o(Region$$Table)
    Counter_Freq                             0x20000000   Data           1  main.o(.data)
    Selecter_Voltage                         0x20000001   Data           1  main.o(.data)
    Wave_Form                                0x20000002   Data           1  main.o(.data)
    Output_Mode                              0x20000003   Data           1  main.o(.data)
    Res                                      0x20000004   Data           1  main.o(.data)
    Res_High                                 0x20000005   Data           1  main.o(.data)
    Res_Low                                  0x20000006   Data           1  main.o(.data)
    PC0_Max                                  0x20000008   Data           4  main.o(.data)
    PC1_Max                                  0x2000000c   Data           4  main.o(.data)
    PC0_Min                                  0x20000010   Data           4  main.o(.data)
    PC1_Min                                  0x20000014   Data           4  main.o(.data)
    PC0_Vpp                                  0x20000018   Data           4  main.o(.data)
    PC1_Vpp                                  0x2000001c   Data           4  main.o(.data)
    PC0_MaxIndex                             0x20000020   Data           4  main.o(.data)
    PC0_MinIndex                             0x20000024   Data           4  main.o(.data)
    PC1_MaxIndex                             0x20000028   Data           4  main.o(.data)
    PC1_MinIndex                             0x2000002c   Data           4  main.o(.data)
    phase                                    0x20000030   Data           4  main.o(.data)
    uwTickFreq                               0x20000034   Data           1  stm32f1xx_hal.o(.data)
    uwTickPrio                               0x20000038   Data           4  stm32f1xx_hal.o(.data)
    uwTick                                   0x2000003c   Data           4  stm32f1xx_hal.o(.data)
    SystemCoreClock                          0x20000040   Data           4  system_stm32f1xx.o(.data)
    __stdout                                 0x20000044   Data           4  stdout.o(.data)
    ADC_Value                                0x2000004c   Data        4096  main.o(.bss)
    stringtemp                               0x2000104c   Data         100  main.o(.bss)
    PC0_Real                                 0x200010b0   Data        4096  main.o(.bss)
    PC1_Real                                 0x200020b0   Data        4096  main.o(.bss)
    PC1_Out                                  0x200030b0   Data        4096  main.o(.bss)
    PC1_Mag                                  0x200040b0   Data        4096  main.o(.bss)
    hadc1                                    0x200050b0   Data          48  adc.o(.bss)
    hdma_adc1                                0x200050e0   Data          68  adc.o(.bss)
    hi2c1                                    0x20005124   Data          84  i2c.o(.bss)
    huart1                                   0x20005178   Data          72  usart.o(.bss)
    huart2                                   0x200051c0   Data          72  usart.o(.bss)
    __initial_sp                             0x20006208   Data           0  startup_stm32f103xe.o(STACK)



==============================================================================

Memory Map of the image

  Image Entry point : 0x080001f1

  Load Region LR_IROM1 (Base: 0x08000000, Size: 0x000198cc, Max: 0x00080000, ABSOLUTE)

    Execution Region ER_IROM1 (Exec base: 0x08000000, Load base: 0x08000000, Size: 0x00019880, Max: 0x00080000, ABSOLUTE)

    Exec Addr    Load Addr    Size         Type   Attr      Idx    E Section Name        Object

    0x08000000   0x08000000   0x00000130   Data   RO            3    RESET               startup_stm32f103xe.o
    0x08000130   0x08000130   0x000000c0   Code   RO         3794    . text              arm_cortexM3l_math.lib(arm_bitreversal2.o)
    0x080001f0   0x080001f0   0x00000000   Code   RO         3806  * .ARM.Collect$$$$00000000  mc_w.l(entry.o)
    0x080001f0   0x080001f0   0x00000004   Code   RO         4102    .ARM.Collect$$$$00000001  mc_w.l(entry2.o)
    0x080001f4   0x080001f4   0x00000004   Code   RO         4105    .ARM.Collect$$$$00000004  mc_w.l(entry5.o)
    0x080001f8   0x080001f8   0x00000000   Code   RO         4107    .ARM.Collect$$$$00000008  mc_w.l(entry7b.o)
    0x080001f8   0x080001f8   0x00000000   Code   RO         4109    .ARM.Collect$$$$0000000A  mc_w.l(entry8b.o)
    0x080001f8   0x080001f8   0x00000008   Code   RO         4110    .ARM.Collect$$$$0000000B  mc_w.l(entry9a.o)
    0x08000200   0x08000200   0x00000004   Code   RO         4117    .ARM.Collect$$$$0000000E  mc_w.l(entry12b.o)
    0x08000204   0x08000204   0x00000000   Code   RO         4112    .ARM.Collect$$$$0000000F  mc_w.l(entry10a.o)
    0x08000204   0x08000204   0x00000000   Code   RO         4114    .ARM.Collect$$$$00000011  mc_w.l(entry11a.o)
    0x08000204   0x08000204   0x00000004   Code   RO         4103    .ARM.Collect$$$$00002712  mc_w.l(entry2.o)
    0x08000208   0x08000208   0x00000024   Code   RO            4    .text               startup_stm32f103xe.o
    0x0800022c   0x0800022c   0x00000050   Code   RO         3517    .text               arm_cortexM3l_math.lib(arm_cmplx_mag_f32.o)
    0x0800027c   0x0800027c   0x0000023c   Code   RO         3563    .text               arm_cortexM3l_math.lib(arm_rfft_fast_f32.o)
    0x080004b8   0x080004b8   0x00000128   Code   RO         3591    .text               arm_cortexM3l_math.lib(arm_rfft_fast_init_f32.o)
    0x080005e0   0x080005e0   0x0000006c   Code   RO         3619    .text               arm_cortexM3l_math.lib(arm_max_f32.o)
    0x0800064c   0x0800064c   0x0000006c   Code   RO         3643    .text               arm_cortexM3l_math.lib(arm_min_f32.o)
    0x080006b8   0x080006b8   0x00000a32   Code   RO         3667    .text               arm_cortexM3l_math.lib(arm_cfft_f32.o)
    0x080010ea   0x080010ea   0x00000002   PAD
    0x080010ec   0x080010ec   0x00000878   Code   RO         3773    .text               arm_cortexM3l_math.lib(arm_cfft_radix8_f32.o)
    0x08001964   0x08001964   0x00000020   Code   RO         3809    .text               mc_w.l(llushr.o)
    0x08001984   0x08001984   0x00000024   Code   RO         3811    .text               mc_w.l(memseta.o)
    0x080019a8   0x080019a8   0x000000b0   Code   RO         4074    .text               mf_w.l(fadd.o)
    0x08001a58   0x08001a58   0x00000064   Code   RO         4076    .text               mf_w.l(fmul.o)
    0x08001abc   0x08001abc   0x0000007c   Code   RO         4078    .text               mf_w.l(fdiv.o)
    0x08001b38   0x08001b38   0x00000018   Code   RO         4080    .text               mf_w.l(fscalb.o)
    0x08001b50   0x08001b50   0x0000014e   Code   RO         4082    .text               mf_w.l(dadd.o)
    0x08001c9e   0x08001c9e   0x000000e4   Code   RO         4084    .text               mf_w.l(dmul.o)
    0x08001d82   0x08001d82   0x000000de   Code   RO         4086    .text               mf_w.l(ddiv.o)
    0x08001e60   0x08001e60   0x00000012   Code   RO         4088    .text               mf_w.l(fflti.o)
    0x08001e72   0x08001e72   0x0000000a   Code   RO         4090    .text               mf_w.l(ffltui.o)
    0x08001e7c   0x08001e7c   0x00000032   Code   RO         4092    .text               mf_w.l(ffixi.o)
    0x08001eae   0x08001eae   0x00000026   Code   RO         4094    .text               mf_w.l(f2d.o)
    0x08001ed4   0x08001ed4   0x00000038   Code   RO         4096    .text               mf_w.l(d2f.o)
    0x08001f0c   0x08001f0c   0x00000014   Code   RO         4098    .text               mf_w.l(cfcmple.o)
    0x08001f20   0x08001f20   0x00000014   Code   RO         4100    .text               mf_w.l(cfrcmple.o)
    0x08001f34   0x08001f34   0x0000002c   Code   RO         4119    .text               mc_w.l(uidiv.o)
    0x08001f60   0x08001f60   0x00000062   Code   RO         4121    .text               mc_w.l(uldiv.o)
    0x08001fc2   0x08001fc2   0x0000001e   Code   RO         4123    .text               mc_w.l(llshl.o)
    0x08001fe0   0x08001fe0   0x00000024   Code   RO         4125    .text               mc_w.l(llsshr.o)
    0x08002004   0x08002004   0x00000000   Code   RO         4134    .text               mc_w.l(iusefp.o)
    0x08002004   0x08002004   0x0000006e   Code   RO         4135    .text               mf_w.l(fepilogue.o)
    0x08002072   0x08002072   0x0000005e   Code   RO         4137    .text               mf_w.l(fsqrt.o)
    0x080020d0   0x080020d0   0x000000ba   Code   RO         4139    .text               mf_w.l(depilogue.o)
    0x0800218a   0x0800218a   0x00000030   Code   RO         4141    .text               mf_w.l(dfixul.o)
    0x080021ba   0x080021ba   0x00000002   PAD
    0x080021bc   0x080021bc   0x00000030   Code   RO         4143    .text               mf_w.l(cdrcmple.o)
    0x080021ec   0x080021ec   0x00000024   Code   RO         4145    .text               mc_w.l(init.o)
    0x08002210   0x08002210   0x00000056   Code   RO         1390    i.ADC_ConversionStop_Disable  stm32f1xx_hal_adc.o
    0x08002266   0x08002266   0x0000004e   Code   RO         1391    i.ADC_DMAConvCplt   stm32f1xx_hal_adc.o
    0x080022b4   0x080022b4   0x0000001a   Code   RO         1392    i.ADC_DMAError      stm32f1xx_hal_adc.o
    0x080022ce   0x080022ce   0x0000000a   Code   RO         1393    i.ADC_DMAHalfConvCplt  stm32f1xx_hal_adc.o
    0x080022d8   0x080022d8   0x0000007c   Code   RO         1394    i.ADC_Enable        stm32f1xx_hal_adc.o
    0x08002354   0x08002354   0x00000002   Code   RO         1164    i.BusFault_Handler  stm32f1xx_it.o
    0x08002356   0x08002356   0x00000002   PAD
    0x08002358   0x08002358   0x0000000c   Code   RO         1165    i.DMA1_Channel1_IRQHandler  stm32f1xx_it.o
    0x08002364   0x08002364   0x0000002a   Code   RO         2046    i.DMA_SetConfig     stm32f1xx_hal_dma.o
    0x0800238e   0x0800238e   0x00000002   Code   RO         1166    i.DebugMon_Handler  stm32f1xx_it.o
    0x08002390   0x08002390   0x00000006   Code   RO         1167    i.EXTI0_IRQHandler  stm32f1xx_it.o
    0x08002396   0x08002396   0x00000008   Code   RO         1168    i.EXTI15_10_IRQHandler  stm32f1xx_it.o
    0x0800239e   0x0800239e   0x00000004   Code   RO          861    i.Error_Handler     main.o
    0x080023a2   0x080023a2   0x00000002   PAD
    0x080023a4   0x080023a4   0x00000050   Code   RO         1315    i.FFT               fft.o
    0x080023f4   0x080023f4   0x00000040   Code   RO         1316    i.FFT_Power_Mag     fft.o
    0x08002434   0x08002434   0x00000046   Code   RO           55    i.GUI_Dot           hmi_driver.o
    0x0800247a   0x0800247a   0x00000064   Code   RO           62    i.GUI_RectangleFill  hmi_driver.o
    0x080024de   0x080024de   0x00000002   PAD
    0x080024e0   0x080024e0   0x000000d8   Code   RO         1570    i.HAL_ADCEx_Calibration_Start  stm32f1xx_hal_adc_ex.o
    0x080025b8   0x080025b8   0x000000fc   Code   RO         1396    i.HAL_ADC_ConfigChannel  stm32f1xx_hal_adc.o
    0x080026b4   0x080026b4   0x00000002   Code   RO         1397    i.HAL_ADC_ConvCpltCallback  stm32f1xx_hal_adc.o
    0x080026b6   0x080026b6   0x00000002   Code   RO         1398    i.HAL_ADC_ConvHalfCpltCallback  stm32f1xx_hal_adc.o
    0x080026b8   0x080026b8   0x00000002   Code   RO         1400    i.HAL_ADC_ErrorCallback  stm32f1xx_hal_adc.o
    0x080026ba   0x080026ba   0x00000002   PAD
    0x080026bc   0x080026bc   0x00000120   Code   RO         1405    i.HAL_ADC_Init      stm32f1xx_hal_adc.o
    0x080027dc   0x080027dc   0x0000008c   Code   RO         1003    i.HAL_ADC_MspInit   adc.o
    0x08002868   0x08002868   0x0000010c   Code   RO         1412    i.HAL_ADC_Start_DMA  stm32f1xx_hal_adc.o
    0x08002974   0x08002974   0x00000248   Code   RO         2052    i.HAL_DMA_IRQHandler  stm32f1xx_hal_dma.o
    0x08002bbc   0x08002bbc   0x0000007c   Code   RO         2053    i.HAL_DMA_Init      stm32f1xx_hal_dma.o
    0x08002c38   0x08002c38   0x00000070   Code   RO         2057    i.HAL_DMA_Start_IT  stm32f1xx_hal_dma.o
    0x08002ca8   0x08002ca8   0x00000024   Code   RO         1673    i.HAL_Delay         stm32f1xx_hal.o
    0x08002ccc   0x08002ccc   0x000001c8   Code   RO          862    i.HAL_GPIO_EXTI_Callback  main.o
    0x08002e94   0x08002e94   0x00000018   Code   RO         1982    i.HAL_GPIO_EXTI_IRQHandler  stm32f1xx_hal_gpio.o
    0x08002eac   0x08002eac   0x000001f8   Code   RO         1983    i.HAL_GPIO_Init     stm32f1xx_hal_gpio.o
    0x080030a4   0x080030a4   0x00000010   Code   RO         1986    i.HAL_GPIO_TogglePin  stm32f1xx_hal_gpio.o
    0x080030b4   0x080030b4   0x0000000a   Code   RO         1987    i.HAL_GPIO_WritePin  stm32f1xx_hal_gpio.o
    0x080030be   0x080030be   0x00000002   PAD
    0x080030c0   0x080030c0   0x0000000c   Code   RO         1677    i.HAL_GetTick       stm32f1xx_hal.o
    0x080030cc   0x080030cc   0x00000004   Code   RO         2651    i.HAL_I2C_GetError  stm32f1xx_hal_i2c.o
    0x080030d0   0x080030d0   0x00000188   Code   RO         2654    i.HAL_I2C_Init      stm32f1xx_hal_i2c.o
    0x08003258   0x08003258   0x0000012c   Code   RO         2667    i.HAL_I2C_Master_Transmit  stm32f1xx_hal_i2c.o
    0x08003384   0x08003384   0x0000005c   Code   RO         1075    i.HAL_I2C_MspInit   i2c.o
    0x080033e0   0x080033e0   0x00000010   Code   RO         1683    i.HAL_IncTick       stm32f1xx_hal.o
    0x080033f0   0x080033f0   0x00000024   Code   RO         1684    i.HAL_Init          stm32f1xx_hal.o
    0x08003414   0x08003414   0x00000040   Code   RO         1685    i.HAL_InitTick      stm32f1xx_hal.o
    0x08003454   0x08003454   0x0000002c   Code   RO         1258    i.HAL_MspInit       stm32f1xx_hal_msp.o
    0x08003480   0x08003480   0x0000001a   Code   RO         2143    i.HAL_NVIC_EnableIRQ  stm32f1xx_hal_cortex.o
    0x0800349a   0x0800349a   0x00000002   PAD
    0x0800349c   0x0800349c   0x00000040   Code   RO         2149    i.HAL_NVIC_SetPriority  stm32f1xx_hal_cortex.o
    0x080034dc   0x080034dc   0x00000024   Code   RO         2150    i.HAL_NVIC_SetPriorityGrouping  stm32f1xx_hal_cortex.o
    0x08003500   0x08003500   0x000000b8   Code   RO         1944    i.HAL_RCCEx_GetPeriphCLKFreq  stm32f1xx_hal_rcc_ex.o
    0x080035b8   0x080035b8   0x000000ec   Code   RO         1945    i.HAL_RCCEx_PeriphCLKConfig  stm32f1xx_hal_rcc_ex.o
    0x080036a4   0x080036a4   0x0000012c   Code   RO         1841    i.HAL_RCC_ClockConfig  stm32f1xx_hal_rcc.o
    0x080037d0   0x080037d0   0x00000020   Code   RO         1848    i.HAL_RCC_GetPCLK1Freq  stm32f1xx_hal_rcc.o
    0x080037f0   0x080037f0   0x00000020   Code   RO         1849    i.HAL_RCC_GetPCLK2Freq  stm32f1xx_hal_rcc.o
    0x08003810   0x08003810   0x0000004c   Code   RO         1850    i.HAL_RCC_GetSysClockFreq  stm32f1xx_hal_rcc.o
    0x0800385c   0x0800385c   0x00000320   Code   RO         1853    i.HAL_RCC_OscConfig  stm32f1xx_hal_rcc.o
    0x08003b7c   0x08003b7c   0x00000028   Code   RO         2154    i.HAL_SYSTICK_Config  stm32f1xx_hal_cortex.o
    0x08003ba4   0x08003ba4   0x00000064   Code   RO         3146    i.HAL_UART_Init     stm32f1xx_hal_uart.o
    0x08003c08   0x08003c08   0x000000ac   Code   RO         1117    i.HAL_UART_MspInit  usart.o
    0x08003cb4   0x08003cb4   0x0000009a   Code   RO         3154    i.HAL_UART_Transmit  stm32f1xx_hal_uart.o
    0x08003d4e   0x08003d4e   0x00000002   Code   RO         1169    i.HardFault_Handler  stm32f1xx_it.o
    0x08003d50   0x08003d50   0x0000002e   Code   RO         2697    i.I2C_IsAcknowledgeFailed  stm32f1xx_hal_i2c.o
    0x08003d7e   0x08003d7e   0x00000002   PAD
    0x08003d80   0x08003d80   0x0000009c   Code   RO         2701    i.I2C_MasterRequestWrite  stm32f1xx_hal_i2c.o
    0x08003e1c   0x08003e1c   0x00000056   Code   RO         2712    i.I2C_WaitOnBTFFlagUntilTimeout  stm32f1xx_hal_i2c.o
    0x08003e72   0x08003e72   0x00000002   PAD
    0x08003e74   0x08003e74   0x00000090   Code   RO         2713    i.I2C_WaitOnFlagUntilTimeout  stm32f1xx_hal_i2c.o
    0x08003f04   0x08003f04   0x000000bc   Code   RO         2714    i.I2C_WaitOnMasterAddressFlagUntilTimeout  stm32f1xx_hal_i2c.o
    0x08003fc0   0x08003fc0   0x00000056   Code   RO         2716    i.I2C_WaitOnTXEFlagUntilTimeout  stm32f1xx_hal_i2c.o
    0x08004016   0x08004016   0x00000002   PAD
    0x08004018   0x08004018   0x0000003c   Code   RO          864    i.Lissajous_Figures  main.o
    0x08004054   0x08004054   0x0000006c   Code   RO         1004    i.MX_ADC1_Init      adc.o
    0x080040c0   0x080040c0   0x0000002c   Code   RO         1045    i.MX_DMA_Init       dma.o
    0x080040ec   0x080040ec   0x000000e4   Code   RO          978    i.MX_GPIO_Init      gpio.o
    0x080041d0   0x080041d0   0x00000040   Code   RO         1076    i.MX_I2C1_Init      i2c.o
    0x08004210   0x08004210   0x00000038   Code   RO         1118    i.MX_USART1_UART_Init  usart.o
    0x08004248   0x08004248   0x00000038   Code   RO         1119    i.MX_USART2_UART_Init  usart.o
    0x08004280   0x08004280   0x00000002   Code   RO         1170    i.MemManage_Handler  stm32f1xx_it.o
    0x08004282   0x08004282   0x00000002   Code   RO         1171    i.NMI_Handler       stm32f1xx_it.o
    0x08004284   0x08004284   0x00000002   Code   RO         1172    i.PendSV_Handler    stm32f1xx_it.o
    0x08004286   0x08004286   0x00000002   Code   RO         1173    i.SVC_Handler       stm32f1xx_it.o
    0x08004288   0x08004288   0x00000078   Code   RO          865    i.Select_Max_Number  main.o
    0x08004300   0x08004300   0x00000018   Code   RO          837    i.SendChar          hmi_user_uart.o
    0x08004318   0x08004318   0x00000016   Code   RO           94    i.SendStrings       hmi_driver.o
    0x0800432e   0x0800432e   0x00000038   Code   RO           96    i.SetBcolor         hmi_driver.o
    0x08004366   0x08004366   0x00000038   Code   RO          105    i.SetFcolor         hmi_driver.o
    0x0800439e   0x0800439e   0x00000054   Code   RO          120    i.SetTextValue      hmi_driver.o
    0x080043f2   0x080043f2   0x00000048   Code   RO          866    i.Set_Signal_Value  main.o
    0x0800443a   0x0800443a   0x00000002   PAD
    0x0800443c   0x0800443c   0x00000038   Code   RO         1282    i.Set_TPL0401A_Value  tpl0401a.o
    0x08004474   0x08004474   0x00000004   Code   RO         1174    i.SysTick_Handler   stm32f1xx_it.o
    0x08004478   0x08004478   0x0000007a   Code   RO          867    i.SystemClock_Config  main.o
    0x080044f2   0x080044f2   0x00000002   Code   RO         3480    i.SystemInit        system_stm32f1xx.o
    0x080044f4   0x080044f4   0x00000004   Code   RO         1283    i.TPL0401A_Init     tpl0401a.o
    0x080044f8   0x080044f8   0x000000b8   Code   RO         3172    i.UART_SetConfig    stm32f1xx_hal_uart.o
    0x080045b0   0x080045b0   0x00000078   Code   RO         3175    i.UART_WaitOnFlagUntilTimeout  stm32f1xx_hal_uart.o
    0x08004628   0x08004628   0x00000002   Code   RO         1175    i.UsageFault_Handler  stm32f1xx_it.o
    0x0800462a   0x0800462a   0x00000002   PAD
    0x0800462c   0x0800462c   0x00000020   Code   RO         4046    i.__0printf         mc_w.l(printfa.o)
    0x0800464c   0x0800464c   0x00000028   Code   RO         4048    i.__0sprintf        mc_w.l(printfa.o)
    0x08004674   0x08004674   0x00000020   Code   RO         2156    i.__NVIC_SetPriority  stm32f1xx_hal_cortex.o
    0x08004694   0x08004694   0x0000000e   Code   RO         4149    i.__scatterload_copy  mc_w.l(handlers.o)
    0x080046a2   0x080046a2   0x00000002   Code   RO         4150    i.__scatterload_null  mc_w.l(handlers.o)
    0x080046a4   0x080046a4   0x0000000e   Code   RO         4151    i.__scatterload_zeroinit  mc_w.l(handlers.o)
    0x080046b2   0x080046b2   0x00000002   PAD
    0x080046b4   0x080046b4   0x0000000c   Code   RO         4129    i.__set_errno       mc_w.l(errno.o)
    0x080046c0   0x080046c0   0x00000184   Code   RO         4053    i._fp_digits        mc_w.l(printfa.o)
    0x08004844   0x08004844   0x000006b4   Code   RO         4054    i._printf_core      mc_w.l(printfa.o)
    0x08004ef8   0x08004ef8   0x00000024   Code   RO         4055    i._printf_post_padding  mc_w.l(printfa.o)
    0x08004f1c   0x08004f1c   0x0000002e   Code   RO         4056    i._printf_pre_padding  mc_w.l(printfa.o)
    0x08004f4a   0x08004f4a   0x0000000a   Code   RO         4058    i._sputc            mc_w.l(printfa.o)
    0x08004f54   0x08004f54   0x00000018   Code   RO          868    i.fputc             main.o
    0x08004f6c   0x08004f6c   0x00000394   Code   RO          869    i.main              main.o
    0x08005300   0x08005300   0x0000002c   Code   RO         3799    i.sqrtf             m_ws.l(sqrtf.o)
    0x0800532c   0x0800532c   0x00001000   Data   RO         1317    .constdata          fft.o
    0x0800632c   0x0800632c   0x00000012   Data   RO         1854    .constdata          stm32f1xx_hal_rcc.o
    0x0800633e   0x0800633e   0x00000012   Data   RO         1946    .constdata          stm32f1xx_hal_rcc_ex.o
    0x08006350   0x08006350   0x00000010   Data   RO         3481    .constdata          system_stm32f1xx.o
    0x08006360   0x08006360   0x00000008   Data   RO         3482    .constdata          system_stm32f1xx.o
    0x08006368   0x08006368   0x00000080   Data   RO         3692    .constdata          arm_cortexM3l_math.lib(arm_common_tables.o)
    0x080063e8   0x080063e8   0x00000100   Data   RO         3693    .constdata          arm_cortexM3l_math.lib(arm_common_tables.o)
    0x080064e8   0x080064e8   0x00000200   Data   RO         3694    .constdata          arm_cortexM3l_math.lib(arm_common_tables.o)
    0x080066e8   0x080066e8   0x00000400   Data   RO         3695    .constdata          arm_cortexM3l_math.lib(arm_common_tables.o)
    0x08006ae8   0x08006ae8   0x00000800   Data   RO         3696    .constdata          arm_cortexM3l_math.lib(arm_common_tables.o)
    0x080072e8   0x080072e8   0x00001000   Data   RO         3697    .constdata          arm_cortexM3l_math.lib(arm_common_tables.o)
    0x080082e8   0x080082e8   0x00002000   Data   RO         3698    .constdata          arm_cortexM3l_math.lib(arm_common_tables.o)
    0x0800a2e8   0x0800a2e8   0x00004000   Data   RO         3699    .constdata          arm_cortexM3l_math.lib(arm_common_tables.o)
    0x0800e2e8   0x0800e2e8   0x00000028   Data   RO         3721    .constdata          arm_cortexM3l_math.lib(arm_common_tables.o)
    0x0800e310   0x0800e310   0x00000060   Data   RO         3722    .constdata          arm_cortexM3l_math.lib(arm_common_tables.o)
    0x0800e370   0x0800e370   0x00000070   Data   RO         3723    .constdata          arm_cortexM3l_math.lib(arm_common_tables.o)
    0x0800e3e0   0x0800e3e0   0x000001a0   Data   RO         3724    .constdata          arm_cortexM3l_math.lib(arm_common_tables.o)
    0x0800e580   0x0800e580   0x00000370   Data   RO         3725    .constdata          arm_cortexM3l_math.lib(arm_common_tables.o)
    0x0800e8f0   0x0800e8f0   0x00000380   Data   RO         3726    .constdata          arm_cortexM3l_math.lib(arm_common_tables.o)
    0x0800ec70   0x0800ec70   0x00000e10   Data   RO         3727    .constdata          arm_cortexM3l_math.lib(arm_common_tables.o)
    0x0800fa80   0x0800fa80   0x00001dc0   Data   RO         3728    .constdata          arm_cortexM3l_math.lib(arm_common_tables.o)
    0x08011840   0x08011840   0x00000080   Data   RO         3739    .constdata          arm_cortexM3l_math.lib(arm_common_tables.o)
    0x080118c0   0x080118c0   0x00000100   Data   RO         3740    .constdata          arm_cortexM3l_math.lib(arm_common_tables.o)
    0x080119c0   0x080119c0   0x00000200   Data   RO         3741    .constdata          arm_cortexM3l_math.lib(arm_common_tables.o)
    0x08011bc0   0x08011bc0   0x00000400   Data   RO         3742    .constdata          arm_cortexM3l_math.lib(arm_common_tables.o)
    0x08011fc0   0x08011fc0   0x00000800   Data   RO         3743    .constdata          arm_cortexM3l_math.lib(arm_common_tables.o)
    0x080127c0   0x080127c0   0x00001000   Data   RO         3744    .constdata          arm_cortexM3l_math.lib(arm_common_tables.o)
    0x080137c0   0x080137c0   0x00002000   Data   RO         3745    .constdata          arm_cortexM3l_math.lib(arm_common_tables.o)
    0x080157c0   0x080157c0   0x00004000   Data   RO         3746    .constdata          arm_cortexM3l_math.lib(arm_common_tables.o)
    0x080197c0   0x080197c0   0x0000009d   Data   RO          871    .conststring        main.o
    0x0801985d   0x0801985d   0x00000003   PAD
    0x08019860   0x08019860   0x00000020   Data   RO         4147    Region$$Table       anon$$obj.o


    Execution Region RW_IRAM1 (Exec base: 0x20000000, Load base: 0x08019880, Size: 0x00006208, Max: 0x00010000, ABSOLUTE)

    Exec Addr    Load Addr    Size         Type   Attr      Idx    E Section Name        Object

    0x20000000   0x08019880   0x00000034   Data   RW          872    .data               main.o
    0x20000034   0x080198b4   0x0000000c   Data   RW         1691    .data               stm32f1xx_hal.o
    0x20000040   0x080198c0   0x00000004   Data   RW         3483    .data               system_stm32f1xx.o
    0x20000044   0x080198c4   0x00000004   Data   RW         4118    .data               mc_w.l(stdout.o)
    0x20000048   0x080198c8   0x00000004   Data   RW         4130    .data               mc_w.l(errno.o)
    0x2000004c        -       0x00005064   Zero   RW          870    .bss                main.o
    0x200050b0        -       0x00000074   Zero   RW         1005    .bss                adc.o
    0x20005124        -       0x00000054   Zero   RW         1077    .bss                i2c.o
    0x20005178        -       0x00000090   Zero   RW         1120    .bss                usart.o
    0x20005208        -       0x00001000   Zero   RW            1    STACK               startup_stm32f103xe.o


==============================================================================

Image component sizes


      Code (inc. data)   RO Data    RW Data    ZI Data      Debug   Object Name

       248         30          0          0        116       1859   adc.o
        44          4          0          0          0        802   dma.o
       144          4       4096          0          0       1986   fft.o
       228         20          0          0          0       1011   gpio.o
       388          0          0          0          0     490253   hmi_driver.o
        24          6          0          0          0        515   hmi_user_uart.o
       156         26          0          0         84       1713   i2c.o
      1774        336        157         52      20580      28635   main.o
        36          8        304          0       4096        824   startup_stm32f103xe.o
       164         28          0         12          0       6689   stm32f1xx_hal.o
      1138         60          0          0          0       8850   stm32f1xx_hal_adc.o
       216          6          0          0          0       1478   stm32f1xx_hal_adc_ex.o
       198         14          0          0          0      29083   stm32f1xx_hal_cortex.o
       862         44          0          0          0       3775   stm32f1xx_hal_dma.o
       554         48          0          0          0       4216   stm32f1xx_hal_gpio.o
      1402         32          0          0          0       9880   stm32f1xx_hal_i2c.o
        44          6          0          0          0        878   stm32f1xx_hal_msp.o
      1240         84         18          0          0       5244   stm32f1xx_hal_rcc.o
       420         30         18          0          0       2585   stm32f1xx_hal_rcc_ex.o
       558          6          0          0          0       4084   stm32f1xx_hal_uart.o
        46          6          0          0          0       5459   stm32f1xx_it.o
         2          0         24          4          0       1179   system_stm32f1xx.o
        60          4          0          0          0       1465   tpl0401a.o
       284         32          0          0        144       2463   usart.o

    ----------------------------------------------------------------------
     10252        834       4652         68      25020     614926   Object Totals
         0          0         32          0          0          0   (incl. Generated)
        22          0          3          0          0          0   (incl. Padding)

    ----------------------------------------------------------------------

      Code (inc. data)   RO Data    RW Data    ZI Data      Debug   Library Member Name

       192          0          0          0          0        524   arm_bitreversal2.o
      2610          0          0          0          0       3577   arm_cfft_f32.o
      2168         10          0          0          0       2519   arm_cfft_radix8_f32.o
        80          0          0          0          0      18908   arm_cmplx_mag_f32.o
         0          0      78936          0          0       4704   arm_common_tables.o
       108          0          0          0          0       1534   arm_max_f32.o
       108          0          0          0          0       1534   arm_min_f32.o
       572          0          0          0          0      17500   arm_rfft_fast_f32.o
       296         98          0          0          0       1249   arm_rfft_fast_init_f32.o
        44          0          0          0          0         80   sqrtf.o
         0          0          0          0          0          0   entry.o
         0          0          0          0          0          0   entry10a.o
         0          0          0          0          0          0   entry11a.o
         4          0          0          0          0          0   entry12b.o
         8          4          0          0          0          0   entry2.o
         4          0          0          0          0          0   entry5.o
         0          0          0          0          0          0   entry7b.o
         0          0          0          0          0          0   entry8b.o
         8          4          0          0          0          0   entry9a.o
        12          6          0          4          0         68   errno.o
        30          0          0          0          0          0   handlers.o
        36          8          0          0          0         68   init.o
         0          0          0          0          0          0   iusefp.o
        30          0          0          0          0         68   llshl.o
        36          0          0          0          0         68   llsshr.o
        32          0          0          0          0         68   llushr.o
        36          0          0          0          0        108   memseta.o
      2268         96          0          0          0        616   printfa.o
         0          0          0          4          0          0   stdout.o
        44          0          0          0          0         80   uidiv.o
        98          0          0          0          0         92   uldiv.o
        48          0          0          0          0         68   cdrcmple.o
        20          0          0          0          0         68   cfcmple.o
        20          0          0          0          0         68   cfrcmple.o
        56          0          0          0          0         88   d2f.o
       334          0          0          0          0        148   dadd.o
       222          0          0          0          0        100   ddiv.o
       186          0          0          0          0        176   depilogue.o
        48          0          0          0          0         68   dfixul.o
       228          0          0          0          0         96   dmul.o
        38          0          0          0          0         68   f2d.o
       176          0          0          0          0        140   fadd.o
       124          0          0          0          0         88   fdiv.o
       110          0          0          0          0        168   fepilogue.o
        50          0          0          0          0         68   ffixi.o
        18          0          0          0          0         68   fflti.o
        10          0          0          0          0         68   ffltui.o
       100          0          0          0          0         76   fmul.o
        24          0          0          0          0         68   fscalb.o
        94          0          0          0          0         96   fsqrt.o

    ----------------------------------------------------------------------
     10736        226      78936          8          0      55153   Library Totals
         6          0          0          0          0          0   (incl. Padding)

    ----------------------------------------------------------------------

      Code (inc. data)   RO Data    RW Data    ZI Data      Debug   Library Name

      6134        108      78936          0          0      52049   arm_cortexM3l_math.lib
        44          0          0          0          0         80   m_ws.l
      2646        118          0          8          0       1236   mc_w.l
      1906          0          0          0          0       1788   mf_w.l

    ----------------------------------------------------------------------
     10736        226      78936          8          0      55153   Library Totals

    ----------------------------------------------------------------------

==============================================================================


      Code (inc. data)   RO Data    RW Data    ZI Data      Debug   

     20988       1060      83588         76      25020     663523   Grand Totals
     20988       1060      83588         76      25020     663523   ELF Image Totals
     20988       1060      83588         76          0          0   ROM Totals

==============================================================================

    Total RO  Size (Code + RO Data)               104576 ( 102.13kB)
    Total RW  Size (RW Data + ZI Data)             25096 (  24.51kB)
    Total ROM Size (Code + RO Data + RW Data)     104652 ( 102.20kB)

==============================================================================

