Component: ARM Compiler 5.06 update 7 (build 960) Tool: armlink [4d3601]

==============================================================================

Section Cross References

    startup_stm32f103xe.o(RESET) refers to startup_stm32f103xe.o(STACK) for __initial_sp
    startup_stm32f103xe.o(RESET) refers to startup_stm32f103xe.o(.text) for Reset_Handler
    startup_stm32f103xe.o(RESET) refers to stm32f1xx_it.o(i.NMI_Handler) for NMI_Handler
    startup_stm32f103xe.o(RESET) refers to stm32f1xx_it.o(i.HardFault_Handler) for HardFault_Handler
    startup_stm32f103xe.o(RESET) refers to stm32f1xx_it.o(i.MemManage_Handler) for MemManage_Handler
    startup_stm32f103xe.o(RESET) refers to stm32f1xx_it.o(i.BusFault_Handler) for BusFault_Handler
    startup_stm32f103xe.o(RESET) refers to stm32f1xx_it.o(i.UsageFault_Handler) for UsageFault_Handler
    startup_stm32f103xe.o(RESET) refers to stm32f1xx_it.o(i.SVC_Handler) for SVC_Handler
    startup_stm32f103xe.o(RESET) refers to stm32f1xx_it.o(i.DebugMon_Handler) for DebugMon_Handler
    startup_stm32f103xe.o(RESET) refers to stm32f1xx_it.o(i.PendSV_Handler) for PendSV_Handler
    startup_stm32f103xe.o(RESET) refers to bsp_systick.o(i.SysTick_Handler) for SysTick_Handler
    startup_stm32f103xe.o(RESET) refers to stm32f1xx_it.o(i.ADC1_2_IRQHandler) for ADC1_2_IRQHandler
    startup_stm32f103xe.o(.text) refers to system_stm32f1xx.o(i.SystemInit) for SystemInit
    startup_stm32f103xe.o(.text) refers to entry.o(.ARM.Collect$$$$00000000) for __main
    system_stm32f1xx.o(i.SystemCoreClockUpdate) refers to system_stm32f1xx.o(.data) for SystemCoreClock
    system_stm32f1xx.o(i.SystemCoreClockUpdate) refers to system_stm32f1xx.o(.constdata) for AHBPrescTable
    stm32f1xx_hal.o(i.HAL_DeInit) refers to stm32f1xx_hal.o(i.HAL_MspDeInit) for HAL_MspDeInit
    stm32f1xx_hal.o(i.HAL_Delay) refers to stm32f1xx_hal.o(i.HAL_GetTick) for HAL_GetTick
    stm32f1xx_hal.o(i.HAL_GetTick) refers to stm32f1xx_hal.o(.data) for uwTick
    stm32f1xx_hal.o(i.HAL_IncTick) refers to stm32f1xx_hal.o(.data) for uwTick
    stm32f1xx_hal.o(i.HAL_Init) refers to stm32f1xx_hal_cortex.o(i.HAL_NVIC_SetPriorityGrouping) for HAL_NVIC_SetPriorityGrouping
    stm32f1xx_hal.o(i.HAL_Init) refers to stm32f1xx_hal.o(i.HAL_InitTick) for HAL_InitTick
    stm32f1xx_hal.o(i.HAL_Init) refers to stm32f1xx_hal.o(i.HAL_MspInit) for HAL_MspInit
    stm32f1xx_hal.o(i.HAL_InitTick) refers to stm32f1xx_hal_cortex.o(i.HAL_SYSTICK_Config) for HAL_SYSTICK_Config
    stm32f1xx_hal.o(i.HAL_InitTick) refers to stm32f1xx_hal_cortex.o(i.HAL_NVIC_SetPriority) for HAL_NVIC_SetPriority
    stm32f1xx_hal.o(i.HAL_InitTick) refers to system_stm32f1xx.o(.data) for SystemCoreClock
    stm32f1xx_hal_adc.o(i.ADC_ConversionStop_Disable) refers to stm32f1xx_hal.o(i.HAL_GetTick) for HAL_GetTick
    stm32f1xx_hal_adc.o(i.ADC_DMAConvCplt) refers to bsp_adc.o(i.HAL_ADC_ConvCpltCallback) for HAL_ADC_ConvCpltCallback
    stm32f1xx_hal_adc.o(i.ADC_DMAError) refers to stm32f1xx_hal_adc.o(i.HAL_ADC_ErrorCallback) for HAL_ADC_ErrorCallback
    stm32f1xx_hal_adc.o(i.ADC_DMAHalfConvCplt) refers to stm32f1xx_hal_adc.o(i.HAL_ADC_ConvHalfCpltCallback) for HAL_ADC_ConvHalfCpltCallback
    stm32f1xx_hal_adc.o(i.ADC_Enable) refers to stm32f1xx_hal.o(i.HAL_GetTick) for HAL_GetTick
    stm32f1xx_hal_adc.o(i.ADC_Enable) refers to system_stm32f1xx.o(.data) for SystemCoreClock
    stm32f1xx_hal_adc.o(i.HAL_ADC_ConfigChannel) refers to system_stm32f1xx.o(.data) for SystemCoreClock
    stm32f1xx_hal_adc.o(i.HAL_ADC_DeInit) refers to stm32f1xx_hal_adc.o(i.ADC_ConversionStop_Disable) for ADC_ConversionStop_Disable
    stm32f1xx_hal_adc.o(i.HAL_ADC_DeInit) refers to stm32f1xx_hal_adc.o(i.HAL_ADC_MspDeInit) for HAL_ADC_MspDeInit
    stm32f1xx_hal_adc.o(i.HAL_ADC_IRQHandler) refers to bsp_adc.o(i.HAL_ADC_ConvCpltCallback) for HAL_ADC_ConvCpltCallback
    stm32f1xx_hal_adc.o(i.HAL_ADC_IRQHandler) refers to stm32f1xx_hal_adc_ex.o(i.HAL_ADCEx_InjectedConvCpltCallback) for HAL_ADCEx_InjectedConvCpltCallback
    stm32f1xx_hal_adc.o(i.HAL_ADC_IRQHandler) refers to stm32f1xx_hal_adc.o(i.HAL_ADC_LevelOutOfWindowCallback) for HAL_ADC_LevelOutOfWindowCallback
    stm32f1xx_hal_adc.o(i.HAL_ADC_Init) refers to stm32f1xx_hal_adc.o(i.HAL_ADC_MspInit) for HAL_ADC_MspInit
    stm32f1xx_hal_adc.o(i.HAL_ADC_Init) refers to stm32f1xx_hal_adc.o(i.ADC_ConversionStop_Disable) for ADC_ConversionStop_Disable
    stm32f1xx_hal_adc.o(i.HAL_ADC_PollForConversion) refers to stm32f1xx_hal.o(i.HAL_GetTick) for HAL_GetTick
    stm32f1xx_hal_adc.o(i.HAL_ADC_PollForConversion) refers to stm32f1xx_hal_rcc_ex.o(i.HAL_RCCEx_GetPeriphCLKFreq) for HAL_RCCEx_GetPeriphCLKFreq
    stm32f1xx_hal_adc.o(i.HAL_ADC_PollForConversion) refers to system_stm32f1xx.o(.data) for SystemCoreClock
    stm32f1xx_hal_adc.o(i.HAL_ADC_PollForEvent) refers to stm32f1xx_hal.o(i.HAL_GetTick) for HAL_GetTick
    stm32f1xx_hal_adc.o(i.HAL_ADC_Start) refers to stm32f1xx_hal_adc.o(i.ADC_Enable) for ADC_Enable
[...]
    ../fplib/microlib/fpfix.c                0x00000000   Number         0  dfixui.o ABSOLUTE
    ../fplib/microlib/fpfix.c                0x00000000   Number         0  dfixul.o ABSOLUTE
    ../fplib/microlib/fpflt.c                0x00000000   Number         0  ffltui.o ABSOLUTE
    ../fplib/microlib/fpflt.c                0x00000000   Number         0  dfltui.o ABSOLUTE
    ../fplib/microlib/fpflt.c                0x00000000   Number         0  fflti.o ABSOLUTE
    ../fplib/microlib/fpflt.c                0x00000000   Number         0  dflti.o ABSOLUTE
    ../fplib/microlib/fpmul.c                0x00000000   Number         0  dmul.o ABSOLUTE
    ../fplib/microlib/fpmul.c                0x00000000   Number         0  fmul.o ABSOLUTE
    ../fplib/microlib/fpscalb.c              0x00000000   Number         0  dscalb.o ABSOLUTE
    ../fplib/microlib/fpsqrt.c               0x00000000   Number         0  dsqrt.o ABSOLUTE
    ../mathlib/atan.c                        0x00000000   Number         0  atan_x.o ABSOLUTE
    ../mathlib/atan.c                        0x00000000   Number         0  atan.o ABSOLUTE
    ../mathlib/cos.c                         0x00000000   Number         0  cos_x.o ABSOLUTE
    ../mathlib/cos.c                         0x00000000   Number         0  cos.o ABSOLUTE
    ../mathlib/cos_i.c                       0x00000000   Number         0  cos_i.o ABSOLUTE
    ../mathlib/dunder.c                      0x00000000   Number         0  dunder.o ABSOLUTE
    ../mathlib/fpclassify.c                  0x00000000   Number         0  fpclassify.o ABSOLUTE
    ../mathlib/poly.c                        0x00000000   Number         0  poly.o ABSOLUTE
    ../mathlib/rred.c                        0x00000000   Number         0  rred.o ABSOLUTE
    ../mathlib/sin.c                         0x00000000   Number         0  sin.o ABSOLUTE
    ../mathlib/sin.c                         0x00000000   Number         0  sin_x.o ABSOLUTE
    ../mathlib/sin_i.c                       0x00000000   Number         0  sin_i.o ABSOLUTE
    ../mathlib/sin_i.c                       0x00000000   Number         0  sin_i_x.o ABSOLUTE
    ../mathlib/sqrt.c                        0x00000000   Number         0  sqrt_x.o ABSOLUTE
    ../mathlib/sqrt.c                        0x00000000   Number         0  sqrt.o ABSOLUTE
    ..\Libraries\CMSIS\Device\ST\STM32F1xx\Source\Templates\arm\startup_stm32f103xe.s 0x00000000   Number         0  startup_stm32f103xe.o ABSOLUTE
    ..\Libraries\CMSIS\Device\ST\STM32F1xx\Source\Templates\system_stm32f1xx.c 0x00000000   Number         0  system_stm32f1xx.o ABSOLUTE
    ..\Libraries\STM32F1xx_HAL_Driver\Src\stm32f1xx_hal.c 0x00000000   Number         0  stm32f1xx_hal.o ABSOLUTE
    ..\Libraries\STM32F1xx_HAL_Driver\Src\stm32f1xx_hal_adc.c 0x00000000   Number         0  stm32f1xx_hal_adc.o ABSOLUTE
    ..\Libraries\STM32F1xx_HAL_Driver\Src\stm32f1xx_hal_adc_ex.c 0x00000000   Number         0  stm32f1xx_hal_adc_ex.o ABSOLUTE
    ..\Libraries\STM32F1xx_HAL_Driver\Src\stm32f1xx_hal_can.c 0x00000000   Number         0  stm32f1xx_hal_can.o ABSOLUTE
    ..\Libraries\STM32F1xx_HAL_Driver\Src\stm32f1xx_hal_cec.c 0x00000000   Number         0  stm32f1xx_hal_cec.o ABSOLUTE
    ..\Libraries\STM32F1xx_HAL_Driver\Src\stm32f1xx_hal_cortex.c 0x00000000   Number         0  stm32f1xx_hal_cortex.o ABSOLUTE
    ..\Libraries\STM32F1xx_HAL_Driver\Src\stm32f1xx_hal_crc.c 0x00000000   Number         0  stm32f1xx_hal_crc.o ABSOLUTE
    ..\Libraries\STM32F1xx_HAL_Driver\Src\stm32f1xx_hal_dac.c 0x00000000   Number         0  stm32f1xx_hal_dac.o ABSOLUTE
    ..\Libraries\STM32F1xx_HAL_Driver\Src\stm32f1xx_hal_dac_ex.c 0x00000000   Number         0  stm32f1xx_hal_dac_ex.o ABSOLUTE
    ..\Libraries\STM32F1xx_HAL_Driver\Src\stm32f1xx_hal_dma.c 0x00000000   Number         0  stm32f1xx_hal_dma.o ABSOLUTE
    ..\Libraries\STM32F1xx_HAL_Driver\Src\stm32f1xx_hal_eth.c 0x00000000   Number         0  stm32f1xx_hal_eth.o ABSOLUTE
    ..\Libraries\STM32F1xx_HAL_Driver\Src\stm32f1xx_hal_flash.c 0x00000000   Number         0  stm32f1xx_hal_flash.o ABSOLUTE
    ..\Libraries\STM32F1xx_HAL_Driver\Src\stm32f1xx_hal_flash_ex.c 0x00000000   Number         0  stm32f1xx_hal_flash_ex.o ABSOLUTE
    ..\Libraries\STM32F1xx_HAL_Driver\Src\stm32f1xx_hal_gpio.c 0x00000000   Number         0  stm32f1xx_hal_gpio.o ABSOLUTE
    ..\Libraries\STM32F1xx_HAL_Driver\Src\stm32f1xx_hal_gpio_ex.c 0x00000000   Number         0  stm32f1xx_hal_gpio_ex.o ABSOLUTE
    ..\Libraries\STM32F1xx_HAL_Driver\Src\stm32f1xx_hal_hcd.c 0x00000000   Number         0  stm32f1xx_hal_hcd.o ABSOLUTE
    ..\Libraries\STM32F1xx_HAL_Driver\Src\stm32f1xx_hal_i2c.c 0x00000000   Number         0  stm32f1xx_hal_i2c.o ABSOLUTE
    ..\Libraries\STM32F1xx_HAL_Driver\Src\stm32f1xx_hal_i2s.c 0x00000000   Number         0  stm32f1xx_hal_i2s.o ABSOLUTE
    ..\Libraries\STM32F1xx_HAL_Driver\Src\stm32f1xx_hal_irda.c 0x00000000   Number         0  stm32f1xx_hal_irda.o ABSOLUTE
    ..\Libraries\STM32F1xx_HAL_Driver\Src\stm32f1xx_hal_iwdg.c 0x00000000   Number         0  stm32f1xx_hal_iwdg.o ABSOLUTE
    ..\Libraries\STM32F1xx_HAL_Driver\Src\stm32f1xx_hal_mmc.c 0x00000000   Number         0  stm32f1xx_hal_mmc.o ABSOLUTE
    ..\Libraries\STM32F1xx_HAL_Driver\Src\stm32f1xx_hal_nand.c 0x00000000   Number         0  stm32f1xx_hal_nand.o ABSOLUTE
    ..\Libraries\STM32F1xx_HAL_Driver\Src\stm32f1xx_hal_nor.c 0x00000000   Number         0  stm32f1xx_hal_nor.o ABSOLUTE
    ..\Libraries\STM32F1xx_HAL_Driver\Src\stm32f1xx_hal_pccard.c 0x00000000   Number         0  stm32f1xx_hal_pccard.o ABSOLUTE
    ..\Libraries\STM32F1xx_HAL_Driver\Src\stm32f1xx_hal_pcd.c 0x00000000   Number         0  stm32f1xx_hal_pcd.o ABSOLUTE
    ..\Libraries\STM32F1xx_HAL_Driver\Src\stm32f1xx_hal_pcd_ex.c 0x00000000   Number         0  stm32f1xx_hal_pcd_ex.o ABSOLUTE
    ..\Libraries\STM32F1xx_HAL_Driver\Src\stm32f1xx_hal_pwr.c 0x00000000   Number         0  stm32f1xx_hal_pwr.o ABSOLUTE
    ..\Libraries\STM32F1xx_HAL_Driver\Src\stm32f1xx_hal_rcc.c 0x00000000   Number         0  stm32f1xx_hal_rcc.o ABSOLUTE
    ..\Libraries\STM32F1xx_HAL_Driver\Src\stm32f1xx_hal_rcc_ex.c 0x00000000   Number         0  stm32f1xx_hal_rcc_ex.o ABSOLUTE
    ..\Libraries\STM32F1xx_HAL_Driver\Src\stm32f1xx_hal_rtc.c 0x00000000   Number         0  stm32f1xx_hal_rtc.o ABSOLUTE
    ..\Libraries\STM32F1xx_HAL_Driver\Src\stm32f1xx_hal_rtc_ex.c 0x00000000   Number         0  stm32f1xx_hal_rtc_ex.o ABSOLUTE
    ..\Libraries\STM32F1xx_HAL_Driver\Src\stm32f1xx_hal_sd.c 0x00000000   Number         0  stm32f1xx_hal_sd.o ABSOLUTE
    ..\Libraries\STM32F1xx_HAL_Driver\Src\stm32f1xx_hal_smartcard.c 0x00000000   Number         0  stm32f1xx_hal_smartcard.o ABSOLUTE
    ..\Libraries\STM32F1xx_HAL_Driver\Src\stm32f1xx_hal_spi.c 0x00000000   Number         0  stm32f1xx_hal_spi.o ABSOLUTE
    ..\Libraries\STM32F1xx_HAL_Driver\Src\stm32f1xx_hal_spi_ex.c 0x00000000   Number         0  stm32f1xx_hal_spi_ex.o ABSOLUTE
    ..\Libraries\STM32F1xx_HAL_Driver\Src\stm32f1xx_hal_sram.c 0x00000000   Number         0  stm32f1xx_hal_sram.o ABSOLUTE
    ..\Libraries\STM32F1xx_HAL_Driver\Src\stm32f1xx_hal_tim.c 0x00000000   Number         0  stm32f1xx_hal_tim.o ABSOLUTE
    ..\Libraries\STM32F1xx_HAL_Driver\Src\stm32f1xx_hal_tim_ex.c 0x00000000   Number         0  stm32f1xx_hal_tim_ex.o ABSOLUTE
    ..\Libraries\STM32F1xx_HAL_Driver\Src\stm32f1xx_hal_uart.c 0x00000000   Number         0  stm32f1xx_hal_uart.o ABSOLUTE
    ..\Libraries\STM32F1xx_HAL_Driver\Src\stm32f1xx_hal_usart.c 0x00000000   Number         0  stm32f1xx_hal_usart.o ABSOLUTE
    ..\Libraries\STM32F1xx_HAL_Driver\Src\stm32f1xx_hal_wwdg.c 0x00000000   Number         0  stm32f1xx_hal_wwdg.o ABSOLUTE
    ..\Libraries\STM32F1xx_HAL_Driver\Src\stm32f1xx_ll_fsmc.c 0x00000000   Number         0  stm32f1xx_ll_fsmc.o ABSOLUTE
    ..\Libraries\STM32F1xx_HAL_Driver\Src\stm32f1xx_ll_sdmmc.c 0x00000000   Number         0  stm32f1xx_ll_sdmmc.o ABSOLUTE
    ..\Libraries\STM32F1xx_HAL_Driver\Src\stm32f1xx_ll_usb.c 0x00000000   Number         0  stm32f1xx_ll_usb.o ABSOLUTE
    ..\User\adc\bsp_adc.c                    0x00000000   Number         0  bsp_adc.o ABSOLUTE
    ..\User\dsp\cr4_fft_1024_stm32.s         0x00000000   Number         0  cr4_fft_1024_stm32.o ABSOLUTE
    ..\User\dsp\cr4_fft_256_stm32.s          0x00000000   Number         0  cr4_fft_256_stm32.o ABSOLUTE
    ..\User\fft\fft.c                        0x00000000   Number         0  fft.o ABSOLUTE
    ..\User\flash\bsp_spi_flash.c            0x00000000   Number         0  bsp_spi_flash.o ABSOLUTE
    ..\User\font\fonts.c                     0x00000000   Number         0  fonts.o ABSOLUTE
    ..\User\lcd\bsp_ili9341_lcd.c            0x00000000   Number         0  bsp_ili9341_lcd.o ABSOLUTE
    ..\User\led\bsp_led.c                    0x00000000   Number         0  bsp_led.o ABSOLUTE
    ..\User\main.c                           0x00000000   Number         0  main.o ABSOLUTE
    ..\User\stm32f1xx_it.c                   0x00000000   Number         0  stm32f1xx_it.o ABSOLUTE
    ..\User\systick\bsp_SysTick.c            0x00000000   Number         0  bsp_systick.o ABSOLUTE
    ..\User\usart\bsp_debug_usart.c          0x00000000   Number         0  bsp_debug_usart.o ABSOLUTE
    ..\\Libraries\\CMSIS\\Device\\ST\\STM32F1xx\\Source\\Templates\\system_stm32f1xx.c 0x00000000   Number         0  system_stm32f1xx.o ABSOLUTE
    ..\\Libraries\\STM32F1xx_HAL_Driver\\Src\\stm32f1xx_hal.c 0x00000000   Number         0  stm32f1xx_hal.o ABSOLUTE
    ..\\Libraries\\STM32F1xx_HAL_Driver\\Src\\stm32f1xx_hal_adc.c 0x00000000   Number         0  stm32f1xx_hal_adc.o ABSOLUTE
    ..\\Libraries\\STM32F1xx_HAL_Driver\\Src\\stm32f1xx_hal_adc_ex.c 0x00000000   Number         0  stm32f1xx_hal_adc_ex.o ABSOLUTE
    ..\\Libraries\\STM32F1xx_HAL_Driver\\Src\\stm32f1xx_hal_can.c 0x00000000   Number         0  stm32f1xx_hal_can.o ABSOLUTE
    ..\\Libraries\\STM32F1xx_HAL_Driver\\Src\\stm32f1xx_hal_cec.c 0x00000000   Number         0  stm32f1xx_hal_cec.o ABSOLUTE
    ..\\Libraries\\STM32F1xx_HAL_Driver\\Src\\stm32f1xx_hal_cortex.c 0x00000000   Number         0  stm32f1xx_hal_cortex.o ABSOLUTE
    ..\\Libraries\\STM32F1xx_HAL_Driver\\Src\\stm32f1xx_hal_crc.c 0x00000000   Number         0  stm32f1xx_hal_crc.o ABSOLUTE
    ..\\Libraries\\STM32F1xx_HAL_Driver\\Src\\stm32f1xx_hal_dac.c 0x00000000   Number         0  stm32f1xx_hal_dac.o ABSOLUTE
    ..\\Libraries\\STM32F1xx_HAL_Driver\\Src\\stm32f1xx_hal_dac_ex.c 0x00000000   Number         0  stm32f1xx_hal_dac_ex.o ABSOLUTE
    ..\\Libraries\\STM32F1xx_HAL_Driver\\Src\\stm32f1xx_hal_dma.c 0x00000000   Number         0  stm32f1xx_hal_dma.o ABSOLUTE
    ..\\Libraries\\STM32F1xx_HAL_Driver\\Src\\stm32f1xx_hal_eth.c 0x00000000   Number         0  stm32f1xx_hal_eth.o ABSOLUTE
    ..\\Libraries\\STM32F1xx_HAL_Driver\\Src\\stm32f1xx_hal_flash.c 0x00000000   Number         0  stm32f1xx_hal_flash.o ABSOLUTE
    ..\\Libraries\\STM32F1xx_HAL_Driver\\Src\\stm32f1xx_hal_flash_ex.c 0x00000000   Number         0  stm32f1xx_hal_flash_ex.o ABSOLUTE
    ..\\Libraries\\STM32F1xx_HAL_Driver\\Src\\stm32f1xx_hal_gpio.c 0x00000000   Number         0  stm32f1xx_hal_gpio.o ABSOLUTE
    ..\\Libraries\\STM32F1xx_HAL_Driver\\Src\\stm32f1xx_hal_gpio_ex.c 0x00000000   Number         0  stm32f1xx_hal_gpio_ex.o ABSOLUTE
    ..\\Libraries\\STM32F1xx_HAL_Driver\\Src\\stm32f1xx_hal_hcd.c 0x00000000   Number         0  stm32f1xx_hal_hcd.o ABSOLUTE
    ..\\Libraries\\STM32F1xx_HAL_Driver\\Src\\stm32f1xx_hal_i2c.c 0x00000000   Number         0  stm32f1xx_hal_i2c.o ABSOLUTE
    ..\\Libraries\\STM32F1xx_HAL_Driver\\Src\\stm32f1xx_hal_i2s.c 0x00000000   Number         0  stm32f1xx_hal_i2s.o ABSOLUTE
    ..\\Libraries\\STM32F1xx_HAL_Driver\\Src\\stm32f1xx_hal_irda.c 0x00000000   Number         0  stm32f1xx_hal_irda.o ABSOLUTE
    ..\\Libraries\\STM32F1xx_HAL_Driver\\Src\\stm32f1xx_hal_iwdg.c 0x00000000   Number         0  stm32f1xx_hal_iwdg.o ABSOLUTE
    ..\\Libraries\\STM32F1xx_HAL_Driver\\Src\\stm32f1xx_hal_mmc.c 0x00000000   Number         0  stm32f1xx_hal_mmc.o ABSOLUTE
    ..\\Libraries\\STM32F1xx_HAL_Driver\\Src\\stm32f1xx_hal_nand.c 0x00000000   Number         0  stm32f1xx_hal_nand.o ABSOLUTE
    ..\\Libraries\\STM32F1xx_HAL_Driver\\Src\\stm32f1xx_hal_nor.c 0x00000000   Number         0  stm32f1xx_hal_nor.o ABSOLUTE
    ..\\Libraries\\STM32F1xx_HAL_Driver\\Src\\stm32f1xx_hal_pccard.c 0x00000000   Number         0  stm32f1xx_hal_pccard.o ABSOLUTE
    ..\\Libraries\\STM32F1xx_HAL_Driver\\Src\\stm32f1xx_hal_pcd.c 0x00000000   Number         0  stm32f1xx_hal_pcd.o ABSOLUTE
    ..\\Libraries\\STM32F1xx_HAL_Driver\\Src\\stm32f1xx_hal_pcd_ex.c 0x00000000   Number         0  stm32f1xx_hal_pcd_ex.o ABSOLUTE
    ..\\Libraries\\STM32F1xx_HAL_Driver\\Src\\stm32f1xx_hal_pwr.c 0x00000000   Number         0  stm32f1xx_hal_pwr.o ABSOLUTE
    ..\\Libraries\\STM32F1xx_HAL_Driver\\Src\\stm32f1xx_hal_rcc.c 0x00000000   Number         0  stm32f1xx_hal_rcc.o ABSOLUTE
    ..\\Libraries\\STM32F1xx_HAL_Driver\\Src\\stm32f1xx_hal_rcc_ex.c 0x00000000   Number         0  stm32f1xx_hal_rcc_ex.o ABSOLUTE
    ..\\Libraries\\STM32F1xx_HAL_Driver\\Src\\stm32f1xx_hal_rtc.c 0x00000000   Number         0  stm32f1xx_hal_rtc.o ABSOLUTE
    ..\\Libraries\\STM32F1xx_HAL_Driver\\Src\\stm32f1xx_hal_rtc_ex.c 0x00000000   Number         0  stm32f1xx_hal_rtc_ex.o ABSOLUTE
    ..\\Libraries\\STM32F1xx_HAL_Driver\\Src\\stm32f1xx_hal_sd.c 0x00000000   Number         0  stm32f1xx_hal_sd.o ABSOLUTE
    ..\\Libraries\\STM32F1xx_HAL_Driver\\Src\\stm32f1xx_hal_smartcard.c 0x00000000   Number         0  stm32f1xx_hal_smartcard.o ABSOLUTE
    ..\\Libraries\\STM32F1xx_HAL_Driver\\Src\\stm32f1xx_hal_spi.c 0x00000000   Number         0  stm32f1xx_hal_spi.o ABSOLUTE
    ..\\Libraries\\STM32F1xx_HAL_Driver\\Src\\stm32f1xx_hal_spi_ex.c 0x00000000   Number         0  stm32f1xx_hal_spi_ex.o ABSOLUTE
    ..\\Libraries\\STM32F1xx_HAL_Driver\\Src\\stm32f1xx_hal_sram.c 0x00000000   Number         0  stm32f1xx_hal_sram.o ABSOLUTE
    ..\\Libraries\\STM32F1xx_HAL_Driver\\Src\\stm32f1xx_hal_tim.c 0x00000000   Number         0  stm32f1xx_hal_tim.o ABSOLUTE
    ..\\Libraries\\STM32F1xx_HAL_Driver\\Src\\stm32f1xx_hal_tim_ex.c 0x00000000   Number         0  stm32f1xx_hal_tim_ex.o ABSOLUTE
    ..\\Libraries\\STM32F1xx_HAL_Driver\\Src\\stm32f1xx_hal_uart.c 0x00000000   Number         0  stm32f1xx_hal_uart.o ABSOLUTE
    ..\\Libraries\\STM32F1xx_HAL_Driver\\Src\\stm32f1xx_hal_usart.c 0x00000000   Number         0  stm32f1xx_hal_usart.o ABSOLUTE
    ..\\Libraries\\STM32F1xx_HAL_Driver\\Src\\stm32f1xx_hal_wwdg.c 0x00000000   Number         0  stm32f1xx_hal_wwdg.o ABSOLUTE
    ..\\Libraries\\STM32F1xx_HAL_Driver\\Src\\stm32f1xx_ll_fsmc.c 0x00000000   Number         0  stm32f1xx_ll_fsmc.o ABSOLUTE
    ..\\Libraries\\STM32F1xx_HAL_Driver\\Src\\stm32f1xx_ll_sdmmc.c 0x00000000   Number         0  stm32f1xx_ll_sdmmc.o ABSOLUTE
    ..\\Libraries\\STM32F1xx_HAL_Driver\\Src\\stm32f1xx_ll_usb.c 0x00000000   Number         0  stm32f1xx_ll_usb.o ABSOLUTE
    ..\\User\\adc\\bsp_adc.c                 0x00000000   Number         0  bsp_adc.o ABSOLUTE
    ..\\User\\fft\\fft.c                     0x00000000   Number         0  fft.o ABSOLUTE
    ..\\User\\flash\\bsp_spi_flash.c         0x00000000   Number         0  bsp_spi_flash.o ABSOLUTE
    ..\\User\\font\\fonts.c                  0x00000000   Number         0  fonts.o ABSOLUTE
    ..\\User\\lcd\\bsp_ili9341_lcd.c         0x00000000   Number         0  bsp_ili9341_lcd.o ABSOLUTE
    ..\\User\\led\\bsp_led.c                 0x00000000   Number         0  bsp_led.o ABSOLUTE
    ..\\User\\main.c                         0x00000000   Number         0  main.o ABSOLUTE
    ..\\User\\stm32f1xx_it.c                 0x00000000   Number         0  stm32f1xx_it.o ABSOLUTE
    ..\\User\\systick\\bsp_SysTick.c         0x00000000   Number         0  bsp_systick.o ABSOLUTE
    ..\\User\\usart\\bsp_debug_usart.c       0x00000000   Number         0  bsp_debug_usart.o ABSOLUTE
    cdcmple.s                                0x00000000   Number         0  cdcmple.o ABSOLUTE
    cdrcmple.s                               0x00000000   Number         0  cdrcmple.o ABSOLUTE
    cfcmple.s                                0x00000000   Number         0  cfcmple.o ABSOLUTE
    cfrcmple.s                               0x00000000   Number         0  cfrcmple.o ABSOLUTE
    dc.s                                     0x00000000   Number         0  dc.o ABSOLUTE
    handlers.s                               0x00000000   Number         0  handlers.o ABSOLUTE
    init.s                                   0x00000000   Number         0  init.o ABSOLUTE
    RESET                                    0x08000000   Section      304  startup_stm32f103xe.o(RESET)
    .ARM.Collect$$$$00000000                 0x08000130   Section        0  entry.o(.ARM.Collect$$$$00000000)
    .ARM.Collect$$$$00000001                 0x08000130   Section        4  entry2.o(.ARM.Collect$$$$00000001)
    .ARM.Collect$$$$00000004                 0x08000134   Section        4  entry5.o(.ARM.Collect$$$$00000004)
    .ARM.Collect$$$$00000008                 0x08000138   Section        0  entry7b.o(.ARM.Collect$$$$00000008)
    .ARM.Collect$$$$0000000A                 0x08000138   Section        0  entry8b.o(.ARM.Collect$$$$0000000A)
    .ARM.Collect$$$$0000000B                 0x08000138   Section        8  entry9a.o(.ARM.Collect$$$$0000000B)
    .ARM.Collect$$$$0000000E                 0x08000140   Section        4  entry12b.o(.ARM.Collect$$$$0000000E)
    .ARM.Collect$$$$0000000F                 0x08000144   Section        0  entry10a.o(.ARM.Collect$$$$0000000F)
    .ARM.Collect$$$$00000011                 0x08000144   Section        0  entry11a.o(.ARM.Collect$$$$00000011)
    .ARM.Collect$$$$00002712                 0x08000144   Section        4  entry2.o(.ARM.Collect$$$$00002712)
    __lit__00000000                          0x08000144   Data           4  entry2.o(.ARM.Collect$$$$00002712)
    .text                                    0x08000148   Section       36  startup_stm32f103xe.o(.text)
    .text                                    0x0800016c   Section     4576  cr4_fft_1024_stm32.o(.text)
    .text                                    0x0800134c   Section        0  llushr.o(.text)
    .text                                    0x0800136c   Section        0  memseta.o(.text)
    .text                                    0x08001390   Section        0  strcat.o(.text)
    .text                                    0x080013a8   Section        0  fadd.o(.text)
    .text                                    0x08001458   Section        0  fmul.o(.text)
    .text                                    0x080014bc   Section        0  fdiv.o(.text)
    .text                                    0x08001538   Section        0  dadd.o(.text)
    .text                                    0x08001686   Section        0  dmul.o(.text)
    .text                                    0x0800176a   Section        0  ddiv.o(.text)
    .text                                    0x08001848   Section        0  fflti.o(.text)
    .text                                    0x0800185a   Section        0  ffltui.o(.text)
    .text                                    0x08001864   Section        0  dfltui.o(.text)
    .text                                    0x0800187e   Section        0  ffixi.o(.text)
    .text                                    0x080018b0   Section        0  ffixui.o(.text)
    .text                                    0x080018d8   Section        0  f2d.o(.text)
    .text                                    0x080018fe   Section        0  d2f.o(.text)
    .text                                    0x08001938   Section       20  cfrcmple.o(.text)
    .text                                    0x0800194c   Section        0  uidiv.o(.text)
    .text                                    0x08001978   Section        0  uldiv.o(.text)
    .text                                    0x080019da   Section        0  llshl.o(.text)
    .text                                    0x080019f8   Section        0  llsshr.o(.text)
    .text                                    0x08001a1c   Section        0  iusefp.o(.text)
    .text                                    0x08001a1c   Section        0  fepilogue.o(.text)
    .text                                    0x08001a8a   Section        0  depilogue.o(.text)
    .text                                    0x08001b44   Section        0  dscalb.o(.text)
    .text                                    0x08001b72   Section        0  dsqrt.o(.text)
    .text                                    0x08001c14   Section        0  dfixul.o(.text)
    .text                                    0x08001c44   Section       48  cdrcmple.o(.text)
    .text                                    0x08001c74   Section       36  init.o(.text)
    .text                                    0x08001c98   Section        0  dflti.o(.text)
    .text                                    0x08001cba   Section        0  dfixi.o(.text)
    .text                                    0x08001cf8   Section        0  __dclz77c.o(.text)
    i.ADC1_2_IRQHandler                      0x08001d58   Section        0  stm32f1xx_it.o(i.ADC1_2_IRQHandler)
    i.ADC_ConversionStop_Disable             0x08001d68   Section        0  stm32f1xx_hal_adc.o(i.ADC_ConversionStop_Disable)
    i.ADC_Enable                             0x08001dbc   Section        0  stm32f1xx_hal_adc.o(i.ADC_Enable)
    i.BusFault_Handler                       0x08001e40   Section        0  stm32f1xx_it.o(i.BusFault_Handler)
    i.DEBUG_USART_Config                     0x08001e44   Section        0  bsp_debug_usart.o(i.DEBUG_USART_Config)
    i.DebugMon_Handler                       0x08001e70   Section        0  stm32f1xx_it.o(i.DebugMon_Handler)
    i.FSMC_NORSRAM_Extended_Timing_Init      0x08001e74   Section        0  stm32f1xx_ll_fsmc.o(i.FSMC_NORSRAM_Extended_Timing_Init)
    i.FSMC_NORSRAM_Init                      0x08001eb8   Section        0  stm32f1xx_ll_fsmc.o(i.FSMC_NORSRAM_Init)
    i.FSMC_NORSRAM_Timing_Init               0x08001f60   Section        0  stm32f1xx_ll_fsmc.o(i.FSMC_NORSRAM_Timing_Init)
    i.GetPowerMag                            0x08001fa4   Section        0  fft.o(i.GetPowerMag)
    i.HAL_ADCEx_InjectedConvCpltCallback     0x08002090   Section        0  stm32f1xx_hal_adc_ex.o(i.HAL_ADCEx_InjectedConvCpltCallback)
    i.HAL_ADC_ConfigChannel                  0x08002094   Section        0  stm32f1xx_hal_adc.o(i.HAL_ADC_ConfigChannel)
    i.HAL_ADC_ConvCpltCallback               0x080021f4   Section        0  bsp_adc.o(i.HAL_ADC_ConvCpltCallback)
    i.HAL_ADC_GetValue                       0x0800224c   Section        0  stm32f1xx_hal_adc.o(i.HAL_ADC_GetValue)
    i.HAL_ADC_IRQHandler                     0x08002254   Section        0  stm32f1xx_hal_adc.o(i.HAL_ADC_IRQHandler)
    i.HAL_ADC_Init                           0x08002378   Section        0  stm32f1xx_hal_adc.o(i.HAL_ADC_Init)
    i.HAL_ADC_LevelOutOfWindowCallback       0x080024d8   Section        0  stm32f1xx_hal_adc.o(i.HAL_ADC_LevelOutOfWindowCallback)
    i.HAL_ADC_MspInit                        0x080024da   Section        0  stm32f1xx_hal_adc.o(i.HAL_ADC_MspInit)
    i.HAL_ADC_Start_IT                       0x080024dc   Section        0  stm32f1xx_hal_adc.o(i.HAL_ADC_Start_IT)
    i.HAL_GPIO_Init                          0x08002618   Section        0  stm32f1xx_hal_gpio.o(i.HAL_GPIO_Init)
    i.HAL_GetTick                            0x08002958   Section        0  stm32f1xx_hal.o(i.HAL_GetTick)
    i.HAL_InitTick                           0x08002964   Section        0  stm32f1xx_hal.o(i.HAL_InitTick)
    i.HAL_NVIC_EnableIRQ                     0x0800298c   Section        0  stm32f1xx_hal_cortex.o(i.HAL_NVIC_EnableIRQ)
    i.HAL_NVIC_SetPriority                   0x080029a6   Section        0  stm32f1xx_hal_cortex.o(i.HAL_NVIC_SetPriority)
    i.HAL_RCCEx_PeriphCLKConfig              0x08002a24   Section        0  stm32f1xx_hal_rcc_ex.o(i.HAL_RCCEx_PeriphCLKConfig)
    i.HAL_RCC_ClockConfig                    0x08002b54   Section        0  stm32f1xx_hal_rcc.o(i.HAL_RCC_ClockConfig)
    i.HAL_RCC_GetHCLKFreq                    0x08002cf8   Section        0  stm32f1xx_hal_rcc.o(i.HAL_RCC_GetHCLKFreq)
    i.HAL_RCC_GetPCLK1Freq                   0x08002d04   Section        0  stm32f1xx_hal_rcc.o(i.HAL_RCC_GetPCLK1Freq)
    i.HAL_RCC_GetPCLK2Freq                   0x08002d24   Section        0  stm32f1xx_hal_rcc.o(i.HAL_RCC_GetPCLK2Freq)
    i.HAL_RCC_GetSysClockFreq                0x08002d44   Section        0  stm32f1xx_hal_rcc.o(i.HAL_RCC_GetSysClockFreq)
    i.HAL_RCC_OscConfig                      0x08002ddc   Section        0  stm32f1xx_hal_rcc.o(i.HAL_RCC_OscConfig)
    i.HAL_SRAM_Init                          0x0800321c   Section        0  stm32f1xx_hal_sram.o(i.HAL_SRAM_Init)
    i.HAL_SRAM_MspInit                       0x08003274   Section        0  stm32f1xx_hal_sram.o(i.HAL_SRAM_MspInit)
    i.HAL_SYSTICK_Config                     0x08003276   Section        0  stm32f1xx_hal_cortex.o(i.HAL_SYSTICK_Config)
    i.HAL_UART_Init                          0x080032aa   Section        0  stm32f1xx_hal_uart.o(i.HAL_UART_Init)
    i.HAL_UART_MspInit                       0x0800331c   Section        0  bsp_debug_usart.o(i.HAL_UART_MspInit)
    i.Hanning_Win                            0x080033a8   Section        0  fft.o(i.Hanning_Win)
    i.HardFault_Handler                      0x0800340c   Section        0  stm32f1xx_it.o(i.HardFault_Handler)
    i.ILI9341_BackLed_Control                0x08003410   Section        0  bsp_ili9341_lcd.o(i.ILI9341_BackLed_Control)
    i.ILI9341_Clear                          0x0800342c   Section        0  bsp_ili9341_lcd.o(i.ILI9341_Clear)
    i.ILI9341_Delay                          0x08003458   Section        0  bsp_ili9341_lcd.o(i.ILI9341_Delay)
    ILI9341_Delay                            0x08003459   Thumb Code    18  bsp_ili9341_lcd.o(i.ILI9341_Delay)
    i.ILI9341_DispChar_EN                    0x0800346c   Section        0  bsp_ili9341_lcd.o(i.ILI9341_DispChar_EN)
    i.ILI9341_DispStringLine_EN              0x08003504   Section        0  bsp_ili9341_lcd.o(i.ILI9341_DispStringLine_EN)
    i.ILI9341_DrawLine                       0x0800356c   Section        0  bsp_ili9341_lcd.o(i.ILI9341_DrawLine)
    i.ILI9341_FSMC_Config                    0x0800360c   Section        0  bsp_ili9341_lcd.o(i.ILI9341_FSMC_Config)
    ILI9341_FSMC_Config                      0x0800360d   Thumb Code   100  bsp_ili9341_lcd.o(i.ILI9341_FSMC_Config)
    i.ILI9341_FillColor                      0x0800367c   Section        0  bsp_ili9341_lcd.o(i.ILI9341_FillColor)
    ILI9341_FillColor                        0x0800367d   Thumb Code    32  bsp_ili9341_lcd.o(i.ILI9341_FillColor)
    i.ILI9341_GPIO_Config                    0x0800369c   Section        0  bsp_ili9341_lcd.o(i.ILI9341_GPIO_Config)
    ILI9341_GPIO_Config                      0x0800369d   Thumb Code   180  bsp_ili9341_lcd.o(i.ILI9341_GPIO_Config)
    i.ILI9341_GramScan                       0x0800375c   Section        0  bsp_ili9341_lcd.o(i.ILI9341_GramScan)
    i.ILI9341_Init                           0x08003814   Section        0  bsp_ili9341_lcd.o(i.ILI9341_Init)
    i.ILI9341_OpenWindow                     0x0800383c   Section        0  bsp_ili9341_lcd.o(i.ILI9341_OpenWindow)
    i.ILI9341_REG_Config                     0x0800389c   Section        0  bsp_ili9341_lcd.o(i.ILI9341_REG_Config)
    ILI9341_REG_Config                       0x0800389d   Thumb Code   556  bsp_ili9341_lcd.o(i.ILI9341_REG_Config)
    i.ILI9341_Rst                            0x08003acc   Section        0  bsp_ili9341_lcd.o(i.ILI9341_Rst)
    i.ILI9341_SetCursor                      0x08003af4   Section        0  bsp_ili9341_lcd.o(i.ILI9341_SetCursor)
    ILI9341_SetCursor                        0x08003af5   Thumb Code    20  bsp_ili9341_lcd.o(i.ILI9341_SetCursor)
    i.ILI9341_SetPointPixel                  0x08003b08   Section        0  bsp_ili9341_lcd.o(i.ILI9341_SetPointPixel)
    i.ILI9341_Write_Cmd                      0x08003b40   Section        0  bsp_ili9341_lcd.o(i.ILI9341_Write_Cmd)
    i.ILI9341_Write_Data                     0x08003b48   Section        0  bsp_ili9341_lcd.o(i.ILI9341_Write_Data)
    i.LCD_GetFont                            0x08003b54   Section        0  bsp_ili9341_lcd.o(i.LCD_GetFont)
    i.LCD_SetFont                            0x08003b60   Section        0  bsp_ili9341_lcd.o(i.LCD_SetFont)
    i.LCD_SetTextColor                       0x08003b6c   Section        0  bsp_ili9341_lcd.o(i.LCD_SetTextColor)
    i.LED_GPIO_Config                        0x08003b78   Section        0  bsp_led.o(i.LED_GPIO_Config)
    i.MemManage_Handler                      0x08003c18   Section        0  stm32f1xx_it.o(i.MemManage_Handler)
    i.NMI_Handler                            0x08003c1c   Section        0  stm32f1xx_it.o(i.NMI_Handler)
    i.NVIC_GetPriorityGrouping               0x08003c20   Section        0  stm32f1xx_hal_cortex.o(i.NVIC_GetPriorityGrouping)
    NVIC_GetPriorityGrouping                 0x08003c21   Thumb Code    10  stm32f1xx_hal_cortex.o(i.NVIC_GetPriorityGrouping)
    i.NVIC_SetPriority                       0x08003c30   Section        0  stm32f1xx_hal_cortex.o(i.NVIC_SetPriority)
    NVIC_SetPriority                         0x08003c31   Thumb Code    32  stm32f1xx_hal_cortex.o(i.NVIC_SetPriority)
    i.PendSV_Handler                         0x08003c58   Section        0  stm32f1xx_it.o(i.PendSV_Handler)
    i.RCC_Delay                              0x08003c5c   Section        0  stm32f1xx_hal_rcc.o(i.RCC_Delay)
    RCC_Delay                                0x08003c5d   Thumb Code    36  stm32f1xx_hal_rcc.o(i.RCC_Delay)
    i.Rheostat_ADC_GPIO_Config               0x08003c84   Section        0  bsp_adc.o(i.Rheostat_ADC_GPIO_Config)
    Rheostat_ADC_GPIO_Config                 0x08003c85   Thumb Code    82  bsp_adc.o(i.Rheostat_ADC_GPIO_Config)
    i.Rheostat_ADC_Mode_Config               0x08003ce0   Section        0  bsp_adc.o(i.Rheostat_ADC_Mode_Config)
    Rheostat_ADC_Mode_Config                 0x08003ce1   Thumb Code    86  bsp_adc.o(i.Rheostat_ADC_Mode_Config)
    i.Rheostat_ADC_NVIC_Config               0x08003d44   Section        0  bsp_adc.o(i.Rheostat_ADC_NVIC_Config)
    Rheostat_ADC_NVIC_Config                 0x08003d45   Thumb Code    20  bsp_adc.o(i.Rheostat_ADC_NVIC_Config)
    i.Rheostat_Init                          0x08003d58   Section        0  bsp_adc.o(i.Rheostat_Init)
    i.SVC_Handler                            0x08003d68   Section        0  stm32f1xx_it.o(i.SVC_Handler)
    i.SysTick_Handler                        0x08003d6c   Section        0  bsp_systick.o(i.SysTick_Handler)
    i.SystemClock_Config                     0x08003d7c   Section        0  main.o(i.SystemClock_Config)
    i.SystemInit                             0x08003ddc   Section        0  system_stm32f1xx.o(i.SystemInit)
    i.UART_SetConfig                         0x08003e34   Section        0  stm32f1xx_hal_uart.o(i.UART_SetConfig)
    UART_SetConfig                           0x08003e35   Thumb Code   450  stm32f1xx_hal_uart.o(i.UART_SetConfig)
    i.UsageFault_Handler                     0x08003ffc   Section        0  stm32f1xx_it.o(i.UsageFault_Handler)
    i.__0sprintf                             0x08004000   Section        0  printfa.o(i.__0sprintf)
    i.__ARM_fpclassify                       0x08004028   Section        0  fpclassify.o(i.__ARM_fpclassify)
    i.__ieee754_rem_pio2                     0x08004050   Section        0  rred.o(i.__ieee754_rem_pio2)
    i.__kernel_cos                           0x080043d8   Section        0  cos_i.o(i.__kernel_cos)
    i.__kernel_poly                          0x080044d4   Section        0  poly.o(i.__kernel_poly)
    i.__kernel_sin                           0x08004580   Section        0  sin_i.o(i.__kernel_sin)
    i.__mathlib_dbl_infnan                   0x0800466c   Section        0  dunder.o(i.__mathlib_dbl_infnan)
    i.__mathlib_dbl_invalid                  0x08004672   Section        0  dunder.o(i.__mathlib_dbl_invalid)
    i.__mathlib_dbl_underflow                0x08004680   Section        0  dunder.o(i.__mathlib_dbl_underflow)
    i.__scatterload_copy                     0x08004690   Section       14  handlers.o(i.__scatterload_copy)
    i.__scatterload_null                     0x0800469e   Section        2  handlers.o(i.__scatterload_null)
    i.__scatterload_zeroinit                 0x080046a0   Section       14  handlers.o(i.__scatterload_zeroinit)
    i.__set_errno                            0x080046b0   Section        0  errno.o(i.__set_errno)
    i._fp_digits                             0x080046bc   Section        0  printfa.o(i._fp_digits)
    _fp_digits                               0x080046bd   Thumb Code   366  printfa.o(i._fp_digits)
    i._printf_core                           0x08004840   Section        0  printfa.o(i._printf_core)
    _printf_core                             0x08004841   Thumb Code  1704  printfa.o(i._printf_core)
    i._printf_post_padding                   0x08004ef4   Section        0  printfa.o(i._printf_post_padding)
    _printf_post_padding                     0x08004ef5   Thumb Code    36  printfa.o(i._printf_post_padding)
    i._printf_pre_padding                    0x08004f18   Section        0  printfa.o(i._printf_pre_padding)
    _printf_pre_padding                      0x08004f19   Thumb Code    46  printfa.o(i._printf_pre_padding)
    i._sputc                                 0x08004f46   Section        0  printfa.o(i._sputc)
    _sputc                                   0x08004f47   Thumb Code    10  printfa.o(i._sputc)
    i.cos                                    0x08004f50   Section        0  cos.o(i.cos)
    i.lcd_print_fft                          0x08004fec   Section        0  fft.o(i.lcd_print_fft)
    i.lcd_show_fft                           0x0800501c   Section        0  fft.o(i.lcd_show_fft)
    i.main                                   0x08005058   Section        0  main.o(i.main)
    i.select_max                             0x080051a0   Section        0  fft.o(i.select_max)
    i.sqrt                                   0x0800562c   Section        0  sqrt.o(i.sqrt)
    .constdata                               0x08005678   Section       24  system_stm32f1xx.o(.constdata)
    .constdata                               0x08005690   Section    15200  fonts.o(.constdata)
    .constdata                               0x080091f0   Section       48  cos_i.o(.constdata)
    C                                        0x080091f0   Data          48  cos_i.o(.constdata)
    .constdata                               0x08009220   Section      200  rred.o(.constdata)
    pio2s                                    0x08009220   Data          48  rred.o(.constdata)
    twooverpi                                0x08009250   Data         152  rred.o(.constdata)
    .constdata                               0x080092e8   Section       40  sin_i.o(.constdata)
    S                                        0x080092e8   Data          40  sin_i.o(.constdata)
    .data                                    0x20000000   Section        4  system_stm32f1xx.o(.data)
    .data                                    0x20000004   Section        4  stm32f1xx_hal.o(.data)
    .data                                    0x20000008   Section     4088  main.o(.data)
    .data                                    0x20001000   Section        4  stm32f1xx_it.o(.data)
    .data                                    0x20001004   Section        4  bsp_adc.o(.data)
    .data                                    0x20001008   Section       25  fonts.o(.data)
    everRead                                 0x20001020   Data           1  fonts.o(.data)
    .data                                    0x20001024   Section       16  bsp_ili9341_lcd.o(.data)
    LCD_Currentfonts                         0x2000102c   Data           4  bsp_ili9341_lcd.o(.data)
    CurrentTextColor                         0x20001030   Data           2  bsp_ili9341_lcd.o(.data)
    CurrentBackColor                         0x20001032   Data           2  bsp_ili9341_lcd.o(.data)
    .data                                    0x20001034   Section       12  fft.o(.data)
    .data                                    0x20001040   Section        4  errno.o(.data)
    _errno                                   0x20001040   Data           4  errno.o(.data)
    .bss                                     0x20001044   Section     4096  main.o(.bss)
    .bss                                     0x20002044   Section       64  bsp_debug_usart.o(.bss)
    .bss                                     0x20002084   Section      128  bsp_adc.o(.bss)
    .bss                                     0x20002104   Section    17504  bsp_ili9341_lcd.o(.bss)
    SRAM_Handler                             0x20002104   Data          68  bsp_ili9341_lcd.o(.bss)
    Timing                                   0x20002148   Data          28  bsp_ili9341_lcd.o(.bss)
    .bss                                     0x20006564   Section    16384  fft.o(.bss)
    STACK                                    0x2000a568   Section     1024  startup_stm32f103xe.o(STACK)

    Global Symbols

    Symbol Name                              Value     Ov Type        Size  Object(Section)

    BuildAttributes$$THM_ISAv4$P$D$K$B$S$PE$A:L22UL41UL21$X:L11$S22US41US21$IEEE1$IW$USESV6$~STKCKD$USESV7$~SHL$OTIME$ROPI$IEEEX$EBA8$MICROLIB$REQ8$PRES8$EABIv2 0x00000000   Number         0  anon$$obj.o ABSOLUTE
    __ARM_use_no_argv                        0x00000000   Number         0  main.o ABSOLUTE
    _printf_a                                0x00000000   Number         0  stubs.o ABSOLUTE
    _printf_c                                0x00000000   Number         0  stubs.o ABSOLUTE
    _printf_charcount                        0x00000000   Number         0  stubs.o ABSOLUTE
    _printf_d                                0x00000000   Number         0  stubs.o ABSOLUTE
    _printf_e                                0x00000000   Number         0  stubs.o ABSOLUTE
    _printf_f                                0x00000000   Number         0  stubs.o ABSOLUTE
    _printf_flags                            0x00000000   Number         0  stubs.o ABSOLUTE
    _printf_fp_dec                           0x00000000   Number         0  stubs.o ABSOLUTE
    _printf_fp_hex                           0x00000000   Number         0  stubs.o ABSOLUTE
    _printf_g                                0x00000000   Number         0  stubs.o ABSOLUTE
    _printf_i                                0x00000000   Number         0  stubs.o ABSOLUTE
    _printf_int_dec                          0x00000000   Number         0  stubs.o ABSOLUTE
    _printf_l                                0x00000000   Number         0  stubs.o ABSOLUTE
    _printf_lc                               0x00000000   Number         0  stubs.o ABSOLUTE
    _printf_ll                               0x00000000   Number         0  stubs.o ABSOLUTE
    _printf_lld                              0x00000000   Number         0  stubs.o ABSOLUTE
    _printf_lli                              0x00000000   Number         0  stubs.o ABSOLUTE
    _printf_llo                              0x00000000   Number         0  stubs.o ABSOLUTE
    _printf_llu                              0x00000000   Number         0  stubs.o ABSOLUTE
    _printf_llx                              0x00000000   Number         0  stubs.o ABSOLUTE
    _printf_longlong_dec                     0x00000000   Number         0  stubs.o ABSOLUTE
    _printf_longlong_hex                     0x00000000   Number         0  stubs.o ABSOLUTE
    _printf_longlong_oct                     0x00000000   Number         0  stubs.o ABSOLUTE
    _printf_ls                               0x00000000   Number         0  stubs.o ABSOLUTE
    _printf_mbtowc                           0x00000000   Number         0  stubs.o ABSOLUTE
    _printf_n                                0x00000000   Number         0  stubs.o ABSOLUTE
    _printf_o                                0x00000000   Number         0  stubs.o ABSOLUTE
    _printf_p                                0x00000000   Number         0  stubs.o ABSOLUTE
    _printf_percent                          0x00000000   Number         0  stubs.o ABSOLUTE
    _printf_pre_padding                      0x00000000   Number         0  stubs.o ABSOLUTE
    _printf_return_value                     0x00000000   Number         0  stubs.o ABSOLUTE
    _printf_s                                0x00000000   Number         0  stubs.o ABSOLUTE
    _printf_sizespec                         0x00000000   Number         0  stubs.o ABSOLUTE
    _printf_str                              0x00000000   Number         0  stubs.o ABSOLUTE
    _printf_truncate_signed                  0x00000000   Number         0  stubs.o ABSOLUTE
    _printf_truncate_unsigned                0x00000000   Number         0  stubs.o ABSOLUTE
    _printf_u                                0x00000000   Number         0  stubs.o ABSOLUTE
    _printf_wc                               0x00000000   Number         0  stubs.o ABSOLUTE
    _printf_wctomb                           0x00000000   Number         0  stubs.o ABSOLUTE
    _printf_widthprec                        0x00000000   Number         0  stubs.o ABSOLUTE
    _printf_x                                0x00000000   Number         0  stubs.o ABSOLUTE
    __arm_fini_                               - Undefined Weak Reference
    __cpp_initialize__aeabi_                  - Undefined Weak Reference
    __cxa_finalize                            - Undefined Weak Reference
    _clock_init                               - Undefined Weak Reference
    _microlib_exit                            - Undefined Weak Reference
    __Vectors_Size                           0x00000130   Number         0  startup_stm32f103xe.o ABSOLUTE
    __Vectors                                0x08000000   Data           4  startup_stm32f103xe.o(RESET)
    __Vectors_End                            0x08000130   Data           0  startup_stm32f103xe.o(RESET)
    __main                                   0x08000131   Thumb Code     0  entry.o(.ARM.Collect$$$$00000000)
    _main_stk                                0x08000131   Thumb Code     0  entry2.o(.ARM.Collect$$$$00000001)
    _main_scatterload                        0x08000135   Thumb Code     0  entry5.o(.ARM.Collect$$$$00000004)
    __main_after_scatterload                 0x08000139   Thumb Code     0  entry5.o(.ARM.Collect$$$$00000004)
    _main_clock                              0x08000139   Thumb Code     0  entry7b.o(.ARM.Collect$$$$00000008)
    _main_cpp_init                           0x08000139   Thumb Code     0  entry8b.o(.ARM.Collect$$$$0000000A)
    _main_init                               0x08000139   Thumb Code     0  entry9a.o(.ARM.Collect$$$$0000000B)
    __rt_lib_shutdown_fini                   0x08000141   Thumb Code     0  entry12b.o(.ARM.Collect$$$$0000000E)
    __rt_final_cpp                           0x08000145   Thumb Code     0  entry10a.o(.ARM.Collect$$$$0000000F)
    __rt_final_exit                          0x08000145   Thumb Code     0  entry11a.o(.ARM.Collect$$$$00000011)
    Reset_Handler                            0x08000149   Thumb Code     8  startup_stm32f103xe.o(.text)
    ADC3_IRQHandler                          0x08000163   Thumb Code     0  startup_stm32f103xe.o(.text)
    CAN1_RX1_IRQHandler                      0x08000163   Thumb Code     0  startup_stm32f103xe.o(.text)
    CAN1_SCE_IRQHandler                      0x08000163   Thumb Code     0  startup_stm32f103xe.o(.text)
    DMA1_Channel1_IRQHandler                 0x08000163   Thumb Code     0  startup_stm32f103xe.o(.text)
    DMA1_Channel2_IRQHandler                 0x08000163   Thumb Code     0  startup_stm32f103xe.o(.text)
    DMA1_Channel3_IRQHandler                 0x08000163   Thumb Code     0  startup_stm32f103xe.o(.text)
    DMA1_Channel4_IRQHandler                 0x08000163   Thumb Code     0  startup_stm32f103xe.o(.text)
    DMA1_Channel5_IRQHandler                 0x08000163   Thumb Code     0  startup_stm32f103xe.o(.text)
    DMA1_Channel6_IRQHandler                 0x08000163   Thumb Code     0  startup_stm32f103xe.o(.text)
    DMA1_Channel7_IRQHandler                 0x08000163   Thumb Code     0  startup_stm32f103xe.o(.text)
    DMA2_Channel1_IRQHandler                 0x08000163   Thumb Code     0  startup_stm32f103xe.o(.text)
    DMA2_Channel2_IRQHandler                 0x08000163   Thumb Code     0  startup_stm32f103xe.o(.text)
    DMA2_Channel3_IRQHandler                 0x08000163   Thumb Code     0  startup_stm32f103xe.o(.text)
    DMA2_Channel4_5_IRQHandler               0x08000163   Thumb Code     0  startup_stm32f103xe.o(.text)
    EXTI0_IRQHandler                         0x08000163   Thumb Code     0  startup_stm32f103xe.o(.text)
    EXTI15_10_IRQHandler                     0x08000163   Thumb Code     0  startup_stm32f103xe.o(.text)
    EXTI1_IRQHandler                         0x08000163   Thumb Code     0  startup_stm32f103xe.o(.text)
    EXTI2_IRQHandler                         0x08000163   Thumb Code     0  startup_stm32f103xe.o(.text)
    EXTI3_IRQHandler                         0x08000163   Thumb Code     0  startup_stm32f103xe.o(.text)
    EXTI4_IRQHandler                         0x08000163   Thumb Code     0  startup_stm32f103xe.o(.text)
    EXTI9_5_IRQHandler                       0x08000163   Thumb Code     0  startup_stm32f103xe.o(.text)
    FLASH_IRQHandler                         0x08000163   Thumb Code     0  startup_stm32f103xe.o(.text)
    FSMC_IRQHandler                          0x08000163   Thumb Code     0  startup_stm32f103xe.o(.text)
    I2C1_ER_IRQHandler                       0x08000163   Thumb Code     0  startup_stm32f103xe.o(.text)
    I2C1_EV_IRQHandler                       0x08000163   Thumb Code     0  startup_stm32f103xe.o(.text)
    I2C2_ER_IRQHandler                       0x08000163   Thumb Code     0  startup_stm32f103xe.o(.text)
    I2C2_EV_IRQHandler                       0x08000163   Thumb Code     0  startup_stm32f103xe.o(.text)
    PVD_IRQHandler                           0x08000163   Thumb Code     0  startup_stm32f103xe.o(.text)
    RCC_IRQHandler                           0x08000163   Thumb Code     0  startup_stm32f103xe.o(.text)
    RTC_Alarm_IRQHandler                     0x08000163   Thumb Code     0  startup_stm32f103xe.o(.text)
    RTC_IRQHandler                           0x08000163   Thumb Code     0  startup_stm32f103xe.o(.text)
    SDIO_IRQHandler                          0x08000163   Thumb Code     0  startup_stm32f103xe.o(.text)
    SPI1_IRQHandler                          0x08000163   Thumb Code     0  startup_stm32f103xe.o(.text)
    SPI2_IRQHandler                          0x08000163   Thumb Code     0  startup_stm32f103xe.o(.text)
    SPI3_IRQHandler                          0x08000163   Thumb Code     0  startup_stm32f103xe.o(.text)
    TAMPER_IRQHandler                        0x08000163   Thumb Code     0  startup_stm32f103xe.o(.text)
    TIM1_BRK_IRQHandler                      0x08000163   Thumb Code     0  startup_stm32f103xe.o(.text)
    TIM1_CC_IRQHandler                       0x08000163   Thumb Code     0  startup_stm32f103xe.o(.text)
    TIM1_TRG_COM_IRQHandler                  0x08000163   Thumb Code     0  startup_stm32f103xe.o(.text)
    TIM1_UP_IRQHandler                       0x08000163   Thumb Code     0  startup_stm32f103xe.o(.text)
    TIM2_IRQHandler                          0x08000163   Thumb Code     0  startup_stm32f103xe.o(.text)
    TIM3_IRQHandler                          0x08000163   Thumb Code     0  startup_stm32f103xe.o(.text)
    TIM4_IRQHandler                          0x08000163   Thumb Code     0  startup_stm32f103xe.o(.text)
    TIM5_IRQHandler                          0x08000163   Thumb Code     0  startup_stm32f103xe.o(.text)
    TIM6_IRQHandler                          0x08000163   Thumb Code     0  startup_stm32f103xe.o(.text)
    TIM7_IRQHandler                          0x08000163   Thumb Code     0  startup_stm32f103xe.o(.text)
    TIM8_BRK_IRQHandler                      0x08000163   Thumb Code     0  startup_stm32f103xe.o(.text)
    TIM8_CC_IRQHandler                       0x08000163   Thumb Code     0  startup_stm32f103xe.o(.text)
    TIM8_TRG_COM_IRQHandler                  0x08000163   Thumb Code     0  startup_stm32f103xe.o(.text)
    TIM8_UP_IRQHandler                       0x08000163   Thumb Code     0  startup_stm32f103xe.o(.text)
    UART4_IRQHandler                         0x08000163   Thumb Code     0  startup_stm32f103xe.o(.text)
    UART5_IRQHandler                         0x08000163   Thumb Code     0  startup_stm32f103xe.o(.text)
    USART1_IRQHandler                        0x08000163   Thumb Code     0  startup_stm32f103xe.o(.text)
    USART2_IRQHandler                        0x08000163   Thumb Code     0  startup_stm32f103xe.o(.text)
    USART3_IRQHandler                        0x08000163   Thumb Code     0  startup_stm32f103xe.o(.text)
    USBWakeUp_IRQHandler                     0x08000163   Thumb Code     0  startup_stm32f103xe.o(.text)
    USB_HP_CAN1_TX_IRQHandler                0x08000163   Thumb Code     0  startup_stm32f103xe.o(.text)
    USB_LP_CAN1_RX0_IRQHandler               0x08000163   Thumb Code     0  startup_stm32f103xe.o(.text)
    WWDG_IRQHandler                          0x08000163   Thumb Code     0  startup_stm32f103xe.o(.text)
    cr4_fft_1024_stm32                       0x0800016d   Thumb Code     0  cr4_fft_1024_stm32.o(.text)
    __aeabi_llsr                             0x0800134d   Thumb Code    32  llushr.o(.text)
    _ll_ushift_r                             0x0800134d   Thumb Code     0  llushr.o(.text)
    __aeabi_memset                           0x0800136d   Thumb Code    14  memseta.o(.text)
    __aeabi_memset4                          0x0800136d   Thumb Code     0  memseta.o(.text)
    __aeabi_memset8                          0x0800136d   Thumb Code     0  memseta.o(.text)
    __aeabi_memclr                           0x0800137b   Thumb Code     4  memseta.o(.text)
    __aeabi_memclr4                          0x0800137b   Thumb Code     0  memseta.o(.text)
    __aeabi_memclr8                          0x0800137b   Thumb Code     0  memseta.o(.text)
    _memset$wrapper                          0x0800137f   Thumb Code    18  memseta.o(.text)
    strcat                                   0x08001391   Thumb Code    24  strcat.o(.text)
    __aeabi_fadd                             0x080013a9   Thumb Code   164  fadd.o(.text)
    __aeabi_fsub                             0x0800144d   Thumb Code     6  fadd.o(.text)
    __aeabi_frsub                            0x08001453   Thumb Code     6  fadd.o(.text)
    __aeabi_fmul                             0x08001459   Thumb Code   100  fmul.o(.text)
    __aeabi_fdiv                             0x080014bd   Thumb Code   124  fdiv.o(.text)
    __aeabi_dadd                             0x08001539   Thumb Code   322  dadd.o(.text)
    __aeabi_dsub                             0x0800167b   Thumb Code     6  dadd.o(.text)
    __aeabi_drsub                            0x08001681   Thumb Code     6  dadd.o(.text)
    __aeabi_dmul                             0x08001687   Thumb Code   228  dmul.o(.text)
    __aeabi_ddiv                             0x0800176b   Thumb Code   222  ddiv.o(.text)
    __aeabi_i2f                              0x08001849   Thumb Code    18  fflti.o(.text)
    __aeabi_ui2f                             0x0800185b   Thumb Code    10  ffltui.o(.text)
    __aeabi_ui2d                             0x08001865   Thumb Code    26  dfltui.o(.text)
    __aeabi_f2iz                             0x0800187f   Thumb Code    50  ffixi.o(.text)
    __aeabi_f2uiz                            0x080018b1   Thumb Code    40  ffixui.o(.text)
    __aeabi_f2d                              0x080018d9   Thumb Code    38  f2d.o(.text)
    __aeabi_d2f                              0x080018ff   Thumb Code    56  d2f.o(.text)
    __aeabi_cfrcmple                         0x08001939   Thumb Code    20  cfrcmple.o(.text)
    __aeabi_uidiv                            0x0800194d   Thumb Code     0  uidiv.o(.text)
    __aeabi_uidivmod                         0x0800194d   Thumb Code    44  uidiv.o(.text)
    __aeabi_uldivmod                         0x08001979   Thumb Code    98  uldiv.o(.text)
    __aeabi_llsl                             0x080019db   Thumb Code    30  llshl.o(.text)
    _ll_shift_l                              0x080019db   Thumb Code     0  llshl.o(.text)
    __aeabi_lasr                             0x080019f9   Thumb Code    36  llsshr.o(.text)
    _ll_sshift_r                             0x080019f9   Thumb Code     0  llsshr.o(.text)
    __I$use$fp                               0x08001a1d   Thumb Code     0  iusefp.o(.text)
    _float_round                             0x08001a1d   Thumb Code    18  fepilogue.o(.text)
    _float_epilogue                          0x08001a2f   Thumb Code    92  fepilogue.o(.text)
    _double_round                            0x08001a8b   Thumb Code    30  depilogue.o(.text)
    _double_epilogue                         0x08001aa9   Thumb Code   156  depilogue.o(.text)
    __ARM_scalbn                             0x08001b45   Thumb Code    46  dscalb.o(.text)
    scalbn                                   0x08001b45   Thumb Code     0  dscalb.o(.text)
    _dsqrt                                   0x08001b73   Thumb Code   162  dsqrt.o(.text)
    __aeabi_d2ulz                            0x08001c15   Thumb Code    48  dfixul.o(.text)
    __aeabi_cdrcmple                         0x08001c45   Thumb Code    48  cdrcmple.o(.text)
    __scatterload                            0x08001c75   Thumb Code    28  init.o(.text)
    __scatterload_rt2                        0x08001c75   Thumb Code     0  init.o(.text)
    __aeabi_i2d                              0x08001c99   Thumb Code    34  dflti.o(.text)
    __aeabi_d2iz                             0x08001cbb   Thumb Code    62  dfixi.o(.text)
    __decompress                             0x08001cf9   Thumb Code     0  __dclz77c.o(.text)
    __decompress2                            0x08001cf9   Thumb Code    94  __dclz77c.o(.text)
    ADC1_2_IRQHandler                        0x08001d59   Thumb Code    10  stm32f1xx_it.o(i.ADC1_2_IRQHandler)
    ADC_ConversionStop_Disable               0x08001d69   Thumb Code    82  stm32f1xx_hal_adc.o(i.ADC_ConversionStop_Disable)
    ADC_Enable                               0x08001dbd   Thumb Code   122  stm32f1xx_hal_adc.o(i.ADC_Enable)
    BusFault_Handler                         0x08001e41   Thumb Code     4  stm32f1xx_it.o(i.BusFault_Handler)
    DEBUG_USART_Config                       0x08001e45   Thumb Code    36  bsp_debug_usart.o(i.DEBUG_USART_Config)
    DebugMon_Handler                         0x08001e71   Thumb Code     2  stm32f1xx_it.o(i.DebugMon_Handler)
    FSMC_NORSRAM_Extended_Timing_Init        0x08001e75   Thumb Code    62  stm32f1xx_ll_fsmc.o(i.FSMC_NORSRAM_Extended_Timing_Init)
    FSMC_NORSRAM_Init                        0x08001eb9   Thumb Code   164  stm32f1xx_ll_fsmc.o(i.FSMC_NORSRAM_Init)
    FSMC_NORSRAM_Timing_Init                 0x08001f61   Thumb Code    66  stm32f1xx_ll_fsmc.o(i.FSMC_NORSRAM_Timing_Init)
    GetPowerMag                              0x08001fa5   Thumb Code   224  fft.o(i.GetPowerMag)
    HAL_ADCEx_InjectedConvCpltCallback       0x08002091   Thumb Code     2  stm32f1xx_hal_adc_ex.o(i.HAL_ADCEx_InjectedConvCpltCallback)
    HAL_ADC_ConfigChannel                    0x08002095   Thumb Code   338  stm32f1xx_hal_adc.o(i.HAL_ADC_ConfigChannel)
    HAL_ADC_ConvCpltCallback                 0x080021f5   Thumb Code    70  bsp_adc.o(i.HAL_ADC_ConvCpltCallback)
    HAL_ADC_GetValue                         0x0800224d   Thumb Code     8  stm32f1xx_hal_adc.o(i.HAL_ADC_GetValue)
    HAL_ADC_IRQHandler                       0x08002255   Thumb Code   290  stm32f1xx_hal_adc.o(i.HAL_ADC_IRQHandler)
    HAL_ADC_Init                             0x08002379   Thumb Code   340  stm32f1xx_hal_adc.o(i.HAL_ADC_Init)
    HAL_ADC_LevelOutOfWindowCallback         0x080024d9   Thumb Code     2  stm32f1xx_hal_adc.o(i.HAL_ADC_LevelOutOfWindowCallback)
    HAL_ADC_MspInit                          0x080024db   Thumb Code     2  stm32f1xx_hal_adc.o(i.HAL_ADC_MspInit)
    HAL_ADC_Start_IT                         0x080024dd   Thumb Code   306  stm32f1xx_hal_adc.o(i.HAL_ADC_Start_IT)
    HAL_GPIO_Init                            0x08002619   Thumb Code   790  stm32f1xx_hal_gpio.o(i.HAL_GPIO_Init)
    HAL_GetTick                              0x08002959   Thumb Code     6  stm32f1xx_hal.o(i.HAL_GetTick)
    HAL_InitTick                             0x08002965   Thumb Code    36  stm32f1xx_hal.o(i.HAL_InitTick)
    HAL_NVIC_EnableIRQ                       0x0800298d   Thumb Code    26  stm32f1xx_hal_cortex.o(i.HAL_NVIC_EnableIRQ)
    HAL_NVIC_SetPriority                     0x080029a7   Thumb Code   124  stm32f1xx_hal_cortex.o(i.HAL_NVIC_SetPriority)
    HAL_RCCEx_PeriphCLKConfig                0x08002a25   Thumb Code   290  stm32f1xx_hal_rcc_ex.o(i.HAL_RCCEx_PeriphCLKConfig)
    HAL_RCC_ClockConfig                      0x08002b55   Thumb Code   402  stm32f1xx_hal_rcc.o(i.HAL_RCC_ClockConfig)
    HAL_RCC_GetHCLKFreq                      0x08002cf9   Thumb Code     6  stm32f1xx_hal_rcc.o(i.HAL_RCC_GetHCLKFreq)
    HAL_RCC_GetPCLK1Freq                     0x08002d05   Thumb Code    22  stm32f1xx_hal_rcc.o(i.HAL_RCC_GetPCLK1Freq)
    HAL_RCC_GetPCLK2Freq                     0x08002d25   Thumb Code    22  stm32f1xx_hal_rcc.o(i.HAL_RCC_GetPCLK2Freq)
    HAL_RCC_GetSysClockFreq                  0x08002d45   Thumb Code   118  stm32f1xx_hal_rcc.o(i.HAL_RCC_GetSysClockFreq)
    HAL_RCC_OscConfig                        0x08002ddd   Thumb Code  1078  stm32f1xx_hal_rcc.o(i.HAL_RCC_OscConfig)
    HAL_SRAM_Init                            0x0800321d   Thumb Code    88  stm32f1xx_hal_sram.o(i.HAL_SRAM_Init)
    HAL_SRAM_MspInit                         0x08003275   Thumb Code     2  stm32f1xx_hal_sram.o(i.HAL_SRAM_MspInit)
    HAL_SYSTICK_Config                       0x08003277   Thumb Code    52  stm32f1xx_hal_cortex.o(i.HAL_SYSTICK_Config)
    HAL_UART_Init                            0x080032ab   Thumb Code   114  stm32f1xx_hal_uart.o(i.HAL_UART_Init)
    HAL_UART_MspInit                         0x0800331d   Thumb Code   132  bsp_debug_usart.o(i.HAL_UART_MspInit)
    Hanning_Win                              0x080033a9   Thumb Code    90  fft.o(i.Hanning_Win)
    HardFault_Handler                        0x0800340d   Thumb Code     4  stm32f1xx_it.o(i.HardFault_Handler)
    ILI9341_BackLed_Control                  0x08003411   Thumb Code    22  bsp_ili9341_lcd.o(i.ILI9341_BackLed_Control)
    ILI9341_Clear                            0x0800342d   Thumb Code    40  bsp_ili9341_lcd.o(i.ILI9341_Clear)
    ILI9341_DispChar_EN                      0x0800346d   Thumb Code   138  bsp_ili9341_lcd.o(i.ILI9341_DispChar_EN)
    ILI9341_DispStringLine_EN                0x08003505   Thumb Code    92  bsp_ili9341_lcd.o(i.ILI9341_DispStringLine_EN)
    ILI9341_DrawLine                         0x0800356d   Thumb Code   160  bsp_ili9341_lcd.o(i.ILI9341_DrawLine)
    ILI9341_GramScan                         0x0800375d   Thumb Code   172  bsp_ili9341_lcd.o(i.ILI9341_GramScan)
    ILI9341_Init                             0x08003815   Thumb Code    34  bsp_ili9341_lcd.o(i.ILI9341_Init)
    ILI9341_OpenWindow                       0x0800383d   Thumb Code    96  bsp_ili9341_lcd.o(i.ILI9341_OpenWindow)
    ILI9341_Rst                              0x08003acd   Thumb Code    34  bsp_ili9341_lcd.o(i.ILI9341_Rst)
    ILI9341_SetPointPixel                    0x08003b09   Thumb Code    42  bsp_ili9341_lcd.o(i.ILI9341_SetPointPixel)
    ILI9341_Write_Cmd                        0x08003b41   Thumb Code     8  bsp_ili9341_lcd.o(i.ILI9341_Write_Cmd)
    ILI9341_Write_Data                       0x08003b49   Thumb Code     6  bsp_ili9341_lcd.o(i.ILI9341_Write_Data)
    LCD_GetFont                              0x08003b55   Thumb Code     6  bsp_ili9341_lcd.o(i.LCD_GetFont)
    LCD_SetFont                              0x08003b61   Thumb Code     6  bsp_ili9341_lcd.o(i.LCD_SetFont)
    LCD_SetTextColor                         0x08003b6d   Thumb Code     6  bsp_ili9341_lcd.o(i.LCD_SetTextColor)
    LED_GPIO_Config                          0x08003b79   Thumb Code   150  bsp_led.o(i.LED_GPIO_Config)
    MemManage_Handler                        0x08003c19   Thumb Code     4  stm32f1xx_it.o(i.MemManage_Handler)
    NMI_Handler                              0x08003c1d   Thumb Code     2  stm32f1xx_it.o(i.NMI_Handler)
    PendSV_Handler                           0x08003c59   Thumb Code     2  stm32f1xx_it.o(i.PendSV_Handler)
    Rheostat_Init                            0x08003d59   Thumb Code    16  bsp_adc.o(i.Rheostat_Init)
    SVC_Handler                              0x08003d69   Thumb Code     2  stm32f1xx_it.o(i.SVC_Handler)
    SysTick_Handler                          0x08003d6d   Thumb Code    12  bsp_systick.o(i.SysTick_Handler)
    SystemClock_Config                       0x08003d7d   Thumb Code    96  main.o(i.SystemClock_Config)
    SystemInit                               0x08003ddd   Thumb Code    70  system_stm32f1xx.o(i.SystemInit)
    UsageFault_Handler                       0x08003ffd   Thumb Code     4  stm32f1xx_it.o(i.UsageFault_Handler)
    __0sprintf                               0x08004001   Thumb Code    34  printfa.o(i.__0sprintf)
    __1sprintf                               0x08004001   Thumb Code     0  printfa.o(i.__0sprintf)
    __2sprintf                               0x08004001   Thumb Code     0  printfa.o(i.__0sprintf)
    __c89sprintf                             0x08004001   Thumb Code     0  printfa.o(i.__0sprintf)
    sprintf                                  0x08004001   Thumb Code     0  printfa.o(i.__0sprintf)
    __ARM_fpclassify                         0x08004029   Thumb Code    40  fpclassify.o(i.__ARM_fpclassify)
    __ieee754_rem_pio2                       0x08004051   Thumb Code   828  rred.o(i.__ieee754_rem_pio2)
    __kernel_cos                             0x080043d9   Thumb Code   230  cos_i.o(i.__kernel_cos)
    __kernel_poly                            0x080044d5   Thumb Code   170  poly.o(i.__kernel_poly)
    __kernel_sin                             0x08004581   Thumb Code   224  sin_i.o(i.__kernel_sin)
    __mathlib_dbl_infnan                     0x0800466d   Thumb Code     6  dunder.o(i.__mathlib_dbl_infnan)
    __mathlib_dbl_invalid                    0x08004673   Thumb Code    12  dunder.o(i.__mathlib_dbl_invalid)
    __mathlib_dbl_underflow                  0x08004681   Thumb Code    10  dunder.o(i.__mathlib_dbl_underflow)
    __scatterload_copy                       0x08004691   Thumb Code    14  handlers.o(i.__scatterload_copy)
    __scatterload_null                       0x0800469f   Thumb Code     2  handlers.o(i.__scatterload_null)
    __scatterload_zeroinit                   0x080046a1   Thumb Code    14  handlers.o(i.__scatterload_zeroinit)
    __set_errno                              0x080046b1   Thumb Code     6  errno.o(i.__set_errno)
    cos                                      0x08004f51   Thumb Code   148  cos.o(i.cos)
    lcd_print_fft                            0x08004fed   Thumb Code    44  fft.o(i.lcd_print_fft)
    lcd_show_fft                             0x0800501d   Thumb Code    58  fft.o(i.lcd_show_fft)
    main                                     0x08005059   Thumb Code   284  main.o(i.main)
    select_max                               0x080051a1   Thumb Code  1164  fft.o(i.select_max)
    sqrt                                     0x0800562d   Thumb Code    76  sqrt.o(i.sqrt)
    AHBPrescTable                            0x08005678   Data          16  system_stm32f1xx.o(.constdata)
    APBPrescTable                            0x08005688   Data           8  system_stm32f1xx.o(.constdata)
    ASCII8x16_Table                          0x08005690   Data        1520  fonts.o(.constdata)
    ASCII16x24_Table                         0x08005c80   Data        4560  fonts.o(.constdata)
    ASCII24x32_Table                         0x08006e50   Data        9120  fonts.o(.constdata)
    Region$$Table$$Base                      0x08009310   Number         0  anon$$obj.o(Region$$Table)
    Region$$Table$$Limit                     0x08009330   Number         0  anon$$obj.o(Region$$Table)
    SystemCoreClock                          0x20000000   Data           4  system_stm32f1xx.o(.data)
    uwTick                                   0x20000004   Data           4  stm32f1xx_hal.o(.data)
    TableFFT                                 0x20000008   Data        4080  main.o(.data)
    count                                    0x20000ff8   Data           4  main.o(.data)
    ADC_Vol                                  0x20000ffc   Data           4  main.o(.data)
    qtime                                    0x20001000   Data           4  stm32f1xx_it.o(.data)
    ADC_ConvertedValue                       0x20001004   Data           4  bsp_adc.o(.data)
    Font8x16                                 0x20001008   Data           8  fonts.o(.data)
    Font16x24                                0x20001010   Data           8  fonts.o(.data)
    Font24x32                                0x20001018   Data           8  fonts.o(.data)
    LCD_X_LENGTH                             0x20001024   Data           2  bsp_ili9341_lcd.o(.data)
    LCD_Y_LENGTH                             0x20001026   Data           2  bsp_ili9341_lcd.o(.data)
    LCD_SCAN_MODE                            0x20001028   Data           1  bsp_ili9341_lcd.o(.data)
    PI2                                      0x20001034   Data           4  fft.o(.data)
    PI                                       0x20001038   Data           4  fft.o(.data)
    Fs                                       0x2000103c   Data           4  fft.o(.data)
    vol                                      0x20001044   Data        4096  main.o(.bss)
    UartHandle                               0x20002044   Data          64  bsp_debug_usart.o(.bss)
    DMA_Init_Handle                          0x20002084   Data          68  bsp_adc.o(.bss)
    ADC_Handle                               0x200020c8   Data          48  bsp_adc.o(.bss)
    ADC_Config                               0x200020f8   Data          12  bsp_adc.o(.bss)
    zoomBuff                                 0x20002164   Data       16384  bsp_ili9341_lcd.o(.bss)
    zoomTempBuff                             0x20006164   Data        1024  bsp_ili9341_lcd.o(.bss)
    lBufInArray                              0x20006564   Data        4096  fft.o(.bss)
    lBufOutArray                             0x20007564   Data        4096  fft.o(.bss)
    lBufMagArray                             0x20008564   Data        4096  fft.o(.bss)
    lBUFPHASE                                0x20009564   Data        4096  fft.o(.bss)
    __initial_sp                             0x2000a968   Data           0  startup_stm32f103xe.o(STACK)



==============================================================================

Memory Map of the image

  Image Entry point : 0x08000131

  Load Region LR_IROM1 (Base: 0x08000000, Size: 0x0000a374, Max: 0x00080000, ABSOLUTE, COMPRESSED[0x00009f70])

    Execution Region ER_IROM1 (Exec base: 0x08000000, Load base: 0x08000000, Size: 0x00009330, Max: 0x00080000, ABSOLUTE)

    Exec Addr    Load Addr    Size         Type   Attr      Idx    E Section Name        Object

    0x08000000   0x08000000   0x00000130   Data   RO            3    RESET               startup_stm32f103xe.o
    0x08000130   0x08000130   0x00000000   Code   RO         7767  * .ARM.Collect$$$$00000000  mc_w.l(entry.o)
    0x08000130   0x08000130   0x00000004   Code   RO         8105    .ARM.Collect$$$$00000001  mc_w.l(entry2.o)
    0x08000134   0x08000134   0x00000004   Code   RO         8108    .ARM.Collect$$$$00000004  mc_w.l(entry5.o)
    0x08000138   0x08000138   0x00000000   Code   RO         8110    .ARM.Collect$$$$00000008  mc_w.l(entry7b.o)
    0x08000138   0x08000138   0x00000000   Code   RO         8112    .ARM.Collect$$$$0000000A  mc_w.l(entry8b.o)
    0x08000138   0x08000138   0x00000008   Code   RO         8113    .ARM.Collect$$$$0000000B  mc_w.l(entry9a.o)
    0x08000140   0x08000140   0x00000004   Code   RO         8120    .ARM.Collect$$$$0000000E  mc_w.l(entry12b.o)
    0x08000144   0x08000144   0x00000000   Code   RO         8115    .ARM.Collect$$$$0000000F  mc_w.l(entry10a.o)
    0x08000144   0x08000144   0x00000000   Code   RO         8117    .ARM.Collect$$$$00000011  mc_w.l(entry11a.o)
    0x08000144   0x08000144   0x00000004   Code   RO         8106    .ARM.Collect$$$$00002712  mc_w.l(entry2.o)
    0x08000148   0x08000148   0x00000024   Code   RO            4    .text               startup_stm32f103xe.o
    0x0800016c   0x0800016c   0x000011e0   Code   RO         7730    .text               cr4_fft_1024_stm32.o
    0x0800134c   0x0800134c   0x00000020   Code   RO         7770    .text               mc_w.l(llushr.o)
    0x0800136c   0x0800136c   0x00000024   Code   RO         7774    .text               mc_w.l(memseta.o)
    0x08001390   0x08001390   0x00000018   Code   RO         7776    .text               mc_w.l(strcat.o)
    0x080013a8   0x080013a8   0x000000b0   Code   RO         8041    .text               mf_w.l(fadd.o)
    0x08001458   0x08001458   0x00000064   Code   RO         8043    .text               mf_w.l(fmul.o)
    0x080014bc   0x080014bc   0x0000007c   Code   RO         8045    .text               mf_w.l(fdiv.o)
    0x08001538   0x08001538   0x0000014e   Code   RO         8047    .text               mf_w.l(dadd.o)
    0x08001686   0x08001686   0x000000e4   Code   RO         8049    .text               mf_w.l(dmul.o)
    0x0800176a   0x0800176a   0x000000de   Code   RO         8051    .text               mf_w.l(ddiv.o)
    0x08001848   0x08001848   0x00000012   Code   RO         8053    .text               mf_w.l(fflti.o)
    0x0800185a   0x0800185a   0x0000000a   Code   RO         8055    .text               mf_w.l(ffltui.o)
    0x08001864   0x08001864   0x0000001a   Code   RO         8057    .text               mf_w.l(dfltui.o)
    0x0800187e   0x0800187e   0x00000032   Code   RO         8059    .text               mf_w.l(ffixi.o)
    0x080018b0   0x080018b0   0x00000028   Code   RO         8061    .text               mf_w.l(ffixui.o)
    0x080018d8   0x080018d8   0x00000026   Code   RO         8065    .text               mf_w.l(f2d.o)
    0x080018fe   0x080018fe   0x00000038   Code   RO         8067    .text               mf_w.l(d2f.o)
    0x08001936   0x08001936   0x00000002   PAD
    0x08001938   0x08001938   0x00000014   Code   RO         8071    .text               mf_w.l(cfrcmple.o)
    0x0800194c   0x0800194c   0x0000002c   Code   RO         8122    .text               mc_w.l(uidiv.o)
    0x08001978   0x08001978   0x00000062   Code   RO         8124    .text               mc_w.l(uldiv.o)
    0x080019da   0x080019da   0x0000001e   Code   RO         8126    .text               mc_w.l(llshl.o)
    0x080019f8   0x080019f8   0x00000024   Code   RO         8128    .text               mc_w.l(llsshr.o)
    0x08001a1c   0x08001a1c   0x00000000   Code   RO         8137    .text               mc_w.l(iusefp.o)
    0x08001a1c   0x08001a1c   0x0000006e   Code   RO         8138    .text               mf_w.l(fepilogue.o)
    0x08001a8a   0x08001a8a   0x000000ba   Code   RO         8140    .text               mf_w.l(depilogue.o)
    0x08001b44   0x08001b44   0x0000002e   Code   RO         8142    .text               mf_w.l(dscalb.o)
    0x08001b72   0x08001b72   0x000000a2   Code   RO         8144    .text               mf_w.l(dsqrt.o)
    0x08001c14   0x08001c14   0x00000030   Code   RO         8146    .text               mf_w.l(dfixul.o)
    0x08001c44   0x08001c44   0x00000030   Code   RO         8150    .text               mf_w.l(cdrcmple.o)
    0x08001c74   0x08001c74   0x00000024   Code   RO         8152    .text               mc_w.l(init.o)
    0x08001c98   0x08001c98   0x00000022   Code   RO         8154    .text               mf_w.l(dflti.o)
    0x08001cba   0x08001cba   0x0000003e   Code   RO         8156    .text               mf_w.l(dfixi.o)
    0x08001cf8   0x08001cf8   0x0000005e   Code   RO         8166    .text               mc_w.l(__dclz77c.o)
    0x08001d56   0x08001d56   0x00000002   PAD
    0x08001d58   0x08001d58   0x00000010   Code   RO         6932    i.ADC1_2_IRQHandler  stm32f1xx_it.o
    0x08001d68   0x08001d68   0x00000052   Code   RO          357    i.ADC_ConversionStop_Disable  stm32f1xx_hal_adc.o
    0x08001dba   0x08001dba   0x00000002   PAD
    0x08001dbc   0x08001dbc   0x00000084   Code   RO          361    i.ADC_Enable        stm32f1xx_hal_adc.o
    0x08001e40   0x08001e40   0x00000004   Code   RO         6933    i.BusFault_Handler  stm32f1xx_it.o
    0x08001e44   0x08001e44   0x0000002c   Code   RO         7035    i.DEBUG_USART_Config  bsp_debug_usart.o
    0x08001e70   0x08001e70   0x00000002   Code   RO         6934    i.DebugMon_Handler  stm32f1xx_it.o
    0x08001e72   0x08001e72   0x00000002   PAD
    0x08001e74   0x08001e74   0x00000044   Code   RO         6271    i.FSMC_NORSRAM_Extended_Timing_Init  stm32f1xx_ll_fsmc.o
    0x08001eb8   0x08001eb8   0x000000a8   Code   RO         6272    i.FSMC_NORSRAM_Init  stm32f1xx_ll_fsmc.o
    0x08001f60   0x08001f60   0x00000042   Code   RO         6273    i.FSMC_NORSRAM_Timing_Init  stm32f1xx_ll_fsmc.o
    0x08001fa2   0x08001fa2   0x00000002   PAD
    0x08001fa4   0x08001fa4   0x000000ec   Code   RO         7620    i.GetPowerMag       fft.o
    0x08002090   0x08002090   0x00000002   Code   RO          539    i.HAL_ADCEx_InjectedConvCpltCallback  stm32f1xx_hal_adc_ex.o
    0x08002092   0x08002092   0x00000002   PAD
    0x08002094   0x08002094   0x00000160   Code   RO          363    i.HAL_ADC_ConfigChannel  stm32f1xx_hal_adc.o
    0x080021f4   0x080021f4   0x00000058   Code   RO         7089    i.HAL_ADC_ConvCpltCallback  bsp_adc.o
    0x0800224c   0x0800224c   0x00000008   Code   RO          370    i.HAL_ADC_GetValue  stm32f1xx_hal_adc.o
    0x08002254   0x08002254   0x00000122   Code   RO          371    i.HAL_ADC_IRQHandler  stm32f1xx_hal_adc.o
    0x08002376   0x08002376   0x00000002   PAD
    0x08002378   0x08002378   0x00000160   Code   RO          372    i.HAL_ADC_Init      stm32f1xx_hal_adc.o
    0x080024d8   0x080024d8   0x00000002   Code   RO          373    i.HAL_ADC_LevelOutOfWindowCallback  stm32f1xx_hal_adc.o
    0x080024da   0x080024da   0x00000002   Code   RO          375    i.HAL_ADC_MspInit   stm32f1xx_hal_adc.o
    0x080024dc   0x080024dc   0x0000013c   Code   RO          380    i.HAL_ADC_Start_IT  stm32f1xx_hal_adc.o
    0x08002618   0x08002618   0x00000340   Code   RO         1498    i.HAL_GPIO_Init     stm32f1xx_hal_gpio.o
    0x08002958   0x08002958   0x0000000c   Code   RO          223    i.HAL_GetTick       stm32f1xx_hal.o
    0x08002964   0x08002964   0x00000028   Code   RO          227    i.HAL_InitTick      stm32f1xx_hal.o
    0x0800298c   0x0800298c   0x0000001a   Code   RO          783    i.HAL_NVIC_EnableIRQ  stm32f1xx_hal_cortex.o
    0x080029a6   0x080029a6   0x0000007c   Code   RO          789    i.HAL_NVIC_SetPriority  stm32f1xx_hal_cortex.o
    0x08002a22   0x08002a22   0x00000002   PAD
    0x08002a24   0x08002a24   0x00000130   Code   RO         3439    i.HAL_RCCEx_PeriphCLKConfig  stm32f1xx_hal_rcc_ex.o
    0x08002b54   0x08002b54   0x000001a4   Code   RO         3331    i.HAL_RCC_ClockConfig  stm32f1xx_hal_rcc.o
    0x08002cf8   0x08002cf8   0x0000000c   Code   RO         3336    i.HAL_RCC_GetHCLKFreq  stm32f1xx_hal_rcc.o
    0x08002d04   0x08002d04   0x00000020   Code   RO         3338    i.HAL_RCC_GetPCLK1Freq  stm32f1xx_hal_rcc.o
    0x08002d24   0x08002d24   0x00000020   Code   RO         3339    i.HAL_RCC_GetPCLK2Freq  stm32f1xx_hal_rcc.o
    0x08002d44   0x08002d44   0x00000098   Code   RO         3340    i.HAL_RCC_GetSysClockFreq  stm32f1xx_hal_rcc.o
    0x08002ddc   0x08002ddc   0x00000440   Code   RO         3343    i.HAL_RCC_OscConfig  stm32f1xx_hal_rcc.o
    0x0800321c   0x0800321c   0x00000058   Code   RO         4628    i.HAL_SRAM_Init     stm32f1xx_hal_sram.o
    0x08003274   0x08003274   0x00000002   Code   RO         4630    i.HAL_SRAM_MspInit  stm32f1xx_hal_sram.o
    0x08003276   0x08003276   0x00000034   Code   RO          794    i.HAL_SYSTICK_Config  stm32f1xx_hal_cortex.o
    0x080032aa   0x080032aa   0x00000072   Code   RO         5643    i.HAL_UART_Init     stm32f1xx_hal_uart.o
    0x0800331c   0x0800331c   0x0000008c   Code   RO         7036    i.HAL_UART_MspInit  bsp_debug_usart.o
    0x080033a8   0x080033a8   0x00000064   Code   RO         7622    i.Hanning_Win       fft.o
    0x0800340c   0x0800340c   0x00000004   Code   RO         6935    i.HardFault_Handler  stm32f1xx_it.o
    0x08003410   0x08003410   0x0000001c   Code   RO         7173    i.ILI9341_BackLed_Control  bsp_ili9341_lcd.o
    0x0800342c   0x0800342c   0x0000002c   Code   RO         7174    i.ILI9341_Clear     bsp_ili9341_lcd.o
    0x08003458   0x08003458   0x00000012   Code   RO         7175    i.ILI9341_Delay     bsp_ili9341_lcd.o
    0x0800346a   0x0800346a   0x00000002   PAD
    0x0800346c   0x0800346c   0x00000098   Code   RO         7177    i.ILI9341_DispChar_EN  bsp_ili9341_lcd.o
    0x08003504   0x08003504   0x00000068   Code   RO         7178    i.ILI9341_DispStringLine_EN  bsp_ili9341_lcd.o
    0x0800356c   0x0800356c   0x000000a0   Code   RO         7189    i.ILI9341_DrawLine  bsp_ili9341_lcd.o
    0x0800360c   0x0800360c   0x00000070   Code   RO         7191    i.ILI9341_FSMC_Config  bsp_ili9341_lcd.o
    0x0800367c   0x0800367c   0x00000020   Code   RO         7192    i.ILI9341_FillColor  bsp_ili9341_lcd.o
    0x0800369c   0x0800369c   0x000000c0   Code   RO         7193    i.ILI9341_GPIO_Config  bsp_ili9341_lcd.o
    0x0800375c   0x0800375c   0x000000b8   Code   RO         7195    i.ILI9341_GramScan  bsp_ili9341_lcd.o
    0x08003814   0x08003814   0x00000028   Code   RO         7196    i.ILI9341_Init      bsp_ili9341_lcd.o
    0x0800383c   0x0800383c   0x00000060   Code   RO         7197    i.ILI9341_OpenWindow  bsp_ili9341_lcd.o
    0x0800389c   0x0800389c   0x00000230   Code   RO         7198    i.ILI9341_REG_Config  bsp_ili9341_lcd.o
    0x08003acc   0x08003acc   0x00000028   Code   RO         7200    i.ILI9341_Rst       bsp_ili9341_lcd.o
    0x08003af4   0x08003af4   0x00000014   Code   RO         7201    i.ILI9341_SetCursor  bsp_ili9341_lcd.o
    0x08003b08   0x08003b08   0x00000038   Code   RO         7202    i.ILI9341_SetPointPixel  bsp_ili9341_lcd.o
    0x08003b40   0x08003b40   0x00000008   Code   RO         7410    i.ILI9341_Write_Cmd  bsp_ili9341_lcd.o
    0x08003b48   0x08003b48   0x0000000c   Code   RO         7415    i.ILI9341_Write_Data  bsp_ili9341_lcd.o
    0x08003b54   0x08003b54   0x0000000c   Code   RO         7206    i.LCD_GetFont       bsp_ili9341_lcd.o
    0x08003b60   0x08003b60   0x0000000c   Code   RO         7209    i.LCD_SetFont       bsp_ili9341_lcd.o
    0x08003b6c   0x08003b6c   0x0000000c   Code   RO         7210    i.LCD_SetTextColor  bsp_ili9341_lcd.o
    0x08003b78   0x08003b78   0x000000a0   Code   RO         7011    i.LED_GPIO_Config   bsp_led.o
    0x08003c18   0x08003c18   0x00000004   Code   RO         6936    i.MemManage_Handler  stm32f1xx_it.o
    0x08003c1c   0x08003c1c   0x00000002   Code   RO         6937    i.NMI_Handler       stm32f1xx_it.o
    0x08003c1e   0x08003c1e   0x00000002   PAD
    0x08003c20   0x08003c20   0x00000010   Code   RO          796    i.NVIC_GetPriorityGrouping  stm32f1xx_hal_cortex.o
    0x08003c30   0x08003c30   0x00000028   Code   RO          797    i.NVIC_SetPriority  stm32f1xx_hal_cortex.o
    0x08003c58   0x08003c58   0x00000002   Code   RO         6938    i.PendSV_Handler    stm32f1xx_it.o
    0x08003c5a   0x08003c5a   0x00000002   PAD
    0x08003c5c   0x08003c5c   0x00000028   Code   RO         3344    i.RCC_Delay         stm32f1xx_hal_rcc.o
    0x08003c84   0x08003c84   0x0000005c   Code   RO         7090    i.Rheostat_ADC_GPIO_Config  bsp_adc.o
    0x08003ce0   0x08003ce0   0x00000064   Code   RO         7091    i.Rheostat_ADC_Mode_Config  bsp_adc.o
    0x08003d44   0x08003d44   0x00000014   Code   RO         7092    i.Rheostat_ADC_NVIC_Config  bsp_adc.o
    0x08003d58   0x08003d58   0x00000010   Code   RO         7093    i.Rheostat_Init     bsp_adc.o
    0x08003d68   0x08003d68   0x00000002   Code   RO         6939    i.SVC_Handler       stm32f1xx_it.o
    0x08003d6a   0x08003d6a   0x00000002   PAD
    0x08003d6c   0x08003d6c   0x00000010   Code   RO         7573    i.SysTick_Handler   bsp_systick.o
    0x08003d7c   0x08003d7c   0x00000060   Code   RO         6857    i.SystemClock_Config  main.o
    0x08003ddc   0x08003ddc   0x00000058   Code   RO           14    i.SystemInit        system_stm32f1xx.o
    0x08003e34   0x08003e34   0x000001c8   Code   RO         5670    i.UART_SetConfig    stm32f1xx_hal_uart.o
    0x08003ffc   0x08003ffc   0x00000004   Code   RO         6940    i.UsageFault_Handler  stm32f1xx_it.o
    0x08004000   0x08004000   0x00000028   Code   RO         8015    i.__0sprintf        mc_w.l(printfa.o)
    0x08004028   0x08004028   0x00000028   Code   RO         8090    i.__ARM_fpclassify  m_ws.l(fpclassify.o)
    0x08004050   0x08004050   0x00000388   Code   RO         8094    i.__ieee754_rem_pio2  m_ws.l(rred.o)
    0x080043d8   0x080043d8   0x000000fc   Code   RO         8073    i.__kernel_cos      m_ws.l(cos_i.o)
    0x080044d4   0x080044d4   0x000000aa   Code   RO         8092    i.__kernel_poly     m_ws.l(poly.o)
    0x0800457e   0x0800457e   0x00000002   PAD
    0x08004580   0x08004580   0x000000ec   Code   RO         8099    i.__kernel_sin      m_ws.l(sin_i.o)
    0x0800466c   0x0800466c   0x00000006   Code   RO         8077    i.__mathlib_dbl_infnan  m_ws.l(dunder.o)
    0x08004672   0x08004672   0x0000000c   Code   RO         8079    i.__mathlib_dbl_invalid  m_ws.l(dunder.o)
    0x0800467e   0x0800467e   0x00000002   PAD
    0x08004680   0x08004680   0x00000010   Code   RO         8082    i.__mathlib_dbl_underflow  m_ws.l(dunder.o)
    0x08004690   0x08004690   0x0000000e   Code   RO         8160    i.__scatterload_copy  mc_w.l(handlers.o)
    0x0800469e   0x0800469e   0x00000002   Code   RO         8161    i.__scatterload_null  mc_w.l(handlers.o)
    0x080046a0   0x080046a0   0x0000000e   Code   RO         8162    i.__scatterload_zeroinit  mc_w.l(handlers.o)
    0x080046ae   0x080046ae   0x00000002   PAD
    0x080046b0   0x080046b0   0x0000000c   Code   RO         8132    i.__set_errno       mc_w.l(errno.o)
    0x080046bc   0x080046bc   0x00000184   Code   RO         8020    i._fp_digits        mc_w.l(printfa.o)
    0x08004840   0x08004840   0x000006b4   Code   RO         8021    i._printf_core      mc_w.l(printfa.o)
    0x08004ef4   0x08004ef4   0x00000024   Code   RO         8022    i._printf_post_padding  mc_w.l(printfa.o)
    0x08004f18   0x08004f18   0x0000002e   Code   RO         8023    i._printf_pre_padding  mc_w.l(printfa.o)
    0x08004f46   0x08004f46   0x0000000a   Code   RO         8025    i._sputc            mc_w.l(printfa.o)
    0x08004f50   0x08004f50   0x0000009c   Code   RO         7744    i.cos               m_ws.l(cos.o)
    0x08004fec   0x08004fec   0x00000030   Code   RO         7628    i.lcd_print_fft     fft.o
    0x0800501c   0x0800501c   0x0000003a   Code   RO         7629    i.lcd_show_fft      fft.o
    0x08005056   0x08005056   0x00000002   PAD
    0x08005058   0x08005058   0x00000148   Code   RO         6858    i.main              main.o
    0x080051a0   0x080051a0   0x0000048c   Code   RO         7630    i.select_max        fft.o
    0x0800562c   0x0800562c   0x0000004c   Code   RO         7760    i.sqrt              m_ws.l(sqrt.o)
    0x08005678   0x08005678   0x00000018   Data   RO           15    .constdata          system_stm32f1xx.o
    0x08005690   0x08005690   0x00003b60   Data   RO         7140    .constdata          fonts.o
    0x080091f0   0x080091f0   0x00000030   Data   RO         8074    .constdata          m_ws.l(cos_i.o)
    0x08009220   0x08009220   0x000000c8   Data   RO         8096    .constdata          m_ws.l(rred.o)
    0x080092e8   0x080092e8   0x00000028   Data   RO         8100    .constdata          m_ws.l(sin_i.o)
    0x08009310   0x08009310   0x00000020   Data   RO         8158    Region$$Table       anon$$obj.o


    Execution Region RW_IRAM1 (Exec base: 0x20000000, Load base: 0x08009330, Size: 0x0000a968, Max: 0x00010000, ABSOLUTE, COMPRESSED[0x00000c40])

    Exec Addr    Load Addr    Size         Type   Attr      Idx    E Section Name        Object

    0x20000000   COMPRESSED   0x00000004   Data   RW           16    .data               system_stm32f1xx.o
    0x20000004   COMPRESSED   0x00000004   Data   RW          232    .data               stm32f1xx_hal.o
    0x20000008   COMPRESSED   0x00000ff8   Data   RW         6860    .data               main.o
    0x20001000   COMPRESSED   0x00000004   Data   RW         6941    .data               stm32f1xx_it.o
    0x20001004   COMPRESSED   0x00000004   Data   RW         7095    .data               bsp_adc.o
    0x20001008   COMPRESSED   0x00000019   Data   RW         7141    .data               fonts.o
    0x20001021   COMPRESSED   0x00000003   PAD
    0x20001024   COMPRESSED   0x00000010   Data   RW         7212    .data               bsp_ili9341_lcd.o
    0x20001034   COMPRESSED   0x0000000c   Data   RW         7632    .data               fft.o
    0x20001040   COMPRESSED   0x00000004   Data   RW         8133    .data               mc_w.l(errno.o)
    0x20001044        -       0x00001000   Zero   RW         6859    .bss                main.o
    0x20002044        -       0x00000040   Zero   RW         7040    .bss                bsp_debug_usart.o
    0x20002084        -       0x00000080   Zero   RW         7094    .bss                bsp_adc.o
    0x20002104        -       0x00004460   Zero   RW         7211    .bss                bsp_ili9341_lcd.o
    0x20006564        -       0x00004000   Zero   RW         7631    .bss                fft.o
    0x2000a564   COMPRESSED   0x00000004   PAD
    0x2000a568        -       0x00000400   Zero   RW            1    STACK               startup_stm32f103xe.o


==============================================================================

Image component sizes


      Code (inc. data)   RO Data    RW Data    ZI Data      Debug   Object Name

       316         42          0          4        128       3590   bsp_adc.o
       184         16          0          0         64       1993   bsp_debug_usart.o
      1894        126          0         16      17504      15128   bsp_ili9341_lcd.o
       160         10          0          0          0       1038   bsp_led.o
        16          4          0          0          0        490   bsp_systick.o
      4576       4080          0          0          0        344   cr4_fft_1024_stm32.o
      1606         78          0         12      16384       4960   fft.o
         0          0      15200         25          0       2323   fonts.o
       424         44          0       4088       4096       3893   main.o
        36          8        304          0       1024        956   startup_stm32f103xe.o
        52         10          0          4          0       2290   stm32f1xx_hal.o
      1536         46          0          0          0       7633   stm32f1xx_hal_adc.o
         2          0          0          0          0       1185   stm32f1xx_hal_adc_ex.o
       258         14          0          0          0      25800   stm32f1xx_hal_cortex.o
       832         42          0          0          0       2160   stm32f1xx_hal_gpio.o
      1776        110          0          0          0       6360   stm32f1xx_hal_rcc.o
       304         14          0          0          0       1504   stm32f1xx_hal_rcc_ex.o
        90          0          0          0          0       1867   stm32f1xx_hal_sram.o
       570          6          0          0          0       1868   stm32f1xx_hal_uart.o
        40          6          0          4          0       4548   stm32f1xx_it.o
       302         10          0          0          0       2743   stm32f1xx_ll_fsmc.o
        88         18         24          4          0     486803   system_stm32f1xx.o

    ----------------------------------------------------------------------
     15084       4684      15560       4160      39204     579476   Object Totals
         0          0         32          0          0          0   (incl. Generated)
        22          0          0          3          4          0   (incl. Padding)

    ----------------------------------------------------------------------

      Code (inc. data)   RO Data    RW Data    ZI Data      Debug   Library Member Name

       156          8          0          0          0        104   cos.o
       252         22         48          0          0        124   cos_i.o
        34          6          0          0          0        204   dunder.o
        40          0          0          0          0         68   fpclassify.o
       170          0          0          0          0         96   poly.o
       904         76        200          0          0        140   rred.o
       236         12         40          0          0        128   sin_i.o
        76          0          0          0          0         84   sqrt.o
        94          0          0          0          0          0   __dclz77c.o
         0          0          0          0          0          0   entry.o
         0          0          0          0          0          0   entry10a.o
         0          0          0          0          0          0   entry11a.o
         4          0          0          0          0          0   entry12b.o
         8          4          0          0          0          0   entry2.o
         4          0          0          0          0          0   entry5.o
         0          0          0          0          0          0   entry7b.o
         0          0          0          0          0          0   entry8b.o
         8          4          0          0          0          0   entry9a.o
        12          6          0          4          0         68   errno.o
        30          0          0          0          0          0   handlers.o
        36          8          0          0          0         68   init.o
         0          0          0          0          0          0   iusefp.o
        30          0          0          0          0         68   llshl.o
        36          0          0          0          0         68   llsshr.o
        32          0          0          0          0         68   llushr.o
        36          0          0          0          0        108   memseta.o
      2236         86          0          0          0        532   printfa.o
        24          0          0          0          0         68   strcat.o
        44          0          0          0          0         80   uidiv.o
        98          0          0          0          0         92   uldiv.o
        48          0          0          0          0         68   cdrcmple.o
        20          0          0          0          0         68   cfrcmple.o
        56          0          0          0          0         88   d2f.o
       334          0          0          0          0        148   dadd.o
       222          0          0          0          0        100   ddiv.o
       186          0          0          0          0        176   depilogue.o
        62          0          0          0          0         80   dfixi.o
        48          0          0          0          0         68   dfixul.o
        34          0          0          0          0         76   dflti.o
        26          0          0          0          0         76   dfltui.o
       228          0          0          0          0         96   dmul.o
        46          0          0          0          0         80   dscalb.o
       162          0          0          0          0        100   dsqrt.o
        38          0          0          0          0         68   f2d.o
       176          0          0          0          0        140   fadd.o
       124          0          0          0          0         88   fdiv.o
       110          0          0          0          0        168   fepilogue.o
        50          0          0          0          0         68   ffixi.o
        40          0          0          0          0         68   ffixui.o
        18          0          0          0          0         68   fflti.o
        10          0          0          0          0         68   ffltui.o
       100          0          0          0          0         76   fmul.o

    ----------------------------------------------------------------------
      6748        232        288          4          0       4204   Library Totals
        10          0          0          0          0          0   (incl. Padding)

    ----------------------------------------------------------------------

      Code (inc. data)   RO Data    RW Data    ZI Data      Debug   Library Name

      1868        124        288          0          0        948   m_ws.l
      2732        108          0          4          0       1220   mc_w.l
      2138          0          0          0          0       2036   mf_w.l

    ----------------------------------------------------------------------
      6748        232        288          4          0       4204   Library Totals

    ----------------------------------------------------------------------

==============================================================================


      Code (inc. data)   RO Data    RW Data    ZI Data      Debug   

     21832       4916      15848       4164      39204     577672   Grand Totals
     21832       4916      15848       3136      39204     577672   ELF Image Totals (compressed)
     21832       4916      15848       3136          0          0   ROM Totals

==============================================================================

    Total RO  Size (Code + RO Data)                37680 (  36.80kB)
    Total RW  Size (RW Data + ZI Data)             43368 (  42.35kB)
    Total ROM Size (Code + RO Data + RW Data)      40816 (  39.86kB)

==============================================================================

